{"model":"C:\\Users\\erena\\Desktop\\Nuclear Option Munitions Package\\cad\\phantom_visual_reboot\\src\\engine_bay_b2d.py::deployed","parent":null,"state":"building","phase":"generate","progress":null,"elapsed":0.0}
{"model":"C:\\Users\\erena\\Desktop\\Nuclear Option Munitions Package\\cad\\phantom_visual_reboot\\src\\engine_bay_b2d.py::deployed","parent":null,"state":"building","phase":"Building geometry","progress":null,"elapsed":0.078}
{"model":"C:\\Users\\erena\\Desktop\\Nuclear Option Munitions Package\\cad\\phantom_visual_reboot\\src\\engine_bay_b2d.py::deployed","parent":null,"state":"building","phase":"Collecting parts","progress":null,"elapsed":1.828}
{"model":"C:\\Users\\erena\\Desktop\\Nuclear Option Munitions Package\\cad\\phantom_visual_reboot\\src\\engine_bay_b2d.py::deployed","parent":null,"state":"building","phase":"Meshing components","progress":[0,41],"elapsed":1.89}
{"model":"C:\\Users\\erena\\Desktop\\Nuclear Option Munitions Package\\cad\\phantom_visual_reboot\\src\\engine_bay_b2d.py::deployed","parent":null,"state":"building","phase":"Meshing components","progress":[1,41],"elapsed":1.89}
{"model":"C:\\Users\\erena\\Desktop\\Nuclear Option Munitions Package\\cad\\phantom_visual_reboot\\src\\engine_bay_b2d.py::deployed","parent":null,"state":"building","phase":"Meshing components","progress":[2,41],"elapsed":1.89}
{"model":"C:\\Users\\erena\\Desktop\\Nuclear Option Munitions Package\\cad\\phantom_visual_reboot\\src\\engine_bay_b2d.py::deployed","parent":null,"state":"building","phase":"Meshing components","progress":[3,41],"elapsed":1.906}
{"model":"C:\\Users\\erena\\Desktop\\Nuclear Option Munitions Package\\cad\\phantom_visual_reboot\\src\\engine_bay_b2d.py::deployed","parent":null,"state":"building","phase":"Meshing components","progress":[4,41],"elapsed":1.906}
{"model":"C:\\Users\\erena\\Desktop\\Nuclear Option Munitions Package\\cad\\phantom_visual_reboot\\src\\engine_bay_b2d.py::deployed","parent":null,"state":"building","phase":"Meshing components","progress":[5,41],"elapsed":1.906}
{"model":"C:\\Users\\erena\\Desktop\\Nuclear Option Munitions Package\\cad\\phantom_visual_reboot\\src\\engine_bay_b2d.py::deployed","parent":null,"state":"building","phase":"Meshing components","progress":[6,41],"elapsed":1.906}
{"model":"C:\\Users\\erena\\Desktop\\Nuclear Option Munitions Package\\cad\\phantom_visual_reboot\\src\\engine_bay_b2d.py::deployed","parent":null,"state":"building","phase":"Meshing components","progress":[7,41],"elapsed":1.906}
{"model":"C:\\Users\\erena\\Desktop\\Nuclear Option Munitions Package\\cad\\phantom_visual_reboot\\src\\engine_bay_b2d.py::deployed","parent":null,"state":"building","phase":"Meshing components","progress":[8,41],"elapsed":1.921}
{"model":"C:\\Users\\erena\\Desktop\\Nuclear Option Munitions Package\\cad\\phantom_visual_reboot\\src\\engine_bay_b2d.py::deployed","parent":null,"state":"building","phase":"Meshing components","progress":[9,41],"elapsed":1.921}
{"model":"C:\\Users\\erena\\Desktop\\Nuclear Option Munitions Package\\cad\\phantom_visual_reboot\\src\\engine_bay_b2d.py::deployed","parent":null,"state":"building","phase":"Meshing components","progress":[10,41],"elapsed":1.921}
{"model":"C:\\Users\\erena\\Desktop\\Nuclear Option Munitions Package\\cad\\phantom_visual_reboot\\src\\engine_bay_b2d.py::deployed","parent":null,"state":"building","phase":"Meshing components","progress":[11,41],"elapsed":1.921}
{"model":"C:\\Users\\erena\\Desktop\\Nuclear Option Munitions Package\\cad\\phantom_visual_reboot\\src\\engine_bay_b2d.py::deployed","parent":null,"state":"building","phase":"Meshing components","progress":[12,41],"elapsed":1.921}
{"model":"C:\\Users\\erena\\Desktop\\Nuclear Option Munitions Package\\cad\\phantom_visual_reboot\\src\\engine_bay_b2d.py::deployed","parent":null,"state":"building","phase":"Meshing components","progress":[13,41],"elapsed":1.937}
{"model":"C:\\Users\\erena\\Desktop\\Nuclear Option Munitions Package\\cad\\phantom_visual_reboot\\src\\engine_bay_b2d.py::deployed","parent":null,"state":"building","phase":"Meshing components","progress":[14,41],"elapsed":1.937}
{"model":"C:\\Users\\erena\\Desktop\\Nuclear Option Munitions Package\\cad\\phantom_visual_reboot\\src\\engine_bay_b2d.py::deployed","parent":null,"state":"building","phase":"Meshing components","progress":[15,41],"elapsed":1.937}
{"model":"C:\\Users\\erena\\Desktop\\Nuclear Option Munitions Package\\cad\\phantom_visual_reboot\\src\\engine_bay_b2d.py::deployed","parent":null,"state":"building","phase":"Meshing components","progress":[16,41],"elapsed":1.937}
{"model":"C:\\Users\\erena\\Desktop\\Nuclear Option Munitions Package\\cad\\phantom_visual_reboot\\src\\engine_bay_b2d.py::deployed","parent":null,"state":"building","phase":"Meshing components","progress":[17,41],"elapsed":1.953}
{"model":"C:\\Users\\erena\\Desktop\\Nuclear Option Munitions Package\\cad\\phantom_visual_reboot\\src\\engine_bay_b2d.py::deployed","parent":null,"state":"building","phase":"Meshing components","progress":[18,41],"elapsed":1.953}
{"model":"C:\\Users\\erena\\Desktop\\Nuclear Option Munitions Package\\cad\\phantom_visual_reboot\\src\\engine_bay_b2d.py::deployed","parent":null,"state":"building","phase":"Meshing components","progress":[19,41],"elapsed":1.953}
{"model":"C:\\Users\\erena\\Desktop\\Nuclear Option Munitions Package\\cad\\phantom_visual_reboot\\src\\engine_bay_b2d.py::deployed","parent":null,"state":"building","phase":"Meshing components","progress":[20,41],"elapsed":1.968}
{"model":"C:\\Users\\erena\\Desktop\\Nuclear Option Munitions Package\\cad\\phantom_visual_reboot\\src\\engine_bay_b2d.py::deployed","parent":null,"state":"building","phase":"Meshing components","progress":[21,41],"elapsed":1.968}
{"model":"C:\\Users\\erena\\Desktop\\Nuclear Option Munitions Package\\cad\\phantom_visual_reboot\\src\\engine_bay_b2d.py::deployed","parent":null,"state":"building","phase":"Meshing components","progress":[22,41],"elapsed":1.968}
{"model":"C:\\Users\\erena\\Desktop\\Nuclear Option Munitions Package\\cad\\phantom_visual_reboot\\src\\engine_bay_b2d.py::deployed","parent":null,"state":"building","phase":"Meshing components","progress":[23,41],"elapsed":1.984}
{"model":"C:\\Users\\erena\\Desktop\\Nuclear Option Munitions Package\\cad\\phantom_visual_reboot\\src\\engine_bay_b2d.py::deployed","parent":null,"state":"building","phase":"Meshing components","progress":[24,41],"elapsed":1.984}
{"model":"C:\\Users\\erena\\Desktop\\Nuclear Option Munitions Package\\cad\\phantom_visual_reboot\\src\\engine_bay_b2d.py::deployed","parent":null,"state":"building","phase":"Meshing components","progress":[25,41],"elapsed":1.984}
{"model":"C:\\Users\\erena\\Desktop\\Nuclear Option Munitions Package\\cad\\phantom_visual_reboot\\src\\engine_bay_b2d.py::deployed","parent":null,"state":"building","phase":"Meshing components","progress":[26,41],"elapsed":2.0}
{"model":"C:\\Users\\erena\\Desktop\\Nuclear Option Munitions Package\\cad\\phantom_visual_reboot\\src\\engine_bay_b2d.py::deployed","parent":null,"state":"building","phase":"Meshing components","progress":[27,41],"elapsed":2.0}
{"model":"C:\\Users\\erena\\Desktop\\Nuclear Option Munitions Package\\cad\\phantom_visual_reboot\\src\\engine_bay_b2d.py::deployed","parent":null,"state":"building","phase":"Meshing components","progress":[28,41],"elapsed":2.015}
{"model":"C:\\Users\\erena\\Desktop\\Nuclear Option Munitions Package\\cad\\phantom_visual_reboot\\src\\engine_bay_b2d.py::deployed","parent":null,"state":"building","phase":"Meshing components","progress":[29,41],"elapsed":2.015}
{"model":"C:\\Users\\erena\\Desktop\\Nuclear Option Munitions Package\\cad\\phantom_visual_reboot\\src\\engine_bay_b2d.py::deployed","parent":null,"state":"building","phase":"Meshing components","progress":[30,41],"elapsed":2.015}
{"model":"C:\\Users\\erena\\Desktop\\Nuclear Option Munitions Package\\cad\\phantom_visual_reboot\\src\\engine_bay_b2d.py::deployed","parent":null,"state":"building","phase":"Meshing components","progress":[31,41],"elapsed":2.031}
{"model":"C:\\Users\\erena\\Desktop\\Nuclear Option Munitions Package\\cad\\phantom_visual_reboot\\src\\engine_bay_b2d.py::deployed","parent":null,"state":"building","phase":"Meshing components","progress":[32,41],"elapsed":2.031}
{"model":"C:\\Users\\erena\\Desktop\\Nuclear Option Munitions Package\\cad\\phantom_visual_reboot\\src\\engine_bay_b2d.py::deployed","parent":null,"state":"building","phase":"Meshing components","progress":[33,41],"elapsed":2.031}
{"model":"C:\\Users\\erena\\Desktop\\Nuclear Option Munitions Package\\cad\\phantom_visual_reboot\\src\\engine_bay_b2d.py::deployed","parent":null,"state":"building","phase":"Meshing components","progress":[34,41],"elapsed":2.046}
{"model":"C:\\Users\\erena\\Desktop\\Nuclear Option Munitions Package\\cad\\phantom_visual_reboot\\src\\engine_bay_b2d.py::deployed","parent":null,"state":"building","phase":"Meshing components","progress":[35,41],"elapsed":2.046}
{"model":"C:\\Users\\erena\\Desktop\\Nuclear Option Munitions Package\\cad\\phantom_visual_reboot\\src\\engine_bay_b2d.py::deployed","parent":null,"state":"building","phase":"Meshing components","progress":[36,41],"elapsed":2.046}
{"model":"C:\\Users\\erena\\Desktop\\Nuclear Option Munitions Package\\cad\\phantom_visual_reboot\\src\\engine_bay_b2d.py::deployed","parent":null,"state":"building","phase":"Meshing components","progress":[37,41],"elapsed":2.062}
{"model":"C:\\Users\\erena\\Desktop\\Nuclear Option Munitions Package\\cad\\phantom_visual_reboot\\src\\engine_bay_b2d.py::deployed","parent":null,"state":"building","phase":"Meshing components","progress":[38,41],"elapsed":2.062}
{"model":"C:\\Users\\erena\\Desktop\\Nuclear Option Munitions Package\\cad\\phantom_visual_reboot\\src\\engine_bay_b2d.py::deployed","parent":null,"state":"building","phase":"Meshing components","progress":[39,41],"elapsed":2.062}
{"model":"C:\\Users\\erena\\Desktop\\Nuclear Option Munitions Package\\cad\\phantom_visual_reboot\\src\\engine_bay_b2d.py::deployed","parent":null,"state":"building","phase":"Meshing components","progress":[40,41],"elapsed":2.078}
{"model":"C:\\Users\\erena\\Desktop\\Nuclear Option Munitions Package\\cad\\phantom_visual_reboot\\src\\engine_bay_b2d.py::deployed","parent":null,"state":"building","phase":"Meshing components","progress":[41,41],"elapsed":2.078}
{"model":"C:\\Users\\erena\\Desktop\\Nuclear Option Munitions Package\\cad\\phantom_visual_reboot\\src\\engine_bay_b2d.py::deployed","parent":null,"state":"building","phase":"Writing outputs","progress":null,"elapsed":2.078}
{"model":"C:\\Users\\erena\\Desktop\\Nuclear Option Munitions Package\\cad\\phantom_visual_reboot\\src\\engine_bay_b2d.py::deployed","parent":null,"state":"building","phase":"Source ready","progress":null,"elapsed":2.203}
{"model":"C:\\Users\\erena\\Desktop\\Nuclear Option Munitions Package\\cad\\phantom_visual_reboot\\src\\engine_bay_b2d.py::deployed","parent":null,"state":"building","phase":"Saving STEP","progress":null,"elapsed":2.218}
{"model":"C:\\Users\\erena\\Desktop\\Nuclear Option Munitions Package\\cad\\phantom_visual_reboot\\src\\engine_bay_b2d.py::deployed","parent":null,"state":"building","phase":"Collecting parts","progress":null,"elapsed":4.25}
{"model":"C:\\Users\\erena\\Desktop\\Nuclear Option Munitions Package\\cad\\phantom_visual_reboot\\src\\engine_bay_b2d.py::deployed","parent":null,"state":"building","phase":"Meshing components","progress":[0,37],"elapsed":4.296}
{"model":"C:\\Users\\erena\\Desktop\\Nuclear Option Munitions Package\\cad\\phantom_visual_reboot\\src\\engine_bay_b2d.py::deployed","parent":null,"state":"building","phase":"Meshing components","progress":[1,37],"elapsed":4.296}
{"model":"C:\\Users\\erena\\Desktop\\Nuclear Option Munitions Package\\cad\\phantom_visual_reboot\\src\\engine_bay_b2d.py::deployed","parent":null,"state":"building","phase":"Meshing components","progress":[2,37],"elapsed":4.296}
{"model":"C:\\Users\\erena\\Desktop\\Nuclear Option Munitions Package\\cad\\phantom_visual_reboot\\src\\engine_bay_b2d.py::deployed","parent":null,"state":"building","phase":"Meshing components","progress":[3,37],"elapsed":4.312}
{"model":"C:\\Users\\erena\\Desktop\\Nuclear Option Munitions Package\\cad\\phantom_visual_reboot\\src\\engine_bay_b2d.py::deployed","parent":null,"state":"building","phase":"Meshing components","progress":[4,37],"elapsed":4.312}
{"model":"C:\\Users\\erena\\Desktop\\Nuclear Option Munitions Package\\cad\\phantom_visual_reboot\\src\\engine_bay_b2d.py::deployed","parent":null,"state":"building","phase":"Meshing components","progress":[5,37],"elapsed":4.312}
{"model":"C:\\Users\\erena\\Desktop\\Nuclear Option Munitions Package\\cad\\phantom_visual_reboot\\src\\engine_bay_b2d.py::deployed","parent":null,"state":"building","phase":"Meshing components","progress":[6,37],"elapsed":4.312}
{"model":"C:\\Users\\erena\\Desktop\\Nuclear Option Munitions Package\\cad\\phantom_visual_reboot\\src\\engine_bay_b2d.py::deployed","parent":null,"state":"building","phase":"Meshing components","progress":[7,37],"elapsed":4.328}
{"model":"C:\\Users\\erena\\Desktop\\Nuclear Option Munitions Package\\cad\\phantom_visual_reboot\\src\\engine_bay_b2d.py::deployed","parent":null,"state":"building","phase":"Meshing components","progress":[8,37],"elapsed":4.328}
{"model":"C:\\Users\\erena\\Desktop\\Nuclear Option Munitions Package\\cad\\phantom_visual_reboot\\src\\engine_bay_b2d.py::deployed","parent":null,"state":"building","phase":"Meshing components","progress":[9,37],"elapsed":4.328}
{"model":"C:\\Users\\erena\\Desktop\\Nuclear Option Munitions Package\\cad\\phantom_visual_reboot\\src\\engine_bay_b2d.py::deployed","parent":null,"state":"building","phase":"Meshing components","progress":[10,37],"elapsed":4.343}
{"model":"C:\\Users\\erena\\Desktop\\Nuclear Option Munitions Package\\cad\\phantom_visual_reboot\\src\\engine_bay_b2d.py::deployed","parent":null,"state":"building","phase":"Meshing components","progress":[11,37],"elapsed":4.343}
{"model":"C:\\Users\\erena\\Desktop\\Nuclear Option Munitions Package\\cad\\phantom_visual_reboot\\src\\engine_bay_b2d.py::deployed","parent":null,"state":"building","phase":"Meshing components","progress":[12,37],"elapsed":4.343}
{"model":"C:\\Users\\erena\\Desktop\\Nuclear Option Munitions Package\\cad\\phantom_visual_reboot\\src\\engine_bay_b2d.py::deployed","parent":null,"state":"building","phase":"Meshing components","progress":[13,37],"elapsed":4.359}
{"model":"C:\\Users\\erena\\Desktop\\Nuclear Option Munitions Package\\cad\\phantom_visual_reboot\\src\\engine_bay_b2d.py::deployed","parent":null,"state":"building","phase":"Meshing components","progress":[14,37],"elapsed":4.359}
{"model":"C:\\Users\\erena\\Desktop\\Nuclear Option Munitions Package\\cad\\phantom_visual_reboot\\src\\engine_bay_b2d.py::deployed","parent":null,"state":"building","phase":"Meshing components","progress":[15,37],"elapsed":4.359}
{"model":"C:\\Users\\erena\\Desktop\\Nuclear Option Munitions Package\\cad\\phantom_visual_reboot\\src\\engine_bay_b2d.py::deployed","parent":null,"state":"building","phase":"Meshing components","progress":[16,37],"elapsed":4.359}
{"model":"C:\\Users\\erena\\Desktop\\Nuclear Option Munitions Package\\cad\\phantom_visual_reboot\\src\\engine_bay_b2d.py::deployed","parent":null,"state":"building","phase":"Meshing components","progress":[17,37],"elapsed":4.375}
{"model":"C:\\Users\\erena\\Desktop\\Nuclear Option Munitions Package\\cad\\phantom_visual_reboot\\src\\engine_bay_b2d.py::deployed","parent":null,"state":"building","phase":"Meshing components","progress":[18,37],"elapsed":4.375}
{"model":"C:\\Users\\erena\\Desktop\\Nuclear Option Munitions Package\\cad\\phantom_visual_reboot\\src\\engine_bay_b2d.py::deployed","parent":null,"state":"building","phase":"Meshing components","progress":[19,37],"elapsed":4.375}
{"model":"C:\\Users\\erena\\Desktop\\Nuclear Option Munitions Package\\cad\\phantom_visual_reboot\\src\\engine_bay_b2d.py::deployed","parent":null,"state":"building","phase":"Meshing components","progress":[20,37],"elapsed":4.375}
{"model":"C:\\Users\\erena\\Desktop\\Nuclear Option Munitions Package\\cad\\phantom_visual_reboot\\src\\engine_bay_b2d.py::deployed","parent":null,"state":"building","phase":"Meshing components","progress":[21,37],"elapsed":4.39}
{"model":"C:\\Users\\erena\\Desktop\\Nuclear Option Munitions Package\\cad\\phantom_visual_reboot\\src\\engine_bay_b2d.py::deployed","parent":null,"state":"building","phase":"Meshing components","progress":[22,37],"elapsed":4.39}
{"model":"C:\\Users\\erena\\Desktop\\Nuclear Option Munitions Package\\cad\\phantom_visual_reboot\\src\\engine_bay_b2d.py::deployed","parent":null,"state":"building","phase":"Meshing components","progress":[23,37],"elapsed":4.39}
{"model":"C:\\Users\\erena\\Desktop\\Nuclear Option Munitions Package\\cad\\phantom_visual_reboot\\src\\engine_bay_b2d.py::deployed","parent":null,"state":"building","phase":"Meshing components","progress":[24,37],"elapsed":4.406}
{"model":"C:\\Users\\erena\\Desktop\\Nuclear Option Munitions Package\\cad\\phantom_visual_reboot\\src\\engine_bay_b2d.py::deployed","parent":null,"state":"building","phase":"Meshing components","progress":[25,37],"elapsed":4.406}
{"model":"C:\\Users\\erena\\Desktop\\Nuclear Option Munitions Package\\cad\\phantom_visual_reboot\\src\\engine_bay_b2d.py::deployed","parent":null,"state":"building","phase":"Meshing components","progress":[26,37],"elapsed":4.406}
{"model":"C:\\Users\\erena\\Desktop\\Nuclear Option Munitions Package\\cad\\phantom_visual_reboot\\src\\engine_bay_b2d.py::deployed","parent":null,"state":"building","phase":"Meshing components","progress":[27,37],"elapsed":4.421}
{"model":"C:\\Users\\erena\\Desktop\\Nuclear Option Munitions Package\\cad\\phantom_visual_reboot\\src\\engine_bay_b2d.py::deployed","parent":null,"state":"building","phase":"Meshing components","progress":[28,37],"elapsed":4.421}
{"model":"C:\\Users\\erena\\Desktop\\Nuclear Option Munitions Package\\cad\\phantom_visual_reboot\\src\\engine_bay_b2d.py::deployed","parent":null,"state":"building","phase":"Meshing components","progress":[29,37],"elapsed":4.421}
{"model":"C:\\Users\\erena\\Desktop\\Nuclear Option Munitions Package\\cad\\phantom_visual_reboot\\src\\engine_bay_b2d.py::deployed","parent":null,"state":"building","phase":"Meshing components","progress":[30,37],"elapsed":4.437}
{"model":"C:\\Users\\erena\\Desktop\\Nuclear Option Munitions Package\\cad\\phantom_visual_reboot\\src\\engine_bay_b2d.py::deployed","parent":null,"state":"building","phase":"Meshing components","progress":[31,37],"elapsed":4.437}
{"model":"C:\\Users\\erena\\Desktop\\Nuclear Option Munitions Package\\cad\\phantom_visual_reboot\\src\\engine_bay_b2d.py::deployed","parent":null,"state":"building","phase":"Meshing components","progress":[32,37],"elapsed":4.437}
{"model":"C:\\Users\\erena\\Desktop\\Nuclear Option Munitions Package\\cad\\phantom_visual_reboot\\src\\engine_bay_b2d.py::deployed","parent":null,"state":"building","phase":"Meshing components","progress":[33,37],"elapsed":4.437}
{"model":"C:\\Users\\erena\\Desktop\\Nuclear Option Munitions Package\\cad\\phantom_visual_reboot\\src\\engine_bay_b2d.py::deployed","parent":null,"state":"building","phase":"Meshing components","progress":[34,37],"elapsed":4.453}
{"model":"C:\\Users\\erena\\Desktop\\Nuclear Option Munitions Package\\cad\\phantom_visual_reboot\\src\\engine_bay_b2d.py::deployed","parent":null,"state":"building","phase":"Meshing components","progress":[35,37],"elapsed":4.453}
{"model":"C:\\Users\\erena\\Desktop\\Nuclear Option Munitions Package\\cad\\phantom_visual_reboot\\src\\engine_bay_b2d.py::deployed","parent":null,"state":"building","phase":"Meshing components","progress":[36,37],"elapsed":4.453}
{"model":"C:\\Users\\erena\\Desktop\\Nuclear Option Munitions Package\\cad\\phantom_visual_reboot\\src\\engine_bay_b2d.py::deployed","parent":null,"state":"building","phase":"Meshing components","progress":[37,37],"elapsed":4.453}
{"model":"C:\\Users\\erena\\Desktop\\Nuclear Option Munitions Package\\cad\\phantom_visual_reboot\\src\\engine_bay_b2d.py::deployed","parent":null,"state":"building","phase":"Writing outputs","progress":null,"elapsed":4.468}
{"model":"C:\\Users\\erena\\Desktop\\Nuclear Option Munitions Package\\cad\\phantom_visual_reboot\\src\\engine_bay_b2d.py::deployed","parent":null,"state":"building","phase":"STEP saved","progress":null,"elapsed":4.656}
{"model":"C:\\Users\\erena\\Desktop\\Nuclear Option Munitions Package\\cad\\phantom_visual_reboot\\src\\engine_bay_b2d.py::deployed","parent":null,"state":"done","phase":"STEP saved","progress":null,"elapsed":4.744}
[cadgen] wrote STEP: C:/Users/erena/Desktop/Nuclear Option Munitions Package/cad/phantom_visual_reboot/STEP/S_EngineBay_B2D_Deployed_Cutaway.step
built C:/Users/erena/Desktop/Nuclear Option Munitions Package/cad/phantom_visual_reboot/STEP/S_EngineBay_B2D_Deployed_Cutaway.step
{"model":"C:\\Users\\erena\\Desktop\\Nuclear Option Munitions Package\\cad\\phantom_visual_reboot\\src\\engine_bay_b2d.py::stowed","parent":null,"state":"building","phase":"generate","progress":null,"elapsed":0.0}
{"model":"C:\\Users\\erena\\Desktop\\Nuclear Option Munitions Package\\cad\\phantom_visual_reboot\\src\\engine_bay_b2d.py::stowed","parent":null,"state":"building","phase":"Building geometry","progress":null,"elapsed":0.063}
{"model":"C:\\Users\\erena\\Desktop\\Nuclear Option Munitions Package\\cad\\phantom_visual_reboot\\src\\engine_bay_b2d.py::stowed","parent":null,"state":"building","phase":"Collecting parts","progress":null,"elapsed":1.61}
{"model":"C:\\Users\\erena\\Desktop\\Nuclear Option Munitions Package\\cad\\phantom_visual_reboot\\src\\engine_bay_b2d.py::stowed","parent":null,"state":"building","phase":"Meshing components","progress":[0,44],"elapsed":1.688}
{"model":"C:\\Users\\erena\\Desktop\\Nuclear Option Munitions Package\\cad\\phantom_visual_reboot\\src\\engine_bay_b2d.py::stowed","parent":null,"state":"building","phase":"Meshing components","progress":[1,44],"elapsed":1.703}
{"model":"C:\\Users\\erena\\Desktop\\Nuclear Option Munitions Package\\cad\\phantom_visual_reboot\\src\\engine_bay_b2d.py::stowed","parent":null,"state":"building","phase":"Meshing components","progress":[2,44],"elapsed":1.703}
{"model":"C:\\Users\\erena\\Desktop\\Nuclear Option Munitions Package\\cad\\phantom_visual_reboot\\src\\engine_bay_b2d.py::stowed","parent":null,"state":"building","phase":"Meshing components","progress":[3,44],"elapsed":1.703}
{"model":"C:\\Users\\erena\\Desktop\\Nuclear Option Munitions Package\\cad\\phantom_visual_reboot\\src\\engine_bay_b2d.py::stowed","parent":null,"state":"building","phase":"Meshing components","progress":[4,44],"elapsed":1.719}
{"model":"C:\\Users\\erena\\Desktop\\Nuclear Option Munitions Package\\cad\\phantom_visual_reboot\\src\\engine_bay_b2d.py::stowed","parent":null,"state":"building","phase":"Meshing components","progress":[5,44],"elapsed":1.719}
{"model":"C:\\Users\\erena\\Desktop\\Nuclear Option Munitions Package\\cad\\phantom_visual_reboot\\src\\engine_bay_b2d.py::stowed","parent":null,"state":"building","phase":"Meshing components","progress":[6,44],"elapsed":1.735}
{"model":"C:\\Users\\erena\\Desktop\\Nuclear Option Munitions Package\\cad\\phantom_visual_reboot\\src\\engine_bay_b2d.py::stowed","parent":null,"state":"building","phase":"Meshing components","progress":[7,44],"elapsed":1.735}
{"model":"C:\\Users\\erena\\Desktop\\Nuclear Option Munitions Package\\cad\\phantom_visual_reboot\\src\\engine_bay_b2d.py::stowed","parent":null,"state":"building","phase":"Meshing components","progress":[8,44],"elapsed":1.735}
{"model":"C:\\Users\\erena\\Desktop\\Nuclear Option Munitions Package\\cad\\phantom_visual_reboot\\src\\engine_bay_b2d.py::stowed","parent":null,"state":"building","phase":"Meshing components","progress":[9,44],"elapsed":1.75}
{"model":"C:\\Users\\erena\\Desktop\\Nuclear Option Munitions Package\\cad\\phantom_visual_reboot\\src\\engine_bay_b2d.py::stowed","parent":null,"state":"building","phase":"Meshing components","progress":[10,44],"elapsed":1.766}
{"model":"C:\\Users\\erena\\Desktop\\Nuclear Option Munitions Package\\cad\\phantom_visual_reboot\\src\\engine_bay_b2d.py::stowed","parent":null,"state":"building","phase":"Meshing components","progress":[11,44],"elapsed":1.766}
{"model":"C:\\Users\\erena\\Desktop\\Nuclear Option Munitions Package\\cad\\phantom_visual_reboot\\src\\engine_bay_b2d.py::stowed","parent":null,"state":"building","phase":"Meshing components","progress":[12,44],"elapsed":1.782}
{"model":"C:\\Users\\erena\\Desktop\\Nuclear Option Munitions Package\\cad\\phantom_visual_reboot\\src\\engine_bay_b2d.py::stowed","parent":null,"state":"building","phase":"Meshing components","progress":[13,44],"elapsed":1.797}
{"model":"C:\\Users\\erena\\Desktop\\Nuclear Option Munitions Package\\cad\\phantom_visual_reboot\\src\\engine_bay_b2d.py::stowed","parent":null,"state":"building","phase":"Meshing components","progress":[14,44],"elapsed":1.797}
{"model":"C:\\Users\\erena\\Desktop\\Nuclear Option Munitions Package\\cad\\phantom_visual_reboot\\src\\engine_bay_b2d.py::stowed","parent":null,"state":"building","phase":"Meshing components","progress":[15,44],"elapsed":1.813}
{"model":"C:\\Users\\erena\\Desktop\\Nuclear Option Munitions Package\\cad\\phantom_visual_reboot\\src\\engine_bay_b2d.py::stowed","parent":null,"state":"building","phase":"Meshing components","progress":[16,44],"elapsed":1.813}
{"model":"C:\\Users\\erena\\Desktop\\Nuclear Option Munitions Package\\cad\\phantom_visual_reboot\\src\\engine_bay_b2d.py::stowed","parent":null,"state":"building","phase":"Meshing components","progress":[17,44],"elapsed":1.828}
{"model":"C:\\Users\\erena\\Desktop\\Nuclear Option Munitions Package\\cad\\phantom_visual_reboot\\src\\engine_bay_b2d.py::stowed","parent":null,"state":"building","phase":"Meshing components","progress":[18,44],"elapsed":1.844}
{"model":"C:\\Users\\erena\\Desktop\\Nuclear Option Munitions Package\\cad\\phantom_visual_reboot\\src\\engine_bay_b2d.py::stowed","parent":null,"state":"building","phase":"Meshing components","progress":[19,44],"elapsed":1.844}
{"model":"C:\\Users\\erena\\Desktop\\Nuclear Option Munitions Package\\cad\\phantom_visual_reboot\\src\\engine_bay_b2d.py::stowed","parent":null,"state":"building","phase":"Meshing components","progress":[20,44],"elapsed":1.844}
{"model":"C:\\Users\\erena\\Desktop\\Nuclear Option Munitions Package\\cad\\phantom_visual_reboot\\src\\engine_bay_b2d.py::stowed","parent":null,"state":"building","phase":"Meshing components","progress":[21,44],"elapsed":1.86}
{"model":"C:\\Users\\erena\\Desktop\\Nuclear Option Munitions Package\\cad\\phantom_visual_reboot\\src\\engine_bay_b2d.py::stowed","parent":null,"state":"building","phase":"Meshing components","progress":[22,44],"elapsed":1.86}
{"model":"C:\\Users\\erena\\Desktop\\Nuclear Option Munitions Package\\cad\\phantom_visual_reboot\\src\\engine_bay_b2d.py::stowed","parent":null,"state":"building","phase":"Meshing components","progress":[23,44],"elapsed":1.875}
{"model":"C:\\Users\\erena\\Desktop\\Nuclear Option Munitions Package\\cad\\phantom_visual_reboot\\src\\engine_bay_b2d.py::stowed","parent":null,"state":"building","phase":"Meshing components","progress":[24,44],"elapsed":1.875}
{"model":"C:\\Users\\erena\\Desktop\\Nuclear Option Munitions Package\\cad\\phantom_visual_reboot\\src\\engine_bay_b2d.py::stowed","parent":null,"state":"building","phase":"Meshing components","progress":[25,44],"elapsed":1.891}
{"model":"C:\\Users\\erena\\Desktop\\Nuclear Option Munitions Package\\cad\\phantom_visual_reboot\\src\\engine_bay_b2d.py::stowed","parent":null,"state":"building","phase":"Meshing components","progress":[26,44],"elapsed":1.891}
{"model":"C:\\Users\\erena\\Desktop\\Nuclear Option Munitions Package\\cad\\phantom_visual_reboot\\src\\engine_bay_b2d.py::stowed","parent":null,"state":"building","phase":"Meshing components","progress":[27,44],"elapsed":1.907}
{"model":"C:\\Users\\erena\\Desktop\\Nuclear Option Munitions Package\\cad\\phantom_visual_reboot\\src\\engine_bay_b2d.py::stowed","parent":null,"state":"building","phase":"Meshing components","progress":[28,44],"elapsed":1.907}
{"model":"C:\\Users\\erena\\Desktop\\Nuclear Option Munitions Package\\cad\\phantom_visual_reboot\\src\\engine_bay_b2d.py::stowed","parent":null,"state":"building","phase":"Meshing components","progress":[29,44],"elapsed":1.922}
{"model":"C:\\Users\\erena\\Desktop\\Nuclear Option Munitions Package\\cad\\phantom_visual_reboot\\src\\engine_bay_b2d.py::stowed","parent":null,"state":"building","phase":"Meshing components","progress":[30,44],"elapsed":1.922}
{"model":"C:\\Users\\erena\\Desktop\\Nuclear Option Munitions Package\\cad\\phantom_visual_reboot\\src\\engine_bay_b2d.py::stowed","parent":null,"state":"building","phase":"Meshing components","progress":[31,44],"elapsed":1.938}
{"model":"C:\\Users\\erena\\Desktop\\Nuclear Option Munitions Package\\cad\\phantom_visual_reboot\\src\\engine_bay_b2d.py::stowed","parent":null,"state":"building","phase":"Meshing components","progress":[32,44],"elapsed":1.938}
{"model":"C:\\Users\\erena\\Desktop\\Nuclear Option Munitions Package\\cad\\phantom_visual_reboot\\src\\engine_bay_b2d.py::stowed","parent":null,"state":"building","phase":"Meshing components","progress":[33,44],"elapsed":1.953}
{"model":"C:\\Users\\erena\\Desktop\\Nuclear Option Munitions Package\\cad\\phantom_visual_reboot\\src\\engine_bay_b2d.py::stowed","parent":null,"state":"building","phase":"Meshing components","progress":[34,44],"elapsed":1.953}
{"model":"C:\\Users\\erena\\Desktop\\Nuclear Option Munitions Package\\cad\\phantom_visual_reboot\\src\\engine_bay_b2d.py::stowed","parent":null,"state":"building","phase":"Meshing components","progress":[35,44],"elapsed":1.969}
{"model":"C:\\Users\\erena\\Desktop\\Nuclear Option Munitions Package\\cad\\phantom_visual_reboot\\src\\engine_bay_b2d.py::stowed","parent":null,"state":"building","phase":"Meshing components","progress":[36,44],"elapsed":1.969}
{"model":"C:\\Users\\erena\\Desktop\\Nuclear Option Munitions Package\\cad\\phantom_visual_reboot\\src\\engine_bay_b2d.py::stowed","parent":null,"state":"building","phase":"Meshing components","progress":[37,44],"elapsed":1.969}
{"model":"C:\\Users\\erena\\Desktop\\Nuclear Option Munitions Package\\cad\\phantom_visual_reboot\\src\\engine_bay_b2d.py::stowed","parent":null,"state":"building","phase":"Meshing components","progress":[38,44],"elapsed":1.985}
{"model":"C:\\Users\\erena\\Desktop\\Nuclear Option Munitions Package\\cad\\phantom_visual_reboot\\src\\engine_bay_b2d.py::stowed","parent":null,"state":"building","phase":"Meshing components","progress":[39,44],"elapsed":1.985}
{"model":"C:\\Users\\erena\\Desktop\\Nuclear Option Munitions Package\\cad\\phantom_visual_reboot\\src\\engine_bay_b2d.py::stowed","parent":null,"state":"building","phase":"Meshing components","progress":[40,44],"elapsed":2.0}
{"model":"C:\\Users\\erena\\Desktop\\Nuclear Option Munitions Package\\cad\\phantom_visual_reboot\\src\\engine_bay_b2d.py::stowed","parent":null,"state":"building","phase":"Meshing components","progress":[41,44],"elapsed":2.0}
{"model":"C:\\Users\\erena\\Desktop\\Nuclear Option Munitions Package\\cad\\phantom_visual_reboot\\src\\engine_bay_b2d.py::stowed","parent":null,"state":"building","phase":"Meshing components","progress":[42,44],"elapsed":2.016}
{"model":"C:\\Users\\erena\\Desktop\\Nuclear Option Munitions Package\\cad\\phantom_visual_reboot\\src\\engine_bay_b2d.py::stowed","parent":null,"state":"building","phase":"Meshing components","progress":[43,44],"elapsed":2.032}
{"model":"C:\\Users\\erena\\Desktop\\Nuclear Option Munitions Package\\cad\\phantom_visual_reboot\\src\\engine_bay_b2d.py::stowed","parent":null,"state":"building","phase":"Meshing components","progress":[44,44],"elapsed":2.032}
{"model":"C:\\Users\\erena\\Desktop\\Nuclear Option Munitions Package\\cad\\phantom_visual_reboot\\src\\engine_bay_b2d.py::stowed","parent":null,"state":"building","phase":"Writing outputs","progress":null,"elapsed":2.047}
{"model":"C:\\Users\\erena\\Desktop\\Nuclear Option Munitions Package\\cad\\phantom_visual_reboot\\src\\engine_bay_b2d.py::stowed","parent":null,"state":"building","phase":"Source ready","progress":null,"elapsed":2.078}
{"model":"C:\\Users\\erena\\Desktop\\Nuclear Option Munitions Package\\cad\\phantom_visual_reboot\\src\\engine_bay_b2d.py::stowed","parent":null,"state":"building","phase":"Saving STEP","progress":null,"elapsed":2.078}
{"model":"C:\\Users\\erena\\Desktop\\Nuclear Option Munitions Package\\cad\\phantom_visual_reboot\\src\\engine_bay_b2d.py::stowed","parent":null,"state":"building","phase":"Collecting parts","progress":null,"elapsed":3.938}
{"model":"C:\\Users\\erena\\Desktop\\Nuclear Option Munitions Package\\cad\\phantom_visual_reboot\\src\\engine_bay_b2d.py::stowed","parent":null,"state":"building","phase":"Meshing components","progress":[0,41],"elapsed":3.953}
{"model":"C:\\Users\\erena\\Desktop\\Nuclear Option Munitions Package\\cad\\phantom_visual_reboot\\src\\engine_bay_b2d.py::stowed","parent":null,"state":"building","phase":"Meshing components","progress":[1,41],"elapsed":3.953}
{"model":"C:\\Users\\erena\\Desktop\\Nuclear Option Munitions Package\\cad\\phantom_visual_reboot\\src\\engine_bay_b2d.py::stowed","parent":null,"state":"building","phase":"Meshing components","progress":[2,41],"elapsed":3.969}
{"model":"C:\\Users\\erena\\Desktop\\Nuclear Option Munitions Package\\cad\\phantom_visual_reboot\\src\\engine_bay_b2d.py::stowed","parent":null,"state":"building","phase":"Meshing components","progress":[3,41],"elapsed":3.969}
{"model":"C:\\Users\\erena\\Desktop\\Nuclear Option Munitions Package\\cad\\phantom_visual_reboot\\src\\engine_bay_b2d.py::stowed","parent":null,"state":"building","phase":"Meshing components","progress":[4,41],"elapsed":3.969}
{"model":"C:\\Users\\erena\\Desktop\\Nuclear Option Munitions Package\\cad\\phantom_visual_reboot\\src\\engine_bay_b2d.py::stowed","parent":null,"state":"building","phase":"Meshing components","progress":[5,41],"elapsed":3.985}
{"model":"C:\\Users\\erena\\Desktop\\Nuclear Option Munitions Package\\cad\\phantom_visual_reboot\\src\\engine_bay_b2d.py::stowed","parent":null,"state":"building","phase":"Meshing components","progress":[6,41],"elapsed":3.985}
{"model":"C:\\Users\\erena\\Desktop\\Nuclear Option Munitions Package\\cad\\phantom_visual_reboot\\src\\engine_bay_b2d.py::stowed","parent":null,"state":"building","phase":"Meshing components","progress":[7,41],"elapsed":3.985}
{"model":"C:\\Users\\erena\\Desktop\\Nuclear Option Munitions Package\\cad\\phantom_visual_reboot\\src\\engine_bay_b2d.py::stowed","parent":null,"state":"building","phase":"Meshing components","progress":[8,41],"elapsed":4.0}
{"model":"C:\\Users\\erena\\Desktop\\Nuclear Option Munitions Package\\cad\\phantom_visual_reboot\\src\\engine_bay_b2d.py::stowed","parent":null,"state":"building","phase":"Meshing components","progress":[9,41],"elapsed":4.0}
{"model":"C:\\Users\\erena\\Desktop\\Nuclear Option Munitions Package\\cad\\phantom_visual_reboot\\src\\engine_bay_b2d.py::stowed","parent":null,"state":"building","phase":"Meshing components","progress":[10,41],"elapsed":4.0}
{"model":"C:\\Users\\erena\\Desktop\\Nuclear Option Munitions Package\\cad\\phantom_visual_reboot\\src\\engine_bay_b2d.py::stowed","parent":null,"state":"building","phase":"Meshing components","progress":[11,41],"elapsed":4.016}
{"model":"C:\\Users\\erena\\Desktop\\Nuclear Option Munitions Package\\cad\\phantom_visual_reboot\\src\\engine_bay_b2d.py::stowed","parent":null,"state":"building","phase":"Meshing components","progress":[12,41],"elapsed":4.016}
{"model":"C:\\Users\\erena\\Desktop\\Nuclear Option Munitions Package\\cad\\phantom_visual_reboot\\src\\engine_bay_b2d.py::stowed","parent":null,"state":"building","phase":"Meshing components","progress":[13,41],"elapsed":4.032}
{"model":"C:\\Users\\erena\\Desktop\\Nuclear Option Munitions Package\\cad\\phantom_visual_reboot\\src\\engine_bay_b2d.py::stowed","parent":null,"state":"building","phase":"Meshing components","progress":[14,41],"elapsed":4.032}
{"model":"C:\\Users\\erena\\Desktop\\Nuclear Option Munitions Package\\cad\\phantom_visual_reboot\\src\\engine_bay_b2d.py::stowed","parent":null,"state":"building","phase":"Meshing components","progress":[15,41],"elapsed":4.047}
{"model":"C:\\Users\\erena\\Desktop\\Nuclear Option Munitions Package\\cad\\phantom_visual_reboot\\src\\engine_bay_b2d.py::stowed","parent":null,"state":"building","phase":"Meshing components","progress":[16,41],"elapsed":4.047}
{"model":"C:\\Users\\erena\\Desktop\\Nuclear Option Munitions Package\\cad\\phantom_visual_reboot\\src\\engine_bay_b2d.py::stowed","parent":null,"state":"building","phase":"Meshing components","progress":[17,41],"elapsed":4.047}
{"model":"C:\\Users\\erena\\Desktop\\Nuclear Option Munitions Package\\cad\\phantom_visual_reboot\\src\\engine_bay_b2d.py::stowed","parent":null,"state":"building","phase":"Meshing components","progress":[18,41],"elapsed":4.063}
{"model":"C:\\Users\\erena\\Desktop\\Nuclear Option Munitions Package\\cad\\phantom_visual_reboot\\src\\engine_bay_b2d.py::stowed","parent":null,"state":"building","phase":"Meshing components","progress":[19,41],"elapsed":4.078}
{"model":"C:\\Users\\erena\\Desktop\\Nuclear Option Munitions Package\\cad\\phantom_visual_reboot\\src\\engine_bay_b2d.py::stowed","parent":null,"state":"building","phase":"Meshing components","progress":[20,41],"elapsed":4.078}
{"model":"C:\\Users\\erena\\Desktop\\Nuclear Option Munitions Package\\cad\\phantom_visual_reboot\\src\\engine_bay_b2d.py::stowed","parent":null,"state":"building","phase":"Meshing components","progress":[21,41],"elapsed":4.094}
{"model":"C:\\Users\\erena\\Desktop\\Nuclear Option Munitions Package\\cad\\phantom_visual_reboot\\src\\engine_bay_b2d.py::stowed","parent":null,"state":"building","phase":"Meshing components","progress":[22,41],"elapsed":4.094}
{"model":"C:\\Users\\erena\\Desktop\\Nuclear Option Munitions Package\\cad\\phantom_visual_reboot\\src\\engine_bay_b2d.py::stowed","parent":null,"state":"building","phase":"Meshing components","progress":[23,41],"elapsed":4.094}
{"model":"C:\\Users\\erena\\Desktop\\Nuclear Option Munitions Package\\cad\\phantom_visual_reboot\\src\\engine_bay_b2d.py::stowed","parent":null,"state":"building","phase":"Meshing components","progress":[24,41],"elapsed":4.11}
{"model":"C:\\Users\\erena\\Desktop\\Nuclear Option Munitions Package\\cad\\phantom_visual_reboot\\src\\engine_bay_b2d.py::stowed","parent":null,"state":"building","phase":"Meshing components","progress":[25,41],"elapsed":4.11}
{"model":"C:\\Users\\erena\\Desktop\\Nuclear Option Munitions Package\\cad\\phantom_visual_reboot\\src\\engine_bay_b2d.py::stowed","parent":null,"state":"building","phase":"Meshing components","progress":[26,41],"elapsed":4.125}
{"model":"C:\\Users\\erena\\Desktop\\Nuclear Option Munitions Package\\cad\\phantom_visual_reboot\\src\\engine_bay_b2d.py::stowed","parent":null,"state":"building","phase":"Meshing components","progress":[27,41],"elapsed":4.125}
{"model":"C:\\Users\\erena\\Desktop\\Nuclear Option Munitions Package\\cad\\phantom_visual_reboot\\src\\engine_bay_b2d.py::stowed","parent":null,"state":"building","phase":"Meshing components","progress":[28,41],"elapsed":4.141}
{"model":"C:\\Users\\erena\\Desktop\\Nuclear Option Munitions Package\\cad\\phantom_visual_reboot\\src\\engine_bay_b2d.py::stowed","parent":null,"state":"building","phase":"Meshing components","progress":[29,41],"elapsed":4.141}
{"model":"C:\\Users\\erena\\Desktop\\Nuclear Option Munitions Package\\cad\\phantom_visual_reboot\\src\\engine_bay_b2d.py::stowed","parent":null,"state":"building","phase":"Meshing components","progress":[30,41],"elapsed":4.157}
{"model":"C:\\Users\\erena\\Desktop\\Nuclear Option Munitions Package\\cad\\phantom_visual_reboot\\src\\engine_bay_b2d.py::stowed","parent":null,"state":"building","phase":"Meshing components","progress":[31,41],"elapsed":4.157}
{"model":"C:\\Users\\erena\\Desktop\\Nuclear Option Munitions Package\\cad\\phantom_visual_reboot\\src\\engine_bay_b2d.py::stowed","parent":null,"state":"building","phase":"Meshing components","progress":[32,41],"elapsed":4.157}
{"model":"C:\\Users\\erena\\Desktop\\Nuclear Option Munitions Package\\cad\\phantom_visual_reboot\\src\\engine_bay_b2d.py::stowed","parent":null,"state":"building","phase":"Meshing components","progress":[33,41],"elapsed":4.172}
{"model":"C:\\Users\\erena\\Desktop\\Nuclear Option Munitions Package\\cad\\phantom_visual_reboot\\src\\engine_bay_b2d.py::stowed","parent":null,"state":"building","phase":"Meshing components","progress":[34,41],"elapsed":4.172}
{"model":"C:\\Users\\erena\\Desktop\\Nuclear Option Munitions Package\\cad\\phantom_visual_reboot\\src\\engine_bay_b2d.py::stowed","parent":null,"state":"building","phase":"Meshing components","progress":[35,41],"elapsed":4.188}
{"model":"C:\\Users\\erena\\Desktop\\Nuclear Option Munitions Package\\cad\\phantom_visual_reboot\\src\\engine_bay_b2d.py::stowed","parent":null,"state":"building","phase":"Meshing components","progress":[36,41],"elapsed":4.188}
{"model":"C:\\Users\\erena\\Desktop\\Nuclear Option Munitions Package\\cad\\phantom_visual_reboot\\src\\engine_bay_b2d.py::stowed","parent":null,"state":"building","phase":"Meshing components","progress":[37,41],"elapsed":4.203}
{"model":"C:\\Users\\erena\\Desktop\\Nuclear Option Munitions Package\\cad\\phantom_visual_reboot\\src\\engine_bay_b2d.py::stowed","parent":null,"state":"building","phase":"Meshing components","progress":[38,41],"elapsed":4.203}
{"model":"C:\\Users\\erena\\Desktop\\Nuclear Option Munitions Package\\cad\\phantom_visual_reboot\\src\\engine_bay_b2d.py::stowed","parent":null,"state":"building","phase":"Meshing components","progress":[39,41],"elapsed":4.203}
{"model":"C:\\Users\\erena\\Desktop\\Nuclear Option Munitions Package\\cad\\phantom_visual_reboot\\src\\engine_bay_b2d.py::stowed","parent":null,"state":"building","phase":"Meshing components","progress":[40,41],"elapsed":4.219}
{"model":"C:\\Users\\erena\\Desktop\\Nuclear Option Munitions Package\\cad\\phantom_visual_reboot\\src\\engine_bay_b2d.py::stowed","parent":null,"state":"building","phase":"Meshing components","progress":[41,41],"elapsed":4.219}
{"model":"C:\\Users\\erena\\Desktop\\Nuclear Option Munitions Package\\cad\\phantom_visual_reboot\\src\\engine_bay_b2d.py::stowed","parent":null,"state":"building","phase":"Writing outputs","progress":null,"elapsed":4.235}
{"model":"C:\\Users\\erena\\Desktop\\Nuclear Option Munitions Package\\cad\\phantom_visual_reboot\\src\\engine_bay_b2d.py::stowed","parent":null,"state":"building","phase":"STEP saved","progress":null,"elapsed":4.282}
{"model":"C:\\Users\\erena\\Desktop\\Nuclear Option Munitions Package\\cad\\phantom_visual_reboot\\src\\engine_bay_b2d.py::stowed","parent":null,"state":"done","phase":"STEP saved","progress":null,"elapsed":4.398}
[cadgen] wrote STEP: C:/Users/erena/Desktop/Nuclear Option Munitions Package/cad/phantom_visual_reboot/STEP/S_EngineBay_B2D_Stowed_Cutaway.step
built C:/Users/erena/Desktop/Nuclear Option Munitions Package/cad/phantom_visual_reboot/STEP/S_EngineBay_B2D_Stowed_Cutaway.step
