{"model":"C:\\Users\\erena\\Desktop\\Nuclear Option Munitions Package\\cad\\phantom_visual_reboot\\src\\engine_bay_b2e.py::deployed","parent":null,"state":"building","phase":"generate","progress":null,"elapsed":0.0}
{"model":"C:\\Users\\erena\\Desktop\\Nuclear Option Munitions Package\\cad\\phantom_visual_reboot\\src\\engine_bay_b2e.py::deployed","parent":null,"state":"building","phase":"Building geometry","progress":null,"elapsed":0.015}
{"model":"C:\\Users\\erena\\Desktop\\Nuclear Option Munitions Package\\cad\\phantom_visual_reboot\\src\\engine_bay_b2e.py::deployed","parent":null,"state":"building","phase":"Collecting parts","progress":null,"elapsed":5.218}
{"model":"C:\\Users\\erena\\Desktop\\Nuclear Option Munitions Package\\cad\\phantom_visual_reboot\\src\\engine_bay_b2e.py::deployed","parent":null,"state":"building","phase":"Meshing components","progress":[0,41],"elapsed":5.328}
{"model":"C:\\Users\\erena\\Desktop\\Nuclear Option Munitions Package\\cad\\phantom_visual_reboot\\src\\engine_bay_b2e.py::deployed","parent":null,"state":"building","phase":"Meshing components","progress":[1,41],"elapsed":5.328}
{"model":"C:\\Users\\erena\\Desktop\\Nuclear Option Munitions Package\\cad\\phantom_visual_reboot\\src\\engine_bay_b2e.py::deployed","parent":null,"state":"building","phase":"Meshing components","progress":[2,41],"elapsed":5.343}
{"model":"C:\\Users\\erena\\Desktop\\Nuclear Option Munitions Package\\cad\\phantom_visual_reboot\\src\\engine_bay_b2e.py::deployed","parent":null,"state":"building","phase":"Meshing components","progress":[3,41],"elapsed":5.343}
{"model":"C:\\Users\\erena\\Desktop\\Nuclear Option Munitions Package\\cad\\phantom_visual_reboot\\src\\engine_bay_b2e.py::deployed","parent":null,"state":"building","phase":"Meshing components","progress":[4,41],"elapsed":5.359}
{"model":"C:\\Users\\erena\\Desktop\\Nuclear Option Munitions Package\\cad\\phantom_visual_reboot\\src\\engine_bay_b2e.py::deployed","parent":null,"state":"building","phase":"Meshing components","progress":[5,41],"elapsed":5.359}
{"model":"C:\\Users\\erena\\Desktop\\Nuclear Option Munitions Package\\cad\\phantom_visual_reboot\\src\\engine_bay_b2e.py::deployed","parent":null,"state":"building","phase":"Meshing components","progress":[6,41],"elapsed":5.375}
{"model":"C:\\Users\\erena\\Desktop\\Nuclear Option Munitions Package\\cad\\phantom_visual_reboot\\src\\engine_bay_b2e.py::deployed","parent":null,"state":"building","phase":"Meshing components","progress":[7,41],"elapsed":5.375}
{"model":"C:\\Users\\erena\\Desktop\\Nuclear Option Munitions Package\\cad\\phantom_visual_reboot\\src\\engine_bay_b2e.py::deployed","parent":null,"state":"building","phase":"Meshing components","progress":[8,41],"elapsed":5.39}
{"model":"C:\\Users\\erena\\Desktop\\Nuclear Option Munitions Package\\cad\\phantom_visual_reboot\\src\\engine_bay_b2e.py::deployed","parent":null,"state":"building","phase":"Meshing components","progress":[9,41],"elapsed":5.39}
{"model":"C:\\Users\\erena\\Desktop\\Nuclear Option Munitions Package\\cad\\phantom_visual_reboot\\src\\engine_bay_b2e.py::deployed","parent":null,"state":"building","phase":"Meshing components","progress":[10,41],"elapsed":5.406}
{"model":"C:\\Users\\erena\\Desktop\\Nuclear Option Munitions Package\\cad\\phantom_visual_reboot\\src\\engine_bay_b2e.py::deployed","parent":null,"state":"building","phase":"Meshing components","progress":[11,41],"elapsed":5.406}
{"model":"C:\\Users\\erena\\Desktop\\Nuclear Option Munitions Package\\cad\\phantom_visual_reboot\\src\\engine_bay_b2e.py::deployed","parent":null,"state":"building","phase":"Meshing components","progress":[12,41],"elapsed":5.421}
{"model":"C:\\Users\\erena\\Desktop\\Nuclear Option Munitions Package\\cad\\phantom_visual_reboot\\src\\engine_bay_b2e.py::deployed","parent":null,"state":"building","phase":"Meshing components","progress":[13,41],"elapsed":5.421}
{"model":"C:\\Users\\erena\\Desktop\\Nuclear Option Munitions Package\\cad\\phantom_visual_reboot\\src\\engine_bay_b2e.py::deployed","parent":null,"state":"building","phase":"Meshing components","progress":[14,41],"elapsed":5.437}
{"model":"C:\\Users\\erena\\Desktop\\Nuclear Option Munitions Package\\cad\\phantom_visual_reboot\\src\\engine_bay_b2e.py::deployed","parent":null,"state":"building","phase":"Meshing components","progress":[15,41],"elapsed":5.453}
{"model":"C:\\Users\\erena\\Desktop\\Nuclear Option Munitions Package\\cad\\phantom_visual_reboot\\src\\engine_bay_b2e.py::deployed","parent":null,"state":"building","phase":"Meshing components","progress":[16,41],"elapsed":5.453}
{"model":"C:\\Users\\erena\\Desktop\\Nuclear Option Munitions Package\\cad\\phantom_visual_reboot\\src\\engine_bay_b2e.py::deployed","parent":null,"state":"building","phase":"Meshing components","progress":[17,41],"elapsed":5.468}
{"model":"C:\\Users\\erena\\Desktop\\Nuclear Option Munitions Package\\cad\\phantom_visual_reboot\\src\\engine_bay_b2e.py::deployed","parent":null,"state":"building","phase":"Meshing components","progress":[18,41],"elapsed":5.468}
{"model":"C:\\Users\\erena\\Desktop\\Nuclear Option Munitions Package\\cad\\phantom_visual_reboot\\src\\engine_bay_b2e.py::deployed","parent":null,"state":"building","phase":"Meshing components","progress":[19,41],"elapsed":5.484}
{"model":"C:\\Users\\erena\\Desktop\\Nuclear Option Munitions Package\\cad\\phantom_visual_reboot\\src\\engine_bay_b2e.py::deployed","parent":null,"state":"building","phase":"Meshing components","progress":[20,41],"elapsed":5.5}
{"model":"C:\\Users\\erena\\Desktop\\Nuclear Option Munitions Package\\cad\\phantom_visual_reboot\\src\\engine_bay_b2e.py::deployed","parent":null,"state":"building","phase":"Meshing components","progress":[21,41],"elapsed":5.5}
{"model":"C:\\Users\\erena\\Desktop\\Nuclear Option Munitions Package\\cad\\phantom_visual_reboot\\src\\engine_bay_b2e.py::deployed","parent":null,"state":"building","phase":"Meshing components","progress":[22,41],"elapsed":5.515}
{"model":"C:\\Users\\erena\\Desktop\\Nuclear Option Munitions Package\\cad\\phantom_visual_reboot\\src\\engine_bay_b2e.py::deployed","parent":null,"state":"building","phase":"Meshing components","progress":[23,41],"elapsed":5.531}
{"model":"C:\\Users\\erena\\Desktop\\Nuclear Option Munitions Package\\cad\\phantom_visual_reboot\\src\\engine_bay_b2e.py::deployed","parent":null,"state":"building","phase":"Meshing components","progress":[24,41],"elapsed":5.546}
{"model":"C:\\Users\\erena\\Desktop\\Nuclear Option Munitions Package\\cad\\phantom_visual_reboot\\src\\engine_bay_b2e.py::deployed","parent":null,"state":"building","phase":"Meshing components","progress":[25,41],"elapsed":5.546}
{"model":"C:\\Users\\erena\\Desktop\\Nuclear Option Munitions Package\\cad\\phantom_visual_reboot\\src\\engine_bay_b2e.py::deployed","parent":null,"state":"building","phase":"Meshing components","progress":[26,41],"elapsed":5.562}
{"model":"C:\\Users\\erena\\Desktop\\Nuclear Option Munitions Package\\cad\\phantom_visual_reboot\\src\\engine_bay_b2e.py::deployed","parent":null,"state":"building","phase":"Meshing components","progress":[27,41],"elapsed":5.578}
{"model":"C:\\Users\\erena\\Desktop\\Nuclear Option Munitions Package\\cad\\phantom_visual_reboot\\src\\engine_bay_b2e.py::deployed","parent":null,"state":"building","phase":"Meshing components","progress":[28,41],"elapsed":5.578}
{"model":"C:\\Users\\erena\\Desktop\\Nuclear Option Munitions Package\\cad\\phantom_visual_reboot\\src\\engine_bay_b2e.py::deployed","parent":null,"state":"building","phase":"Meshing components","progress":[29,41],"elapsed":5.593}
{"model":"C:\\Users\\erena\\Desktop\\Nuclear Option Munitions Package\\cad\\phantom_visual_reboot\\src\\engine_bay_b2e.py::deployed","parent":null,"state":"building","phase":"Meshing components","progress":[30,41],"elapsed":5.593}
{"model":"C:\\Users\\erena\\Desktop\\Nuclear Option Munitions Package\\cad\\phantom_visual_reboot\\src\\engine_bay_b2e.py::deployed","parent":null,"state":"building","phase":"Meshing components","progress":[31,41],"elapsed":5.609}
{"model":"C:\\Users\\erena\\Desktop\\Nuclear Option Munitions Package\\cad\\phantom_visual_reboot\\src\\engine_bay_b2e.py::deployed","parent":null,"state":"building","phase":"Meshing components","progress":[32,41],"elapsed":5.609}
{"model":"C:\\Users\\erena\\Desktop\\Nuclear Option Munitions Package\\cad\\phantom_visual_reboot\\src\\engine_bay_b2e.py::deployed","parent":null,"state":"building","phase":"Meshing components","progress":[33,41],"elapsed":5.625}
{"model":"C:\\Users\\erena\\Desktop\\Nuclear Option Munitions Package\\cad\\phantom_visual_reboot\\src\\engine_bay_b2e.py::deployed","parent":null,"state":"building","phase":"Meshing components","progress":[34,41],"elapsed":5.625}
{"model":"C:\\Users\\erena\\Desktop\\Nuclear Option Munitions Package\\cad\\phantom_visual_reboot\\src\\engine_bay_b2e.py::deployed","parent":null,"state":"building","phase":"Meshing components","progress":[35,41],"elapsed":5.64}
{"model":"C:\\Users\\erena\\Desktop\\Nuclear Option Munitions Package\\cad\\phantom_visual_reboot\\src\\engine_bay_b2e.py::deployed","parent":null,"state":"building","phase":"Meshing components","progress":[36,41],"elapsed":5.64}
{"model":"C:\\Users\\erena\\Desktop\\Nuclear Option Munitions Package\\cad\\phantom_visual_reboot\\src\\engine_bay_b2e.py::deployed","parent":null,"state":"building","phase":"Meshing components","progress":[37,41],"elapsed":5.656}
{"model":"C:\\Users\\erena\\Desktop\\Nuclear Option Munitions Package\\cad\\phantom_visual_reboot\\src\\engine_bay_b2e.py::deployed","parent":null,"state":"building","phase":"Meshing components","progress":[38,41],"elapsed":5.656}
{"model":"C:\\Users\\erena\\Desktop\\Nuclear Option Munitions Package\\cad\\phantom_visual_reboot\\src\\engine_bay_b2e.py::deployed","parent":null,"state":"building","phase":"Meshing components","progress":[39,41],"elapsed":5.671}
{"model":"C:\\Users\\erena\\Desktop\\Nuclear Option Munitions Package\\cad\\phantom_visual_reboot\\src\\engine_bay_b2e.py::deployed","parent":null,"state":"building","phase":"Meshing components","progress":[40,41],"elapsed":5.671}
{"model":"C:\\Users\\erena\\Desktop\\Nuclear Option Munitions Package\\cad\\phantom_visual_reboot\\src\\engine_bay_b2e.py::deployed","parent":null,"state":"building","phase":"Meshing components","progress":[41,41],"elapsed":5.687}
{"model":"C:\\Users\\erena\\Desktop\\Nuclear Option Munitions Package\\cad\\phantom_visual_reboot\\src\\engine_bay_b2e.py::deployed","parent":null,"state":"building","phase":"Writing outputs","progress":null,"elapsed":5.687}
{"model":"C:\\Users\\erena\\Desktop\\Nuclear Option Munitions Package\\cad\\phantom_visual_reboot\\src\\engine_bay_b2e.py::deployed","parent":null,"state":"building","phase":"Source ready","progress":null,"elapsed":6.187}
{"model":"C:\\Users\\erena\\Desktop\\Nuclear Option Munitions Package\\cad\\phantom_visual_reboot\\src\\engine_bay_b2e.py::deployed","parent":null,"state":"building","phase":"Saving STEP","progress":null,"elapsed":6.187}
{"model":"C:\\Users\\erena\\Desktop\\Nuclear Option Munitions Package\\cad\\phantom_visual_reboot\\src\\engine_bay_b2e.py::deployed","parent":null,"state":"building","phase":"Collecting parts","progress":null,"elapsed":8.203}
{"model":"C:\\Users\\erena\\Desktop\\Nuclear Option Munitions Package\\cad\\phantom_visual_reboot\\src\\engine_bay_b2e.py::deployed","parent":null,"state":"building","phase":"Meshing components","progress":[0,37],"elapsed":8.265}
{"model":"C:\\Users\\erena\\Desktop\\Nuclear Option Munitions Package\\cad\\phantom_visual_reboot\\src\\engine_bay_b2e.py::deployed","parent":null,"state":"building","phase":"Meshing components","progress":[1,37],"elapsed":8.281}
{"model":"C:\\Users\\erena\\Desktop\\Nuclear Option Munitions Package\\cad\\phantom_visual_reboot\\src\\engine_bay_b2e.py::deployed","parent":null,"state":"building","phase":"Meshing components","progress":[2,37],"elapsed":8.281}
{"model":"C:\\Users\\erena\\Desktop\\Nuclear Option Munitions Package\\cad\\phantom_visual_reboot\\src\\engine_bay_b2e.py::deployed","parent":null,"state":"building","phase":"Meshing components","progress":[3,37],"elapsed":8.296}
{"model":"C:\\Users\\erena\\Desktop\\Nuclear Option Munitions Package\\cad\\phantom_visual_reboot\\src\\engine_bay_b2e.py::deployed","parent":null,"state":"building","phase":"Meshing components","progress":[4,37],"elapsed":8.296}
{"model":"C:\\Users\\erena\\Desktop\\Nuclear Option Munitions Package\\cad\\phantom_visual_reboot\\src\\engine_bay_b2e.py::deployed","parent":null,"state":"building","phase":"Meshing components","progress":[5,37],"elapsed":8.312}
{"model":"C:\\Users\\erena\\Desktop\\Nuclear Option Munitions Package\\cad\\phantom_visual_reboot\\src\\engine_bay_b2e.py::deployed","parent":null,"state":"building","phase":"Meshing components","progress":[6,37],"elapsed":8.328}
{"model":"C:\\Users\\erena\\Desktop\\Nuclear Option Munitions Package\\cad\\phantom_visual_reboot\\src\\engine_bay_b2e.py::deployed","parent":null,"state":"building","phase":"Meshing components","progress":[7,37],"elapsed":8.328}
{"model":"C:\\Users\\erena\\Desktop\\Nuclear Option Munitions Package\\cad\\phantom_visual_reboot\\src\\engine_bay_b2e.py::deployed","parent":null,"state":"building","phase":"Meshing components","progress":[8,37],"elapsed":8.343}
{"model":"C:\\Users\\erena\\Desktop\\Nuclear Option Munitions Package\\cad\\phantom_visual_reboot\\src\\engine_bay_b2e.py::deployed","parent":null,"state":"building","phase":"Meshing components","progress":[9,37],"elapsed":8.343}
{"model":"C:\\Users\\erena\\Desktop\\Nuclear Option Munitions Package\\cad\\phantom_visual_reboot\\src\\engine_bay_b2e.py::deployed","parent":null,"state":"building","phase":"Meshing components","progress":[10,37],"elapsed":8.359}
{"model":"C:\\Users\\erena\\Desktop\\Nuclear Option Munitions Package\\cad\\phantom_visual_reboot\\src\\engine_bay_b2e.py::deployed","parent":null,"state":"building","phase":"Meshing components","progress":[11,37],"elapsed":8.375}
{"model":"C:\\Users\\erena\\Desktop\\Nuclear Option Munitions Package\\cad\\phantom_visual_reboot\\src\\engine_bay_b2e.py::deployed","parent":null,"state":"building","phase":"Meshing components","progress":[12,37],"elapsed":8.375}
{"model":"C:\\Users\\erena\\Desktop\\Nuclear Option Munitions Package\\cad\\phantom_visual_reboot\\src\\engine_bay_b2e.py::deployed","parent":null,"state":"building","phase":"Meshing components","progress":[13,37],"elapsed":8.39}
{"model":"C:\\Users\\erena\\Desktop\\Nuclear Option Munitions Package\\cad\\phantom_visual_reboot\\src\\engine_bay_b2e.py::deployed","parent":null,"state":"building","phase":"Meshing components","progress":[14,37],"elapsed":8.39}
{"model":"C:\\Users\\erena\\Desktop\\Nuclear Option Munitions Package\\cad\\phantom_visual_reboot\\src\\engine_bay_b2e.py::deployed","parent":null,"state":"building","phase":"Meshing components","progress":[15,37],"elapsed":8.406}
{"model":"C:\\Users\\erena\\Desktop\\Nuclear Option Munitions Package\\cad\\phantom_visual_reboot\\src\\engine_bay_b2e.py::deployed","parent":null,"state":"building","phase":"Meshing components","progress":[16,37],"elapsed":8.421}
{"model":"C:\\Users\\erena\\Desktop\\Nuclear Option Munitions Package\\cad\\phantom_visual_reboot\\src\\engine_bay_b2e.py::deployed","parent":null,"state":"building","phase":"Meshing components","progress":[17,37],"elapsed":8.437}
{"model":"C:\\Users\\erena\\Desktop\\Nuclear Option Munitions Package\\cad\\phantom_visual_reboot\\src\\engine_bay_b2e.py::deployed","parent":null,"state":"building","phase":"Meshing components","progress":[18,37],"elapsed":8.437}
{"model":"C:\\Users\\erena\\Desktop\\Nuclear Option Munitions Package\\cad\\phantom_visual_reboot\\src\\engine_bay_b2e.py::deployed","parent":null,"state":"building","phase":"Meshing components","progress":[19,37],"elapsed":8.453}
{"model":"C:\\Users\\erena\\Desktop\\Nuclear Option Munitions Package\\cad\\phantom_visual_reboot\\src\\engine_bay_b2e.py::deployed","parent":null,"state":"building","phase":"Meshing components","progress":[20,37],"elapsed":8.468}
{"model":"C:\\Users\\erena\\Desktop\\Nuclear Option Munitions Package\\cad\\phantom_visual_reboot\\src\\engine_bay_b2e.py::deployed","parent":null,"state":"building","phase":"Meshing components","progress":[21,37],"elapsed":8.484}
{"model":"C:\\Users\\erena\\Desktop\\Nuclear Option Munitions Package\\cad\\phantom_visual_reboot\\src\\engine_bay_b2e.py::deployed","parent":null,"state":"building","phase":"Meshing components","progress":[22,37],"elapsed":8.5}
{"model":"C:\\Users\\erena\\Desktop\\Nuclear Option Munitions Package\\cad\\phantom_visual_reboot\\src\\engine_bay_b2e.py::deployed","parent":null,"state":"building","phase":"Meshing components","progress":[23,37],"elapsed":8.515}
{"model":"C:\\Users\\erena\\Desktop\\Nuclear Option Munitions Package\\cad\\phantom_visual_reboot\\src\\engine_bay_b2e.py::deployed","parent":null,"state":"building","phase":"Meshing components","progress":[24,37],"elapsed":8.515}
{"model":"C:\\Users\\erena\\Desktop\\Nuclear Option Munitions Package\\cad\\phantom_visual_reboot\\src\\engine_bay_b2e.py::deployed","parent":null,"state":"building","phase":"Meshing components","progress":[25,37],"elapsed":8.531}
{"model":"C:\\Users\\erena\\Desktop\\Nuclear Option Munitions Package\\cad\\phantom_visual_reboot\\src\\engine_bay_b2e.py::deployed","parent":null,"state":"building","phase":"Meshing components","progress":[26,37],"elapsed":8.546}
{"model":"C:\\Users\\erena\\Desktop\\Nuclear Option Munitions Package\\cad\\phantom_visual_reboot\\src\\engine_bay_b2e.py::deployed","parent":null,"state":"building","phase":"Meshing components","progress":[27,37],"elapsed":8.546}
{"model":"C:\\Users\\erena\\Desktop\\Nuclear Option Munitions Package\\cad\\phantom_visual_reboot\\src\\engine_bay_b2e.py::deployed","parent":null,"state":"building","phase":"Meshing components","progress":[28,37],"elapsed":8.562}
{"model":"C:\\Users\\erena\\Desktop\\Nuclear Option Munitions Package\\cad\\phantom_visual_reboot\\src\\engine_bay_b2e.py::deployed","parent":null,"state":"building","phase":"Meshing components","progress":[29,37],"elapsed":8.578}
{"model":"C:\\Users\\erena\\Desktop\\Nuclear Option Munitions Package\\cad\\phantom_visual_reboot\\src\\engine_bay_b2e.py::deployed","parent":null,"state":"building","phase":"Meshing components","progress":[30,37],"elapsed":8.593}
{"model":"C:\\Users\\erena\\Desktop\\Nuclear Option Munitions Package\\cad\\phantom_visual_reboot\\src\\engine_bay_b2e.py::deployed","parent":null,"state":"building","phase":"Meshing components","progress":[31,37],"elapsed":8.593}
{"model":"C:\\Users\\erena\\Desktop\\Nuclear Option Munitions Package\\cad\\phantom_visual_reboot\\src\\engine_bay_b2e.py::deployed","parent":null,"state":"building","phase":"Meshing components","progress":[32,37],"elapsed":8.609}
{"model":"C:\\Users\\erena\\Desktop\\Nuclear Option Munitions Package\\cad\\phantom_visual_reboot\\src\\engine_bay_b2e.py::deployed","parent":null,"state":"building","phase":"Meshing components","progress":[33,37],"elapsed":8.625}
{"model":"C:\\Users\\erena\\Desktop\\Nuclear Option Munitions Package\\cad\\phantom_visual_reboot\\src\\engine_bay_b2e.py::deployed","parent":null,"state":"building","phase":"Meshing components","progress":[34,37],"elapsed":8.64}
{"model":"C:\\Users\\erena\\Desktop\\Nuclear Option Munitions Package\\cad\\phantom_visual_reboot\\src\\engine_bay_b2e.py::deployed","parent":null,"state":"building","phase":"Meshing components","progress":[35,37],"elapsed":8.64}
{"model":"C:\\Users\\erena\\Desktop\\Nuclear Option Munitions Package\\cad\\phantom_visual_reboot\\src\\engine_bay_b2e.py::deployed","parent":null,"state":"building","phase":"Meshing components","progress":[36,37],"elapsed":8.656}
{"model":"C:\\Users\\erena\\Desktop\\Nuclear Option Munitions Package\\cad\\phantom_visual_reboot\\src\\engine_bay_b2e.py::deployed","parent":null,"state":"building","phase":"Meshing components","progress":[37,37],"elapsed":8.671}
{"model":"C:\\Users\\erena\\Desktop\\Nuclear Option Munitions Package\\cad\\phantom_visual_reboot\\src\\engine_bay_b2e.py::deployed","parent":null,"state":"building","phase":"Writing outputs","progress":null,"elapsed":8.671}
{"model":"C:\\Users\\erena\\Desktop\\Nuclear Option Munitions Package\\cad\\phantom_visual_reboot\\src\\engine_bay_b2e.py::deployed","parent":null,"state":"building","phase":"STEP saved","progress":null,"elapsed":9.093}
{"model":"C:\\Users\\erena\\Desktop\\Nuclear Option Munitions Package\\cad\\phantom_visual_reboot\\src\\engine_bay_b2e.py::deployed","parent":null,"state":"done","phase":"STEP saved","progress":null,"elapsed":9.188}
[cadgen] wrote STEP: C:/Users/erena/Desktop/Nuclear Option Munitions Package/cad/phantom_visual_reboot/STEP/S_EngineBay_B2E_Deployed_Cutaway.step
built C:/Users/erena/Desktop/Nuclear Option Munitions Package/cad/phantom_visual_reboot/STEP/S_EngineBay_B2E_Deployed_Cutaway.step
{"model":"C:\\Users\\erena\\Desktop\\Nuclear Option Munitions Package\\cad\\phantom_visual_reboot\\src\\engine_bay_b2e.py::stowed","parent":null,"state":"building","phase":"generate","progress":null,"elapsed":0.0}
{"model":"C:\\Users\\erena\\Desktop\\Nuclear Option Munitions Package\\cad\\phantom_visual_reboot\\src\\engine_bay_b2e.py::stowed","parent":null,"state":"building","phase":"Building geometry","progress":null,"elapsed":0.031}
{"model":"C:\\Users\\erena\\Desktop\\Nuclear Option Munitions Package\\cad\\phantom_visual_reboot\\src\\engine_bay_b2e.py::stowed","parent":null,"state":"building","phase":"Collecting parts","progress":null,"elapsed":2.969}
{"model":"C:\\Users\\erena\\Desktop\\Nuclear Option Munitions Package\\cad\\phantom_visual_reboot\\src\\engine_bay_b2e.py::stowed","parent":null,"state":"building","phase":"Meshing components","progress":[0,44],"elapsed":3.078}
{"model":"C:\\Users\\erena\\Desktop\\Nuclear Option Munitions Package\\cad\\phantom_visual_reboot\\src\\engine_bay_b2e.py::stowed","parent":null,"state":"building","phase":"Meshing components","progress":[1,44],"elapsed":3.078}
{"model":"C:\\Users\\erena\\Desktop\\Nuclear Option Munitions Package\\cad\\phantom_visual_reboot\\src\\engine_bay_b2e.py::stowed","parent":null,"state":"building","phase":"Meshing components","progress":[2,44],"elapsed":3.094}
{"model":"C:\\Users\\erena\\Desktop\\Nuclear Option Munitions Package\\cad\\phantom_visual_reboot\\src\\engine_bay_b2e.py::stowed","parent":null,"state":"building","phase":"Meshing components","progress":[3,44],"elapsed":3.094}
{"model":"C:\\Users\\erena\\Desktop\\Nuclear Option Munitions Package\\cad\\phantom_visual_reboot\\src\\engine_bay_b2e.py::stowed","parent":null,"state":"building","phase":"Meshing components","progress":[4,44],"elapsed":3.109}
{"model":"C:\\Users\\erena\\Desktop\\Nuclear Option Munitions Package\\cad\\phantom_visual_reboot\\src\\engine_bay_b2e.py::stowed","parent":null,"state":"building","phase":"Meshing components","progress":[5,44],"elapsed":3.109}
{"model":"C:\\Users\\erena\\Desktop\\Nuclear Option Munitions Package\\cad\\phantom_visual_reboot\\src\\engine_bay_b2e.py::stowed","parent":null,"state":"building","phase":"Meshing components","progress":[6,44],"elapsed":3.125}
{"model":"C:\\Users\\erena\\Desktop\\Nuclear Option Munitions Package\\cad\\phantom_visual_reboot\\src\\engine_bay_b2e.py::stowed","parent":null,"state":"building","phase":"Meshing components","progress":[7,44],"elapsed":3.125}
{"model":"C:\\Users\\erena\\Desktop\\Nuclear Option Munitions Package\\cad\\phantom_visual_reboot\\src\\engine_bay_b2e.py::stowed","parent":null,"state":"building","phase":"Meshing components","progress":[8,44],"elapsed":3.125}
{"model":"C:\\Users\\erena\\Desktop\\Nuclear Option Munitions Package\\cad\\phantom_visual_reboot\\src\\engine_bay_b2e.py::stowed","parent":null,"state":"building","phase":"Meshing components","progress":[9,44],"elapsed":3.141}
{"model":"C:\\Users\\erena\\Desktop\\Nuclear Option Munitions Package\\cad\\phantom_visual_reboot\\src\\engine_bay_b2e.py::stowed","parent":null,"state":"building","phase":"Meshing components","progress":[10,44],"elapsed":3.141}
{"model":"C:\\Users\\erena\\Desktop\\Nuclear Option Munitions Package\\cad\\phantom_visual_reboot\\src\\engine_bay_b2e.py::stowed","parent":null,"state":"building","phase":"Meshing components","progress":[11,44],"elapsed":3.156}
{"model":"C:\\Users\\erena\\Desktop\\Nuclear Option Munitions Package\\cad\\phantom_visual_reboot\\src\\engine_bay_b2e.py::stowed","parent":null,"state":"building","phase":"Meshing components","progress":[12,44],"elapsed":3.156}
{"model":"C:\\Users\\erena\\Desktop\\Nuclear Option Munitions Package\\cad\\phantom_visual_reboot\\src\\engine_bay_b2e.py::stowed","parent":null,"state":"building","phase":"Meshing components","progress":[13,44],"elapsed":3.172}
{"model":"C:\\Users\\erena\\Desktop\\Nuclear Option Munitions Package\\cad\\phantom_visual_reboot\\src\\engine_bay_b2e.py::stowed","parent":null,"state":"building","phase":"Meshing components","progress":[14,44],"elapsed":3.172}
{"model":"C:\\Users\\erena\\Desktop\\Nuclear Option Munitions Package\\cad\\phantom_visual_reboot\\src\\engine_bay_b2e.py::stowed","parent":null,"state":"building","phase":"Meshing components","progress":[15,44],"elapsed":3.172}
{"model":"C:\\Users\\erena\\Desktop\\Nuclear Option Munitions Package\\cad\\phantom_visual_reboot\\src\\engine_bay_b2e.py::stowed","parent":null,"state":"building","phase":"Meshing components","progress":[16,44],"elapsed":3.188}
{"model":"C:\\Users\\erena\\Desktop\\Nuclear Option Munitions Package\\cad\\phantom_visual_reboot\\src\\engine_bay_b2e.py::stowed","parent":null,"state":"building","phase":"Meshing components","progress":[17,44],"elapsed":3.188}
{"model":"C:\\Users\\erena\\Desktop\\Nuclear Option Munitions Package\\cad\\phantom_visual_reboot\\src\\engine_bay_b2e.py::stowed","parent":null,"state":"building","phase":"Meshing components","progress":[18,44],"elapsed":3.203}
{"model":"C:\\Users\\erena\\Desktop\\Nuclear Option Munitions Package\\cad\\phantom_visual_reboot\\src\\engine_bay_b2e.py::stowed","parent":null,"state":"building","phase":"Meshing components","progress":[19,44],"elapsed":3.203}
{"model":"C:\\Users\\erena\\Desktop\\Nuclear Option Munitions Package\\cad\\phantom_visual_reboot\\src\\engine_bay_b2e.py::stowed","parent":null,"state":"building","phase":"Meshing components","progress":[20,44],"elapsed":3.203}
{"model":"C:\\Users\\erena\\Desktop\\Nuclear Option Munitions Package\\cad\\phantom_visual_reboot\\src\\engine_bay_b2e.py::stowed","parent":null,"state":"building","phase":"Meshing components","progress":[21,44],"elapsed":3.219}
{"model":"C:\\Users\\erena\\Desktop\\Nuclear Option Munitions Package\\cad\\phantom_visual_reboot\\src\\engine_bay_b2e.py::stowed","parent":null,"state":"building","phase":"Meshing components","progress":[22,44],"elapsed":3.219}
{"model":"C:\\Users\\erena\\Desktop\\Nuclear Option Munitions Package\\cad\\phantom_visual_reboot\\src\\engine_bay_b2e.py::stowed","parent":null,"state":"building","phase":"Meshing components","progress":[23,44],"elapsed":3.234}
{"model":"C:\\Users\\erena\\Desktop\\Nuclear Option Munitions Package\\cad\\phantom_visual_reboot\\src\\engine_bay_b2e.py::stowed","parent":null,"state":"building","phase":"Meshing components","progress":[24,44],"elapsed":3.234}
{"model":"C:\\Users\\erena\\Desktop\\Nuclear Option Munitions Package\\cad\\phantom_visual_reboot\\src\\engine_bay_b2e.py::stowed","parent":null,"state":"building","phase":"Meshing components","progress":[25,44],"elapsed":3.25}
{"model":"C:\\Users\\erena\\Desktop\\Nuclear Option Munitions Package\\cad\\phantom_visual_reboot\\src\\engine_bay_b2e.py::stowed","parent":null,"state":"building","phase":"Meshing components","progress":[26,44],"elapsed":3.25}
{"model":"C:\\Users\\erena\\Desktop\\Nuclear Option Munitions Package\\cad\\phantom_visual_reboot\\src\\engine_bay_b2e.py::stowed","parent":null,"state":"building","phase":"Meshing components","progress":[27,44],"elapsed":3.266}
{"model":"C:\\Users\\erena\\Desktop\\Nuclear Option Munitions Package\\cad\\phantom_visual_reboot\\src\\engine_bay_b2e.py::stowed","parent":null,"state":"building","phase":"Meshing components","progress":[28,44],"elapsed":3.266}
{"model":"C:\\Users\\erena\\Desktop\\Nuclear Option Munitions Package\\cad\\phantom_visual_reboot\\src\\engine_bay_b2e.py::stowed","parent":null,"state":"building","phase":"Meshing components","progress":[29,44],"elapsed":3.266}
{"model":"C:\\Users\\erena\\Desktop\\Nuclear Option Munitions Package\\cad\\phantom_visual_reboot\\src\\engine_bay_b2e.py::stowed","parent":null,"state":"building","phase":"Meshing components","progress":[30,44],"elapsed":3.281}
{"model":"C:\\Users\\erena\\Desktop\\Nuclear Option Munitions Package\\cad\\phantom_visual_reboot\\src\\engine_bay_b2e.py::stowed","parent":null,"state":"building","phase":"Meshing components","progress":[31,44],"elapsed":3.281}
{"model":"C:\\Users\\erena\\Desktop\\Nuclear Option Munitions Package\\cad\\phantom_visual_reboot\\src\\engine_bay_b2e.py::stowed","parent":null,"state":"building","phase":"Meshing components","progress":[32,44],"elapsed":3.297}
{"model":"C:\\Users\\erena\\Desktop\\Nuclear Option Munitions Package\\cad\\phantom_visual_reboot\\src\\engine_bay_b2e.py::stowed","parent":null,"state":"building","phase":"Meshing components","progress":[33,44],"elapsed":3.297}
{"model":"C:\\Users\\erena\\Desktop\\Nuclear Option Munitions Package\\cad\\phantom_visual_reboot\\src\\engine_bay_b2e.py::stowed","parent":null,"state":"building","phase":"Meshing components","progress":[34,44],"elapsed":3.297}
{"model":"C:\\Users\\erena\\Desktop\\Nuclear Option Munitions Package\\cad\\phantom_visual_reboot\\src\\engine_bay_b2e.py::stowed","parent":null,"state":"building","phase":"Meshing components","progress":[35,44],"elapsed":3.313}
{"model":"C:\\Users\\erena\\Desktop\\Nuclear Option Munitions Package\\cad\\phantom_visual_reboot\\src\\engine_bay_b2e.py::stowed","parent":null,"state":"building","phase":"Meshing components","progress":[36,44],"elapsed":3.313}
{"model":"C:\\Users\\erena\\Desktop\\Nuclear Option Munitions Package\\cad\\phantom_visual_reboot\\src\\engine_bay_b2e.py::stowed","parent":null,"state":"building","phase":"Meshing components","progress":[37,44],"elapsed":3.328}
{"model":"C:\\Users\\erena\\Desktop\\Nuclear Option Munitions Package\\cad\\phantom_visual_reboot\\src\\engine_bay_b2e.py::stowed","parent":null,"state":"building","phase":"Meshing components","progress":[38,44],"elapsed":3.328}
{"model":"C:\\Users\\erena\\Desktop\\Nuclear Option Munitions Package\\cad\\phantom_visual_reboot\\src\\engine_bay_b2e.py::stowed","parent":null,"state":"building","phase":"Meshing components","progress":[39,44],"elapsed":3.344}
{"model":"C:\\Users\\erena\\Desktop\\Nuclear Option Munitions Package\\cad\\phantom_visual_reboot\\src\\engine_bay_b2e.py::stowed","parent":null,"state":"building","phase":"Meshing components","progress":[40,44],"elapsed":3.344}
{"model":"C:\\Users\\erena\\Desktop\\Nuclear Option Munitions Package\\cad\\phantom_visual_reboot\\src\\engine_bay_b2e.py::stowed","parent":null,"state":"building","phase":"Meshing components","progress":[41,44],"elapsed":3.359}
{"model":"C:\\Users\\erena\\Desktop\\Nuclear Option Munitions Package\\cad\\phantom_visual_reboot\\src\\engine_bay_b2e.py::stowed","parent":null,"state":"building","phase":"Meshing components","progress":[42,44],"elapsed":3.359}
{"model":"C:\\Users\\erena\\Desktop\\Nuclear Option Munitions Package\\cad\\phantom_visual_reboot\\src\\engine_bay_b2e.py::stowed","parent":null,"state":"building","phase":"Meshing components","progress":[43,44],"elapsed":3.375}
{"model":"C:\\Users\\erena\\Desktop\\Nuclear Option Munitions Package\\cad\\phantom_visual_reboot\\src\\engine_bay_b2e.py::stowed","parent":null,"state":"building","phase":"Meshing components","progress":[44,44],"elapsed":3.375}
{"model":"C:\\Users\\erena\\Desktop\\Nuclear Option Munitions Package\\cad\\phantom_visual_reboot\\src\\engine_bay_b2e.py::stowed","parent":null,"state":"building","phase":"Writing outputs","progress":null,"elapsed":3.391}
{"model":"C:\\Users\\erena\\Desktop\\Nuclear Option Munitions Package\\cad\\phantom_visual_reboot\\src\\engine_bay_b2e.py::stowed","parent":null,"state":"building","phase":"Source ready","progress":null,"elapsed":3.703}
{"model":"C:\\Users\\erena\\Desktop\\Nuclear Option Munitions Package\\cad\\phantom_visual_reboot\\src\\engine_bay_b2e.py::stowed","parent":null,"state":"building","phase":"Saving STEP","progress":null,"elapsed":3.719}
{"model":"C:\\Users\\erena\\Desktop\\Nuclear Option Munitions Package\\cad\\phantom_visual_reboot\\src\\engine_bay_b2e.py::stowed","parent":null,"state":"building","phase":"Collecting parts","progress":null,"elapsed":5.641}
{"model":"C:\\Users\\erena\\Desktop\\Nuclear Option Munitions Package\\cad\\phantom_visual_reboot\\src\\engine_bay_b2e.py::stowed","parent":null,"state":"building","phase":"Meshing components","progress":[0,41],"elapsed":5.703}
{"model":"C:\\Users\\erena\\Desktop\\Nuclear Option Munitions Package\\cad\\phantom_visual_reboot\\src\\engine_bay_b2e.py::stowed","parent":null,"state":"building","phase":"Meshing components","progress":[1,41],"elapsed":5.719}
{"model":"C:\\Users\\erena\\Desktop\\Nuclear Option Munitions Package\\cad\\phantom_visual_reboot\\src\\engine_bay_b2e.py::stowed","parent":null,"state":"building","phase":"Meshing components","progress":[2,41],"elapsed":5.75}
{"model":"C:\\Users\\erena\\Desktop\\Nuclear Option Munitions Package\\cad\\phantom_visual_reboot\\src\\engine_bay_b2e.py::stowed","parent":null,"state":"building","phase":"Meshing components","progress":[3,41],"elapsed":5.75}
{"model":"C:\\Users\\erena\\Desktop\\Nuclear Option Munitions Package\\cad\\phantom_visual_reboot\\src\\engine_bay_b2e.py::stowed","parent":null,"state":"building","phase":"Meshing components","progress":[4,41],"elapsed":5.766}
{"model":"C:\\Users\\erena\\Desktop\\Nuclear Option Munitions Package\\cad\\phantom_visual_reboot\\src\\engine_bay_b2e.py::stowed","parent":null,"state":"building","phase":"Meshing components","progress":[5,41],"elapsed":5.781}
{"model":"C:\\Users\\erena\\Desktop\\Nuclear Option Munitions Package\\cad\\phantom_visual_reboot\\src\\engine_bay_b2e.py::stowed","parent":null,"state":"building","phase":"Meshing components","progress":[6,41],"elapsed":5.797}
{"model":"C:\\Users\\erena\\Desktop\\Nuclear Option Munitions Package\\cad\\phantom_visual_reboot\\src\\engine_bay_b2e.py::stowed","parent":null,"state":"building","phase":"Meshing components","progress":[7,41],"elapsed":5.813}
{"model":"C:\\Users\\erena\\Desktop\\Nuclear Option Munitions Package\\cad\\phantom_visual_reboot\\src\\engine_bay_b2e.py::stowed","parent":null,"state":"building","phase":"Meshing components","progress":[8,41],"elapsed":5.813}
{"model":"C:\\Users\\erena\\Desktop\\Nuclear Option Munitions Package\\cad\\phantom_visual_reboot\\src\\engine_bay_b2e.py::stowed","parent":null,"state":"building","phase":"Meshing components","progress":[9,41],"elapsed":5.828}
{"model":"C:\\Users\\erena\\Desktop\\Nuclear Option Munitions Package\\cad\\phantom_visual_reboot\\src\\engine_bay_b2e.py::stowed","parent":null,"state":"building","phase":"Meshing components","progress":[10,41],"elapsed":5.844}
{"model":"C:\\Users\\erena\\Desktop\\Nuclear Option Munitions Package\\cad\\phantom_visual_reboot\\src\\engine_bay_b2e.py::stowed","parent":null,"state":"building","phase":"Meshing components","progress":[11,41],"elapsed":5.859}
{"model":"C:\\Users\\erena\\Desktop\\Nuclear Option Munitions Package\\cad\\phantom_visual_reboot\\src\\engine_bay_b2e.py::stowed","parent":null,"state":"building","phase":"Meshing components","progress":[12,41],"elapsed":5.875}
{"model":"C:\\Users\\erena\\Desktop\\Nuclear Option Munitions Package\\cad\\phantom_visual_reboot\\src\\engine_bay_b2e.py::stowed","parent":null,"state":"building","phase":"Meshing components","progress":[13,41],"elapsed":5.891}
{"model":"C:\\Users\\erena\\Desktop\\Nuclear Option Munitions Package\\cad\\phantom_visual_reboot\\src\\engine_bay_b2e.py::stowed","parent":null,"state":"building","phase":"Meshing components","progress":[14,41],"elapsed":5.906}
{"model":"C:\\Users\\erena\\Desktop\\Nuclear Option Munitions Package\\cad\\phantom_visual_reboot\\src\\engine_bay_b2e.py::stowed","parent":null,"state":"building","phase":"Meshing components","progress":[15,41],"elapsed":5.906}
{"model":"C:\\Users\\erena\\Desktop\\Nuclear Option Munitions Package\\cad\\phantom_visual_reboot\\src\\engine_bay_b2e.py::stowed","parent":null,"state":"building","phase":"Meshing components","progress":[16,41],"elapsed":5.922}
{"model":"C:\\Users\\erena\\Desktop\\Nuclear Option Munitions Package\\cad\\phantom_visual_reboot\\src\\engine_bay_b2e.py::stowed","parent":null,"state":"building","phase":"Meshing components","progress":[17,41],"elapsed":5.938}
{"model":"C:\\Users\\erena\\Desktop\\Nuclear Option Munitions Package\\cad\\phantom_visual_reboot\\src\\engine_bay_b2e.py::stowed","parent":null,"state":"building","phase":"Meshing components","progress":[18,41],"elapsed":5.938}
{"model":"C:\\Users\\erena\\Desktop\\Nuclear Option Munitions Package\\cad\\phantom_visual_reboot\\src\\engine_bay_b2e.py::stowed","parent":null,"state":"building","phase":"Meshing components","progress":[19,41],"elapsed":5.953}
{"model":"C:\\Users\\erena\\Desktop\\Nuclear Option Munitions Package\\cad\\phantom_visual_reboot\\src\\engine_bay_b2e.py::stowed","parent":null,"state":"building","phase":"Meshing components","progress":[20,41],"elapsed":5.953}
{"model":"C:\\Users\\erena\\Desktop\\Nuclear Option Munitions Package\\cad\\phantom_visual_reboot\\src\\engine_bay_b2e.py::stowed","parent":null,"state":"building","phase":"Meshing components","progress":[21,41],"elapsed":5.969}
{"model":"C:\\Users\\erena\\Desktop\\Nuclear Option Munitions Package\\cad\\phantom_visual_reboot\\src\\engine_bay_b2e.py::stowed","parent":null,"state":"building","phase":"Meshing components","progress":[22,41],"elapsed":5.984}
{"model":"C:\\Users\\erena\\Desktop\\Nuclear Option Munitions Package\\cad\\phantom_visual_reboot\\src\\engine_bay_b2e.py::stowed","parent":null,"state":"building","phase":"Meshing components","progress":[23,41],"elapsed":5.984}
{"model":"C:\\Users\\erena\\Desktop\\Nuclear Option Munitions Package\\cad\\phantom_visual_reboot\\src\\engine_bay_b2e.py::stowed","parent":null,"state":"building","phase":"Meshing components","progress":[24,41],"elapsed":6.0}
{"model":"C:\\Users\\erena\\Desktop\\Nuclear Option Munitions Package\\cad\\phantom_visual_reboot\\src\\engine_bay_b2e.py::stowed","parent":null,"state":"building","phase":"Meshing components","progress":[25,41],"elapsed":6.0}
{"model":"C:\\Users\\erena\\Desktop\\Nuclear Option Munitions Package\\cad\\phantom_visual_reboot\\src\\engine_bay_b2e.py::stowed","parent":null,"state":"building","phase":"Meshing components","progress":[26,41],"elapsed":6.016}
{"model":"C:\\Users\\erena\\Desktop\\Nuclear Option Munitions Package\\cad\\phantom_visual_reboot\\src\\engine_bay_b2e.py::stowed","parent":null,"state":"building","phase":"Meshing components","progress":[27,41],"elapsed":6.016}
{"model":"C:\\Users\\erena\\Desktop\\Nuclear Option Munitions Package\\cad\\phantom_visual_reboot\\src\\engine_bay_b2e.py::stowed","parent":null,"state":"building","phase":"Meshing components","progress":[28,41],"elapsed":6.031}
{"model":"C:\\Users\\erena\\Desktop\\Nuclear Option Munitions Package\\cad\\phantom_visual_reboot\\src\\engine_bay_b2e.py::stowed","parent":null,"state":"building","phase":"Meshing components","progress":[29,41],"elapsed":6.047}
{"model":"C:\\Users\\erena\\Desktop\\Nuclear Option Munitions Package\\cad\\phantom_visual_reboot\\src\\engine_bay_b2e.py::stowed","parent":null,"state":"building","phase":"Meshing components","progress":[30,41],"elapsed":6.047}
{"model":"C:\\Users\\erena\\Desktop\\Nuclear Option Munitions Package\\cad\\phantom_visual_reboot\\src\\engine_bay_b2e.py::stowed","parent":null,"state":"building","phase":"Meshing components","progress":[31,41],"elapsed":6.063}
{"model":"C:\\Users\\erena\\Desktop\\Nuclear Option Munitions Package\\cad\\phantom_visual_reboot\\src\\engine_bay_b2e.py::stowed","parent":null,"state":"building","phase":"Meshing components","progress":[32,41],"elapsed":6.078}
{"model":"C:\\Users\\erena\\Desktop\\Nuclear Option Munitions Package\\cad\\phantom_visual_reboot\\src\\engine_bay_b2e.py::stowed","parent":null,"state":"building","phase":"Meshing components","progress":[33,41],"elapsed":6.078}
{"model":"C:\\Users\\erena\\Desktop\\Nuclear Option Munitions Package\\cad\\phantom_visual_reboot\\src\\engine_bay_b2e.py::stowed","parent":null,"state":"building","phase":"Meshing components","progress":[34,41],"elapsed":6.094}
{"model":"C:\\Users\\erena\\Desktop\\Nuclear Option Munitions Package\\cad\\phantom_visual_reboot\\src\\engine_bay_b2e.py::stowed","parent":null,"state":"building","phase":"Meshing components","progress":[35,41],"elapsed":6.094}
{"model":"C:\\Users\\erena\\Desktop\\Nuclear Option Munitions Package\\cad\\phantom_visual_reboot\\src\\engine_bay_b2e.py::stowed","parent":null,"state":"building","phase":"Meshing components","progress":[36,41],"elapsed":6.094}
{"model":"C:\\Users\\erena\\Desktop\\Nuclear Option Munitions Package\\cad\\phantom_visual_reboot\\src\\engine_bay_b2e.py::stowed","parent":null,"state":"building","phase":"Meshing components","progress":[37,41],"elapsed":6.109}
{"model":"C:\\Users\\erena\\Desktop\\Nuclear Option Munitions Package\\cad\\phantom_visual_reboot\\src\\engine_bay_b2e.py::stowed","parent":null,"state":"building","phase":"Meshing components","progress":[38,41],"elapsed":6.125}
{"model":"C:\\Users\\erena\\Desktop\\Nuclear Option Munitions Package\\cad\\phantom_visual_reboot\\src\\engine_bay_b2e.py::stowed","parent":null,"state":"building","phase":"Meshing components","progress":[39,41],"elapsed":6.141}
{"model":"C:\\Users\\erena\\Desktop\\Nuclear Option Munitions Package\\cad\\phantom_visual_reboot\\src\\engine_bay_b2e.py::stowed","parent":null,"state":"building","phase":"Meshing components","progress":[40,41],"elapsed":6.156}
{"model":"C:\\Users\\erena\\Desktop\\Nuclear Option Munitions Package\\cad\\phantom_visual_reboot\\src\\engine_bay_b2e.py::stowed","parent":null,"state":"building","phase":"Meshing components","progress":[41,41],"elapsed":6.172}
{"model":"C:\\Users\\erena\\Desktop\\Nuclear Option Munitions Package\\cad\\phantom_visual_reboot\\src\\engine_bay_b2e.py::stowed","parent":null,"state":"building","phase":"Writing outputs","progress":null,"elapsed":6.188}
{"model":"C:\\Users\\erena\\Desktop\\Nuclear Option Munitions Package\\cad\\phantom_visual_reboot\\src\\engine_bay_b2e.py::stowed","parent":null,"state":"building","phase":"STEP saved","progress":null,"elapsed":6.422}
{"model":"C:\\Users\\erena\\Desktop\\Nuclear Option Munitions Package\\cad\\phantom_visual_reboot\\src\\engine_bay_b2e.py::stowed","parent":null,"state":"done","phase":"STEP saved","progress":null,"elapsed":6.639}
[cadgen] wrote STEP: C:/Users/erena/Desktop/Nuclear Option Munitions Package/cad/phantom_visual_reboot/STEP/S_EngineBay_B2E_Stowed_Cutaway.step
built C:/Users/erena/Desktop/Nuclear Option Munitions Package/cad/phantom_visual_reboot/STEP/S_EngineBay_B2E_Stowed_Cutaway.step
{"model":"C:\\Users\\erena\\Desktop\\Nuclear Option Munitions Package\\cad\\phantom_visual_reboot\\src\\engine_bay_b2e.py::deployed_full","parent":null,"state":"building","phase":"generate","progress":null,"elapsed":0.0}
{"model":"C:\\Users\\erena\\Desktop\\Nuclear Option Munitions Package\\cad\\phantom_visual_reboot\\src\\engine_bay_b2e.py::deployed_full","parent":null,"state":"building","phase":"Building geometry","progress":null,"elapsed":0.016}
{"model":"C:\\Users\\erena\\Desktop\\Nuclear Option Munitions Package\\cad\\phantom_visual_reboot\\src\\engine_bay_b2e.py::deployed_full","parent":null,"state":"building","phase":"Collecting parts","progress":null,"elapsed":2.766}
{"model":"C:\\Users\\erena\\Desktop\\Nuclear Option Munitions Package\\cad\\phantom_visual_reboot\\src\\engine_bay_b2e.py::deployed_full","parent":null,"state":"building","phase":"Meshing components","progress":[0,36],"elapsed":2.953}
{"model":"C:\\Users\\erena\\Desktop\\Nuclear Option Munitions Package\\cad\\phantom_visual_reboot\\src\\engine_bay_b2e.py::deployed_full","parent":null,"state":"building","phase":"Meshing components","progress":[1,36],"elapsed":2.953}
{"model":"C:\\Users\\erena\\Desktop\\Nuclear Option Munitions Package\\cad\\phantom_visual_reboot\\src\\engine_bay_b2e.py::deployed_full","parent":null,"state":"building","phase":"Meshing components","progress":[2,36],"elapsed":2.969}
{"model":"C:\\Users\\erena\\Desktop\\Nuclear Option Munitions Package\\cad\\phantom_visual_reboot\\src\\engine_bay_b2e.py::deployed_full","parent":null,"state":"building","phase":"Meshing components","progress":[3,36],"elapsed":2.984}
{"model":"C:\\Users\\erena\\Desktop\\Nuclear Option Munitions Package\\cad\\phantom_visual_reboot\\src\\engine_bay_b2e.py::deployed_full","parent":null,"state":"building","phase":"Meshing components","progress":[4,36],"elapsed":2.984}
{"model":"C:\\Users\\erena\\Desktop\\Nuclear Option Munitions Package\\cad\\phantom_visual_reboot\\src\\engine_bay_b2e.py::deployed_full","parent":null,"state":"building","phase":"Meshing components","progress":[5,36],"elapsed":3.0}
{"model":"C:\\Users\\erena\\Desktop\\Nuclear Option Munitions Package\\cad\\phantom_visual_reboot\\src\\engine_bay_b2e.py::deployed_full","parent":null,"state":"building","phase":"Meshing components","progress":[6,36],"elapsed":3.016}
{"model":"C:\\Users\\erena\\Desktop\\Nuclear Option Munitions Package\\cad\\phantom_visual_reboot\\src\\engine_bay_b2e.py::deployed_full","parent":null,"state":"building","phase":"Meshing components","progress":[7,36],"elapsed":3.031}
{"model":"C:\\Users\\erena\\Desktop\\Nuclear Option Munitions Package\\cad\\phantom_visual_reboot\\src\\engine_bay_b2e.py::deployed_full","parent":null,"state":"building","phase":"Meshing components","progress":[8,36],"elapsed":3.031}
{"model":"C:\\Users\\erena\\Desktop\\Nuclear Option Munitions Package\\cad\\phantom_visual_reboot\\src\\engine_bay_b2e.py::deployed_full","parent":null,"state":"building","phase":"Meshing components","progress":[9,36],"elapsed":3.047}
{"model":"C:\\Users\\erena\\Desktop\\Nuclear Option Munitions Package\\cad\\phantom_visual_reboot\\src\\engine_bay_b2e.py::deployed_full","parent":null,"state":"building","phase":"Meshing components","progress":[10,36],"elapsed":3.062}
{"model":"C:\\Users\\erena\\Desktop\\Nuclear Option Munitions Package\\cad\\phantom_visual_reboot\\src\\engine_bay_b2e.py::deployed_full","parent":null,"state":"building","phase":"Meshing components","progress":[11,36],"elapsed":3.078}
{"model":"C:\\Users\\erena\\Desktop\\Nuclear Option Munitions Package\\cad\\phantom_visual_reboot\\src\\engine_bay_b2e.py::deployed_full","parent":null,"state":"building","phase":"Meshing components","progress":[12,36],"elapsed":3.094}
{"model":"C:\\Users\\erena\\Desktop\\Nuclear Option Munitions Package\\cad\\phantom_visual_reboot\\src\\engine_bay_b2e.py::deployed_full","parent":null,"state":"building","phase":"Meshing components","progress":[13,36],"elapsed":3.094}
{"model":"C:\\Users\\erena\\Desktop\\Nuclear Option Munitions Package\\cad\\phantom_visual_reboot\\src\\engine_bay_b2e.py::deployed_full","parent":null,"state":"building","phase":"Meshing components","progress":[14,36],"elapsed":3.109}
{"model":"C:\\Users\\erena\\Desktop\\Nuclear Option Munitions Package\\cad\\phantom_visual_reboot\\src\\engine_bay_b2e.py::deployed_full","parent":null,"state":"building","phase":"Meshing components","progress":[15,36],"elapsed":3.125}
{"model":"C:\\Users\\erena\\Desktop\\Nuclear Option Munitions Package\\cad\\phantom_visual_reboot\\src\\engine_bay_b2e.py::deployed_full","parent":null,"state":"building","phase":"Meshing components","progress":[16,36],"elapsed":3.141}
{"model":"C:\\Users\\erena\\Desktop\\Nuclear Option Munitions Package\\cad\\phantom_visual_reboot\\src\\engine_bay_b2e.py::deployed_full","parent":null,"state":"building","phase":"Meshing components","progress":[17,36],"elapsed":3.141}
{"model":"C:\\Users\\erena\\Desktop\\Nuclear Option Munitions Package\\cad\\phantom_visual_reboot\\src\\engine_bay_b2e.py::deployed_full","parent":null,"state":"building","phase":"Meshing components","progress":[18,36],"elapsed":3.156}
{"model":"C:\\Users\\erena\\Desktop\\Nuclear Option Munitions Package\\cad\\phantom_visual_reboot\\src\\engine_bay_b2e.py::deployed_full","parent":null,"state":"building","phase":"Meshing components","progress":[19,36],"elapsed":3.172}
{"model":"C:\\Users\\erena\\Desktop\\Nuclear Option Munitions Package\\cad\\phantom_visual_reboot\\src\\engine_bay_b2e.py::deployed_full","parent":null,"state":"building","phase":"Meshing components","progress":[20,36],"elapsed":3.172}
{"model":"C:\\Users\\erena\\Desktop\\Nuclear Option Munitions Package\\cad\\phantom_visual_reboot\\src\\engine_bay_b2e.py::deployed_full","parent":null,"state":"building","phase":"Meshing components","progress":[21,36],"elapsed":3.187}
{"model":"C:\\Users\\erena\\Desktop\\Nuclear Option Munitions Package\\cad\\phantom_visual_reboot\\src\\engine_bay_b2e.py::deployed_full","parent":null,"state":"building","phase":"Meshing components","progress":[22,36],"elapsed":3.203}
{"model":"C:\\Users\\erena\\Desktop\\Nuclear Option Munitions Package\\cad\\phantom_visual_reboot\\src\\engine_bay_b2e.py::deployed_full","parent":null,"state":"building","phase":"Meshing components","progress":[23,36],"elapsed":3.219}
{"model":"C:\\Users\\erena\\Desktop\\Nuclear Option Munitions Package\\cad\\phantom_visual_reboot\\src\\engine_bay_b2e.py::deployed_full","parent":null,"state":"building","phase":"Meshing components","progress":[24,36],"elapsed":3.219}
{"model":"C:\\Users\\erena\\Desktop\\Nuclear Option Munitions Package\\cad\\phantom_visual_reboot\\src\\engine_bay_b2e.py::deployed_full","parent":null,"state":"building","phase":"Meshing components","progress":[25,36],"elapsed":3.234}
{"model":"C:\\Users\\erena\\Desktop\\Nuclear Option Munitions Package\\cad\\phantom_visual_reboot\\src\\engine_bay_b2e.py::deployed_full","parent":null,"state":"building","phase":"Meshing components","progress":[26,36],"elapsed":3.25}
{"model":"C:\\Users\\erena\\Desktop\\Nuclear Option Munitions Package\\cad\\phantom_visual_reboot\\src\\engine_bay_b2e.py::deployed_full","parent":null,"state":"building","phase":"Meshing components","progress":[27,36],"elapsed":3.25}
{"model":"C:\\Users\\erena\\Desktop\\Nuclear Option Munitions Package\\cad\\phantom_visual_reboot\\src\\engine_bay_b2e.py::deployed_full","parent":null,"state":"building","phase":"Meshing components","progress":[28,36],"elapsed":3.266}
{"model":"C:\\Users\\erena\\Desktop\\Nuclear Option Munitions Package\\cad\\phantom_visual_reboot\\src\\engine_bay_b2e.py::deployed_full","parent":null,"state":"building","phase":"Meshing components","progress":[29,36],"elapsed":3.281}
{"model":"C:\\Users\\erena\\Desktop\\Nuclear Option Munitions Package\\cad\\phantom_visual_reboot\\src\\engine_bay_b2e.py::deployed_full","parent":null,"state":"building","phase":"Meshing components","progress":[30,36],"elapsed":3.297}
{"model":"C:\\Users\\erena\\Desktop\\Nuclear Option Munitions Package\\cad\\phantom_visual_reboot\\src\\engine_bay_b2e.py::deployed_full","parent":null,"state":"building","phase":"Meshing components","progress":[31,36],"elapsed":3.297}
{"model":"C:\\Users\\erena\\Desktop\\Nuclear Option Munitions Package\\cad\\phantom_visual_reboot\\src\\engine_bay_b2e.py::deployed_full","parent":null,"state":"building","phase":"Meshing components","progress":[32,36],"elapsed":3.312}
{"model":"C:\\Users\\erena\\Desktop\\Nuclear Option Munitions Package\\cad\\phantom_visual_reboot\\src\\engine_bay_b2e.py::deployed_full","parent":null,"state":"building","phase":"Meshing components","progress":[33,36],"elapsed":3.328}
{"model":"C:\\Users\\erena\\Desktop\\Nuclear Option Munitions Package\\cad\\phantom_visual_reboot\\src\\engine_bay_b2e.py::deployed_full","parent":null,"state":"building","phase":"Meshing components","progress":[34,36],"elapsed":3.344}
{"model":"C:\\Users\\erena\\Desktop\\Nuclear Option Munitions Package\\cad\\phantom_visual_reboot\\src\\engine_bay_b2e.py::deployed_full","parent":null,"state":"building","phase":"Meshing components","progress":[35,36],"elapsed":3.344}
{"model":"C:\\Users\\erena\\Desktop\\Nuclear Option Munitions Package\\cad\\phantom_visual_reboot\\src\\engine_bay_b2e.py::deployed_full","parent":null,"state":"building","phase":"Meshing components","progress":[36,36],"elapsed":3.359}
{"model":"C:\\Users\\erena\\Desktop\\Nuclear Option Munitions Package\\cad\\phantom_visual_reboot\\src\\engine_bay_b2e.py::deployed_full","parent":null,"state":"building","phase":"Writing outputs","progress":null,"elapsed":3.375}
{"model":"C:\\Users\\erena\\Desktop\\Nuclear Option Munitions Package\\cad\\phantom_visual_reboot\\src\\engine_bay_b2e.py::deployed_full","parent":null,"state":"building","phase":"Source ready","progress":null,"elapsed":3.609}
{"model":"C:\\Users\\erena\\Desktop\\Nuclear Option Munitions Package\\cad\\phantom_visual_reboot\\src\\engine_bay_b2e.py::deployed_full","parent":null,"state":"building","phase":"Saving STEP","progress":null,"elapsed":3.625}
{"model":"C:\\Users\\erena\\Desktop\\Nuclear Option Munitions Package\\cad\\phantom_visual_reboot\\src\\engine_bay_b2e.py::deployed_full","parent":null,"state":"building","phase":"Collecting parts","progress":null,"elapsed":6.266}
{"model":"C:\\Users\\erena\\Desktop\\Nuclear Option Munitions Package\\cad\\phantom_visual_reboot\\src\\engine_bay_b2e.py::deployed_full","parent":null,"state":"building","phase":"Meshing components","progress":[0,35],"elapsed":6.344}
{"model":"C:\\Users\\erena\\Desktop\\Nuclear Option Munitions Package\\cad\\phantom_visual_reboot\\src\\engine_bay_b2e.py::deployed_full","parent":null,"state":"building","phase":"Meshing components","progress":[1,35],"elapsed":6.359}
{"model":"C:\\Users\\erena\\Desktop\\Nuclear Option Munitions Package\\cad\\phantom_visual_reboot\\src\\engine_bay_b2e.py::deployed_full","parent":null,"state":"building","phase":"Meshing components","progress":[2,35],"elapsed":6.375}
{"model":"C:\\Users\\erena\\Desktop\\Nuclear Option Munitions Package\\cad\\phantom_visual_reboot\\src\\engine_bay_b2e.py::deployed_full","parent":null,"state":"building","phase":"Meshing components","progress":[3,35],"elapsed":6.406}
{"model":"C:\\Users\\erena\\Desktop\\Nuclear Option Munitions Package\\cad\\phantom_visual_reboot\\src\\engine_bay_b2e.py::deployed_full","parent":null,"state":"building","phase":"Meshing components","progress":[4,35],"elapsed":6.422}
{"model":"C:\\Users\\erena\\Desktop\\Nuclear Option Munitions Package\\cad\\phantom_visual_reboot\\src\\engine_bay_b2e.py::deployed_full","parent":null,"state":"building","phase":"Meshing components","progress":[5,35],"elapsed":6.422}
{"model":"C:\\Users\\erena\\Desktop\\Nuclear Option Munitions Package\\cad\\phantom_visual_reboot\\src\\engine_bay_b2e.py::deployed_full","parent":null,"state":"building","phase":"Meshing components","progress":[6,35],"elapsed":6.422}
{"model":"C:\\Users\\erena\\Desktop\\Nuclear Option Munitions Package\\cad\\phantom_visual_reboot\\src\\engine_bay_b2e.py::deployed_full","parent":null,"state":"building","phase":"Meshing components","progress":[7,35],"elapsed":6.437}
{"model":"C:\\Users\\erena\\Desktop\\Nuclear Option Munitions Package\\cad\\phantom_visual_reboot\\src\\engine_bay_b2e.py::deployed_full","parent":null,"state":"building","phase":"Meshing components","progress":[8,35],"elapsed":6.453}
{"model":"C:\\Users\\erena\\Desktop\\Nuclear Option Munitions Package\\cad\\phantom_visual_reboot\\src\\engine_bay_b2e.py::deployed_full","parent":null,"state":"building","phase":"Meshing components","progress":[9,35],"elapsed":6.453}
{"model":"C:\\Users\\erena\\Desktop\\Nuclear Option Munitions Package\\cad\\phantom_visual_reboot\\src\\engine_bay_b2e.py::deployed_full","parent":null,"state":"building","phase":"Meshing components","progress":[10,35],"elapsed":6.469}
{"model":"C:\\Users\\erena\\Desktop\\Nuclear Option Munitions Package\\cad\\phantom_visual_reboot\\src\\engine_bay_b2e.py::deployed_full","parent":null,"state":"building","phase":"Meshing components","progress":[11,35],"elapsed":6.484}
{"model":"C:\\Users\\erena\\Desktop\\Nuclear Option Munitions Package\\cad\\phantom_visual_reboot\\src\\engine_bay_b2e.py::deployed_full","parent":null,"state":"building","phase":"Meshing components","progress":[12,35],"elapsed":6.484}
{"model":"C:\\Users\\erena\\Desktop\\Nuclear Option Munitions Package\\cad\\phantom_visual_reboot\\src\\engine_bay_b2e.py::deployed_full","parent":null,"state":"building","phase":"Meshing components","progress":[13,35],"elapsed":6.5}
{"model":"C:\\Users\\erena\\Desktop\\Nuclear Option Munitions Package\\cad\\phantom_visual_reboot\\src\\engine_bay_b2e.py::deployed_full","parent":null,"state":"building","phase":"Meshing components","progress":[14,35],"elapsed":6.516}
{"model":"C:\\Users\\erena\\Desktop\\Nuclear Option Munitions Package\\cad\\phantom_visual_reboot\\src\\engine_bay_b2e.py::deployed_full","parent":null,"state":"building","phase":"Meshing components","progress":[15,35],"elapsed":6.516}
{"model":"C:\\Users\\erena\\Desktop\\Nuclear Option Munitions Package\\cad\\phantom_visual_reboot\\src\\engine_bay_b2e.py::deployed_full","parent":null,"state":"building","phase":"Meshing components","progress":[16,35],"elapsed":6.531}
{"model":"C:\\Users\\erena\\Desktop\\Nuclear Option Munitions Package\\cad\\phantom_visual_reboot\\src\\engine_bay_b2e.py::deployed_full","parent":null,"state":"building","phase":"Meshing components","progress":[17,35],"elapsed":6.547}
{"model":"C:\\Users\\erena\\Desktop\\Nuclear Option Munitions Package\\cad\\phantom_visual_reboot\\src\\engine_bay_b2e.py::deployed_full","parent":null,"state":"building","phase":"Meshing components","progress":[18,35],"elapsed":6.562}
{"model":"C:\\Users\\erena\\Desktop\\Nuclear Option Munitions Package\\cad\\phantom_visual_reboot\\src\\engine_bay_b2e.py::deployed_full","parent":null,"state":"building","phase":"Meshing components","progress":[19,35],"elapsed":6.562}
{"model":"C:\\Users\\erena\\Desktop\\Nuclear Option Munitions Package\\cad\\phantom_visual_reboot\\src\\engine_bay_b2e.py::deployed_full","parent":null,"state":"building","phase":"Meshing components","progress":[20,35],"elapsed":6.578}
{"model":"C:\\Users\\erena\\Desktop\\Nuclear Option Munitions Package\\cad\\phantom_visual_reboot\\src\\engine_bay_b2e.py::deployed_full","parent":null,"state":"building","phase":"Meshing components","progress":[21,35],"elapsed":6.594}
{"model":"C:\\Users\\erena\\Desktop\\Nuclear Option Munitions Package\\cad\\phantom_visual_reboot\\src\\engine_bay_b2e.py::deployed_full","parent":null,"state":"building","phase":"Meshing components","progress":[22,35],"elapsed":6.609}
{"model":"C:\\Users\\erena\\Desktop\\Nuclear Option Munitions Package\\cad\\phantom_visual_reboot\\src\\engine_bay_b2e.py::deployed_full","parent":null,"state":"building","phase":"Meshing components","progress":[23,35],"elapsed":6.609}
{"model":"C:\\Users\\erena\\Desktop\\Nuclear Option Munitions Package\\cad\\phantom_visual_reboot\\src\\engine_bay_b2e.py::deployed_full","parent":null,"state":"building","phase":"Meshing components","progress":[24,35],"elapsed":6.625}
{"model":"C:\\Users\\erena\\Desktop\\Nuclear Option Munitions Package\\cad\\phantom_visual_reboot\\src\\engine_bay_b2e.py::deployed_full","parent":null,"state":"building","phase":"Meshing components","progress":[25,35],"elapsed":6.641}
{"model":"C:\\Users\\erena\\Desktop\\Nuclear Option Munitions Package\\cad\\phantom_visual_reboot\\src\\engine_bay_b2e.py::deployed_full","parent":null,"state":"building","phase":"Meshing components","progress":[26,35],"elapsed":6.641}
{"model":"C:\\Users\\erena\\Desktop\\Nuclear Option Munitions Package\\cad\\phantom_visual_reboot\\src\\engine_bay_b2e.py::deployed_full","parent":null,"state":"building","phase":"Meshing components","progress":[27,35],"elapsed":6.656}
{"model":"C:\\Users\\erena\\Desktop\\Nuclear Option Munitions Package\\cad\\phantom_visual_reboot\\src\\engine_bay_b2e.py::deployed_full","parent":null,"state":"building","phase":"Meshing components","progress":[28,35],"elapsed":6.672}
{"model":"C:\\Users\\erena\\Desktop\\Nuclear Option Munitions Package\\cad\\phantom_visual_reboot\\src\\engine_bay_b2e.py::deployed_full","parent":null,"state":"building","phase":"Meshing components","progress":[29,35],"elapsed":6.672}
{"model":"C:\\Users\\erena\\Desktop\\Nuclear Option Munitions Package\\cad\\phantom_visual_reboot\\src\\engine_bay_b2e.py::deployed_full","parent":null,"state":"building","phase":"Meshing components","progress":[30,35],"elapsed":6.687}
{"model":"C:\\Users\\erena\\Desktop\\Nuclear Option Munitions Package\\cad\\phantom_visual_reboot\\src\\engine_bay_b2e.py::deployed_full","parent":null,"state":"building","phase":"Meshing components","progress":[31,35],"elapsed":6.687}
{"model":"C:\\Users\\erena\\Desktop\\Nuclear Option Munitions Package\\cad\\phantom_visual_reboot\\src\\engine_bay_b2e.py::deployed_full","parent":null,"state":"building","phase":"Meshing components","progress":[32,35],"elapsed":6.703}
{"model":"C:\\Users\\erena\\Desktop\\Nuclear Option Munitions Package\\cad\\phantom_visual_reboot\\src\\engine_bay_b2e.py::deployed_full","parent":null,"state":"building","phase":"Meshing components","progress":[33,35],"elapsed":6.719}
{"model":"C:\\Users\\erena\\Desktop\\Nuclear Option Munitions Package\\cad\\phantom_visual_reboot\\src\\engine_bay_b2e.py::deployed_full","parent":null,"state":"building","phase":"Meshing components","progress":[34,35],"elapsed":6.719}
{"model":"C:\\Users\\erena\\Desktop\\Nuclear Option Munitions Package\\cad\\phantom_visual_reboot\\src\\engine_bay_b2e.py::deployed_full","parent":null,"state":"building","phase":"Meshing components","progress":[35,35],"elapsed":6.734}
{"model":"C:\\Users\\erena\\Desktop\\Nuclear Option Munitions Package\\cad\\phantom_visual_reboot\\src\\engine_bay_b2e.py::deployed_full","parent":null,"state":"building","phase":"Writing outputs","progress":null,"elapsed":6.75}
{"model":"C:\\Users\\erena\\Desktop\\Nuclear Option Munitions Package\\cad\\phantom_visual_reboot\\src\\engine_bay_b2e.py::deployed_full","parent":null,"state":"building","phase":"STEP saved","progress":null,"elapsed":6.922}
{"model":"C:\\Users\\erena\\Desktop\\Nuclear Option Munitions Package\\cad\\phantom_visual_reboot\\src\\engine_bay_b2e.py::deployed_full","parent":null,"state":"done","phase":"STEP saved","progress":null,"elapsed":7.008}
[cadgen] wrote STEP: C:/Users/erena/Desktop/Nuclear Option Munitions Package/cad/phantom_visual_reboot/STEP/S_EngineBay_B2E_Deployed_Full.step
built C:/Users/erena/Desktop/Nuclear Option Munitions Package/cad/phantom_visual_reboot/STEP/S_EngineBay_B2E_Deployed_Full.step
{"model":"C:\\Users\\erena\\Desktop\\Nuclear Option Munitions Package\\cad\\phantom_visual_reboot\\src\\engine_bay_b2e.py::stowed_full","parent":null,"state":"building","phase":"generate","progress":null,"elapsed":0.0}
{"model":"C:\\Users\\erena\\Desktop\\Nuclear Option Munitions Package\\cad\\phantom_visual_reboot\\src\\engine_bay_b2e.py::stowed_full","parent":null,"state":"building","phase":"Building geometry","progress":null,"elapsed":0.031}
{"model":"C:\\Users\\erena\\Desktop\\Nuclear Option Munitions Package\\cad\\phantom_visual_reboot\\src\\engine_bay_b2e.py::stowed_full","parent":null,"state":"building","phase":"Collecting parts","progress":null,"elapsed":2.359}
{"model":"C:\\Users\\erena\\Desktop\\Nuclear Option Munitions Package\\cad\\phantom_visual_reboot\\src\\engine_bay_b2e.py::stowed_full","parent":null,"state":"building","phase":"Meshing components","progress":[0,36],"elapsed":2.516}
{"model":"C:\\Users\\erena\\Desktop\\Nuclear Option Munitions Package\\cad\\phantom_visual_reboot\\src\\engine_bay_b2e.py::stowed_full","parent":null,"state":"building","phase":"Meshing components","progress":[1,36],"elapsed":2.531}
{"model":"C:\\Users\\erena\\Desktop\\Nuclear Option Munitions Package\\cad\\phantom_visual_reboot\\src\\engine_bay_b2e.py::stowed_full","parent":null,"state":"building","phase":"Meshing components","progress":[2,36],"elapsed":2.547}
{"model":"C:\\Users\\erena\\Desktop\\Nuclear Option Munitions Package\\cad\\phantom_visual_reboot\\src\\engine_bay_b2e.py::stowed_full","parent":null,"state":"building","phase":"Meshing components","progress":[3,36],"elapsed":2.563}
{"model":"C:\\Users\\erena\\Desktop\\Nuclear Option Munitions Package\\cad\\phantom_visual_reboot\\src\\engine_bay_b2e.py::stowed_full","parent":null,"state":"building","phase":"Meshing components","progress":[4,36],"elapsed":2.578}
{"model":"C:\\Users\\erena\\Desktop\\Nuclear Option Munitions Package\\cad\\phantom_visual_reboot\\src\\engine_bay_b2e.py::stowed_full","parent":null,"state":"building","phase":"Meshing components","progress":[5,36],"elapsed":2.578}
{"model":"C:\\Users\\erena\\Desktop\\Nuclear Option Munitions Package\\cad\\phantom_visual_reboot\\src\\engine_bay_b2e.py::stowed_full","parent":null,"state":"building","phase":"Meshing components","progress":[6,36],"elapsed":2.594}
{"model":"C:\\Users\\erena\\Desktop\\Nuclear Option Munitions Package\\cad\\phantom_visual_reboot\\src\\engine_bay_b2e.py::stowed_full","parent":null,"state":"building","phase":"Meshing components","progress":[7,36],"elapsed":2.609}
{"model":"C:\\Users\\erena\\Desktop\\Nuclear Option Munitions Package\\cad\\phantom_visual_reboot\\src\\engine_bay_b2e.py::stowed_full","parent":null,"state":"building","phase":"Meshing components","progress":[8,36],"elapsed":2.625}
{"model":"C:\\Users\\erena\\Desktop\\Nuclear Option Munitions Package\\cad\\phantom_visual_reboot\\src\\engine_bay_b2e.py::stowed_full","parent":null,"state":"building","phase":"Meshing components","progress":[9,36],"elapsed":2.625}
{"model":"C:\\Users\\erena\\Desktop\\Nuclear Option Munitions Package\\cad\\phantom_visual_reboot\\src\\engine_bay_b2e.py::stowed_full","parent":null,"state":"building","phase":"Meshing components","progress":[10,36],"elapsed":2.641}
{"model":"C:\\Users\\erena\\Desktop\\Nuclear Option Munitions Package\\cad\\phantom_visual_reboot\\src\\engine_bay_b2e.py::stowed_full","parent":null,"state":"building","phase":"Meshing components","progress":[11,36],"elapsed":2.641}
{"model":"C:\\Users\\erena\\Desktop\\Nuclear Option Munitions Package\\cad\\phantom_visual_reboot\\src\\engine_bay_b2e.py::stowed_full","parent":null,"state":"building","phase":"Meshing components","progress":[12,36],"elapsed":2.656}
{"model":"C:\\Users\\erena\\Desktop\\Nuclear Option Munitions Package\\cad\\phantom_visual_reboot\\src\\engine_bay_b2e.py::stowed_full","parent":null,"state":"building","phase":"Meshing components","progress":[13,36],"elapsed":2.656}
{"model":"C:\\Users\\erena\\Desktop\\Nuclear Option Munitions Package\\cad\\phantom_visual_reboot\\src\\engine_bay_b2e.py::stowed_full","parent":null,"state":"building","phase":"Meshing components","progress":[14,36],"elapsed":2.672}
{"model":"C:\\Users\\erena\\Desktop\\Nuclear Option Munitions Package\\cad\\phantom_visual_reboot\\src\\engine_bay_b2e.py::stowed_full","parent":null,"state":"building","phase":"Meshing components","progress":[15,36],"elapsed":2.688}
{"model":"C:\\Users\\erena\\Desktop\\Nuclear Option Munitions Package\\cad\\phantom_visual_reboot\\src\\engine_bay_b2e.py::stowed_full","parent":null,"state":"building","phase":"Meshing components","progress":[16,36],"elapsed":2.703}
{"model":"C:\\Users\\erena\\Desktop\\Nuclear Option Munitions Package\\cad\\phantom_visual_reboot\\src\\engine_bay_b2e.py::stowed_full","parent":null,"state":"building","phase":"Meshing components","progress":[17,36],"elapsed":2.719}
{"model":"C:\\Users\\erena\\Desktop\\Nuclear Option Munitions Package\\cad\\phantom_visual_reboot\\src\\engine_bay_b2e.py::stowed_full","parent":null,"state":"building","phase":"Meshing components","progress":[18,36],"elapsed":2.719}
{"model":"C:\\Users\\erena\\Desktop\\Nuclear Option Munitions Package\\cad\\phantom_visual_reboot\\src\\engine_bay_b2e.py::stowed_full","parent":null,"state":"building","phase":"Meshing components","progress":[19,36],"elapsed":2.734}
{"model":"C:\\Users\\erena\\Desktop\\Nuclear Option Munitions Package\\cad\\phantom_visual_reboot\\src\\engine_bay_b2e.py::stowed_full","parent":null,"state":"building","phase":"Meshing components","progress":[20,36],"elapsed":2.75}
{"model":"C:\\Users\\erena\\Desktop\\Nuclear Option Munitions Package\\cad\\phantom_visual_reboot\\src\\engine_bay_b2e.py::stowed_full","parent":null,"state":"building","phase":"Meshing components","progress":[21,36],"elapsed":2.766}
{"model":"C:\\Users\\erena\\Desktop\\Nuclear Option Munitions Package\\cad\\phantom_visual_reboot\\src\\engine_bay_b2e.py::stowed_full","parent":null,"state":"building","phase":"Meshing components","progress":[22,36],"elapsed":2.781}
{"model":"C:\\Users\\erena\\Desktop\\Nuclear Option Munitions Package\\cad\\phantom_visual_reboot\\src\\engine_bay_b2e.py::stowed_full","parent":null,"state":"building","phase":"Meshing components","progress":[23,36],"elapsed":2.781}
{"model":"C:\\Users\\erena\\Desktop\\Nuclear Option Munitions Package\\cad\\phantom_visual_reboot\\src\\engine_bay_b2e.py::stowed_full","parent":null,"state":"building","phase":"Meshing components","progress":[24,36],"elapsed":2.797}
{"model":"C:\\Users\\erena\\Desktop\\Nuclear Option Munitions Package\\cad\\phantom_visual_reboot\\src\\engine_bay_b2e.py::stowed_full","parent":null,"state":"building","phase":"Meshing components","progress":[25,36],"elapsed":2.813}
{"model":"C:\\Users\\erena\\Desktop\\Nuclear Option Munitions Package\\cad\\phantom_visual_reboot\\src\\engine_bay_b2e.py::stowed_full","parent":null,"state":"building","phase":"Meshing components","progress":[26,36],"elapsed":2.828}
{"model":"C:\\Users\\erena\\Desktop\\Nuclear Option Munitions Package\\cad\\phantom_visual_reboot\\src\\engine_bay_b2e.py::stowed_full","parent":null,"state":"building","phase":"Meshing components","progress":[27,36],"elapsed":2.844}
{"model":"C:\\Users\\erena\\Desktop\\Nuclear Option Munitions Package\\cad\\phantom_visual_reboot\\src\\engine_bay_b2e.py::stowed_full","parent":null,"state":"building","phase":"Meshing components","progress":[28,36],"elapsed":2.875}
{"model":"C:\\Users\\erena\\Desktop\\Nuclear Option Munitions Package\\cad\\phantom_visual_reboot\\src\\engine_bay_b2e.py::stowed_full","parent":null,"state":"building","phase":"Meshing components","progress":[29,36],"elapsed":2.891}
{"model":"C:\\Users\\erena\\Desktop\\Nuclear Option Munitions Package\\cad\\phantom_visual_reboot\\src\\engine_bay_b2e.py::stowed_full","parent":null,"state":"building","phase":"Meshing components","progress":[30,36],"elapsed":2.906}
{"model":"C:\\Users\\erena\\Desktop\\Nuclear Option Munitions Package\\cad\\phantom_visual_reboot\\src\\engine_bay_b2e.py::stowed_full","parent":null,"state":"building","phase":"Meshing components","progress":[31,36],"elapsed":2.922}
{"model":"C:\\Users\\erena\\Desktop\\Nuclear Option Munitions Package\\cad\\phantom_visual_reboot\\src\\engine_bay_b2e.py::stowed_full","parent":null,"state":"building","phase":"Meshing components","progress":[32,36],"elapsed":2.938}
{"model":"C:\\Users\\erena\\Desktop\\Nuclear Option Munitions Package\\cad\\phantom_visual_reboot\\src\\engine_bay_b2e.py::stowed_full","parent":null,"state":"building","phase":"Meshing components","progress":[33,36],"elapsed":2.953}
{"model":"C:\\Users\\erena\\Desktop\\Nuclear Option Munitions Package\\cad\\phantom_visual_reboot\\src\\engine_bay_b2e.py::stowed_full","parent":null,"state":"building","phase":"Meshing components","progress":[34,36],"elapsed":2.969}
{"model":"C:\\Users\\erena\\Desktop\\Nuclear Option Munitions Package\\cad\\phantom_visual_reboot\\src\\engine_bay_b2e.py::stowed_full","parent":null,"state":"building","phase":"Meshing components","progress":[35,36],"elapsed":2.984}
{"model":"C:\\Users\\erena\\Desktop\\Nuclear Option Munitions Package\\cad\\phantom_visual_reboot\\src\\engine_bay_b2e.py::stowed_full","parent":null,"state":"building","phase":"Meshing components","progress":[36,36],"elapsed":3.016}
{"model":"C:\\Users\\erena\\Desktop\\Nuclear Option Munitions Package\\cad\\phantom_visual_reboot\\src\\engine_bay_b2e.py::stowed_full","parent":null,"state":"building","phase":"Writing outputs","progress":null,"elapsed":3.031}
{"model":"C:\\Users\\erena\\Desktop\\Nuclear Option Munitions Package\\cad\\phantom_visual_reboot\\src\\engine_bay_b2e.py::stowed_full","parent":null,"state":"building","phase":"Source ready","progress":null,"elapsed":3.531}
{"model":"C:\\Users\\erena\\Desktop\\Nuclear Option Munitions Package\\cad\\phantom_visual_reboot\\src\\engine_bay_b2e.py::stowed_full","parent":null,"state":"building","phase":"Saving STEP","progress":null,"elapsed":3.547}
{"model":"C:\\Users\\erena\\Desktop\\Nuclear Option Munitions Package\\cad\\phantom_visual_reboot\\src\\engine_bay_b2e.py::stowed_full","parent":null,"state":"building","phase":"Collecting parts","progress":null,"elapsed":6.578}
{"model":"C:\\Users\\erena\\Desktop\\Nuclear Option Munitions Package\\cad\\phantom_visual_reboot\\src\\engine_bay_b2e.py::stowed_full","parent":null,"state":"building","phase":"Meshing components","progress":[0,35],"elapsed":6.641}
{"model":"C:\\Users\\erena\\Desktop\\Nuclear Option Munitions Package\\cad\\phantom_visual_reboot\\src\\engine_bay_b2e.py::stowed_full","parent":null,"state":"building","phase":"Meshing components","progress":[1,35],"elapsed":6.656}
{"model":"C:\\Users\\erena\\Desktop\\Nuclear Option Munitions Package\\cad\\phantom_visual_reboot\\src\\engine_bay_b2e.py::stowed_full","parent":null,"state":"building","phase":"Meshing components","progress":[2,35],"elapsed":6.688}
{"model":"C:\\Users\\erena\\Desktop\\Nuclear Option Munitions Package\\cad\\phantom_visual_reboot\\src\\engine_bay_b2e.py::stowed_full","parent":null,"state":"building","phase":"Meshing components","progress":[3,35],"elapsed":6.719}
{"model":"C:\\Users\\erena\\Desktop\\Nuclear Option Munitions Package\\cad\\phantom_visual_reboot\\src\\engine_bay_b2e.py::stowed_full","parent":null,"state":"building","phase":"Meshing components","progress":[4,35],"elapsed":6.734}
{"model":"C:\\Users\\erena\\Desktop\\Nuclear Option Munitions Package\\cad\\phantom_visual_reboot\\src\\engine_bay_b2e.py::stowed_full","parent":null,"state":"building","phase":"Meshing components","progress":[5,35],"elapsed":6.766}
{"model":"C:\\Users\\erena\\Desktop\\Nuclear Option Munitions Package\\cad\\phantom_visual_reboot\\src\\engine_bay_b2e.py::stowed_full","parent":null,"state":"building","phase":"Meshing components","progress":[6,35],"elapsed":6.781}
{"model":"C:\\Users\\erena\\Desktop\\Nuclear Option Munitions Package\\cad\\phantom_visual_reboot\\src\\engine_bay_b2e.py::stowed_full","parent":null,"state":"building","phase":"Meshing components","progress":[7,35],"elapsed":6.813}
{"model":"C:\\Users\\erena\\Desktop\\Nuclear Option Munitions Package\\cad\\phantom_visual_reboot\\src\\engine_bay_b2e.py::stowed_full","parent":null,"state":"building","phase":"Meshing components","progress":[8,35],"elapsed":6.828}
{"model":"C:\\Users\\erena\\Desktop\\Nuclear Option Munitions Package\\cad\\phantom_visual_reboot\\src\\engine_bay_b2e.py::stowed_full","parent":null,"state":"building","phase":"Meshing components","progress":[9,35],"elapsed":6.859}
{"model":"C:\\Users\\erena\\Desktop\\Nuclear Option Munitions Package\\cad\\phantom_visual_reboot\\src\\engine_bay_b2e.py::stowed_full","parent":null,"state":"building","phase":"Meshing components","progress":[10,35],"elapsed":6.875}
{"model":"C:\\Users\\erena\\Desktop\\Nuclear Option Munitions Package\\cad\\phantom_visual_reboot\\src\\engine_bay_b2e.py::stowed_full","parent":null,"state":"building","phase":"Meshing components","progress":[11,35],"elapsed":6.906}
{"model":"C:\\Users\\erena\\Desktop\\Nuclear Option Munitions Package\\cad\\phantom_visual_reboot\\src\\engine_bay_b2e.py::stowed_full","parent":null,"state":"building","phase":"Meshing components","progress":[12,35],"elapsed":6.922}
{"model":"C:\\Users\\erena\\Desktop\\Nuclear Option Munitions Package\\cad\\phantom_visual_reboot\\src\\engine_bay_b2e.py::stowed_full","parent":null,"state":"building","phase":"Meshing components","progress":[13,35],"elapsed":6.938}
{"model":"C:\\Users\\erena\\Desktop\\Nuclear Option Munitions Package\\cad\\phantom_visual_reboot\\src\\engine_bay_b2e.py::stowed_full","parent":null,"state":"building","phase":"Meshing components","progress":[14,35],"elapsed":6.969}
{"model":"C:\\Users\\erena\\Desktop\\Nuclear Option Munitions Package\\cad\\phantom_visual_reboot\\src\\engine_bay_b2e.py::stowed_full","parent":null,"state":"building","phase":"Meshing components","progress":[15,35],"elapsed":6.984}
{"model":"C:\\Users\\erena\\Desktop\\Nuclear Option Munitions Package\\cad\\phantom_visual_reboot\\src\\engine_bay_b2e.py::stowed_full","parent":null,"state":"building","phase":"Meshing components","progress":[16,35],"elapsed":7.0}
{"model":"C:\\Users\\erena\\Desktop\\Nuclear Option Munitions Package\\cad\\phantom_visual_reboot\\src\\engine_bay_b2e.py::stowed_full","parent":null,"state":"building","phase":"Meshing components","progress":[17,35],"elapsed":7.0}
{"model":"C:\\Users\\erena\\Desktop\\Nuclear Option Munitions Package\\cad\\phantom_visual_reboot\\src\\engine_bay_b2e.py::stowed_full","parent":null,"state":"building","phase":"Meshing components","progress":[18,35],"elapsed":7.016}
{"model":"C:\\Users\\erena\\Desktop\\Nuclear Option Munitions Package\\cad\\phantom_visual_reboot\\src\\engine_bay_b2e.py::stowed_full","parent":null,"state":"building","phase":"Meshing components","progress":[19,35],"elapsed":7.016}
{"model":"C:\\Users\\erena\\Desktop\\Nuclear Option Munitions Package\\cad\\phantom_visual_reboot\\src\\engine_bay_b2e.py::stowed_full","parent":null,"state":"building","phase":"Meshing components","progress":[20,35],"elapsed":7.031}
{"model":"C:\\Users\\erena\\Desktop\\Nuclear Option Munitions Package\\cad\\phantom_visual_reboot\\src\\engine_bay_b2e.py::stowed_full","parent":null,"state":"building","phase":"Meshing components","progress":[21,35],"elapsed":7.047}
{"model":"C:\\Users\\erena\\Desktop\\Nuclear Option Munitions Package\\cad\\phantom_visual_reboot\\src\\engine_bay_b2e.py::stowed_full","parent":null,"state":"building","phase":"Meshing components","progress":[22,35],"elapsed":7.063}
{"model":"C:\\Users\\erena\\Desktop\\Nuclear Option Munitions Package\\cad\\phantom_visual_reboot\\src\\engine_bay_b2e.py::stowed_full","parent":null,"state":"building","phase":"Meshing components","progress":[23,35],"elapsed":7.063}
{"model":"C:\\Users\\erena\\Desktop\\Nuclear Option Munitions Package\\cad\\phantom_visual_reboot\\src\\engine_bay_b2e.py::stowed_full","parent":null,"state":"building","phase":"Meshing components","progress":[24,35],"elapsed":7.078}
{"model":"C:\\Users\\erena\\Desktop\\Nuclear Option Munitions Package\\cad\\phantom_visual_reboot\\src\\engine_bay_b2e.py::stowed_full","parent":null,"state":"building","phase":"Meshing components","progress":[25,35],"elapsed":7.078}
{"model":"C:\\Users\\erena\\Desktop\\Nuclear Option Munitions Package\\cad\\phantom_visual_reboot\\src\\engine_bay_b2e.py::stowed_full","parent":null,"state":"building","phase":"Meshing components","progress":[26,35],"elapsed":7.094}
{"model":"C:\\Users\\erena\\Desktop\\Nuclear Option Munitions Package\\cad\\phantom_visual_reboot\\src\\engine_bay_b2e.py::stowed_full","parent":null,"state":"building","phase":"Meshing components","progress":[27,35],"elapsed":7.109}
{"model":"C:\\Users\\erena\\Desktop\\Nuclear Option Munitions Package\\cad\\phantom_visual_reboot\\src\\engine_bay_b2e.py::stowed_full","parent":null,"state":"building","phase":"Meshing components","progress":[28,35],"elapsed":7.109}
{"model":"C:\\Users\\erena\\Desktop\\Nuclear Option Munitions Package\\cad\\phantom_visual_reboot\\src\\engine_bay_b2e.py::stowed_full","parent":null,"state":"building","phase":"Meshing components","progress":[29,35],"elapsed":7.125}
{"model":"C:\\Users\\erena\\Desktop\\Nuclear Option Munitions Package\\cad\\phantom_visual_reboot\\src\\engine_bay_b2e.py::stowed_full","parent":null,"state":"building","phase":"Meshing components","progress":[30,35],"elapsed":7.125}
{"model":"C:\\Users\\erena\\Desktop\\Nuclear Option Munitions Package\\cad\\phantom_visual_reboot\\src\\engine_bay_b2e.py::stowed_full","parent":null,"state":"building","phase":"Meshing components","progress":[31,35],"elapsed":7.141}
{"model":"C:\\Users\\erena\\Desktop\\Nuclear Option Munitions Package\\cad\\phantom_visual_reboot\\src\\engine_bay_b2e.py::stowed_full","parent":null,"state":"building","phase":"Meshing components","progress":[32,35],"elapsed":7.141}
{"model":"C:\\Users\\erena\\Desktop\\Nuclear Option Munitions Package\\cad\\phantom_visual_reboot\\src\\engine_bay_b2e.py::stowed_full","parent":null,"state":"building","phase":"Meshing components","progress":[33,35],"elapsed":7.156}
{"model":"C:\\Users\\erena\\Desktop\\Nuclear Option Munitions Package\\cad\\phantom_visual_reboot\\src\\engine_bay_b2e.py::stowed_full","parent":null,"state":"building","phase":"Meshing components","progress":[34,35],"elapsed":7.172}
{"model":"C:\\Users\\erena\\Desktop\\Nuclear Option Munitions Package\\cad\\phantom_visual_reboot\\src\\engine_bay_b2e.py::stowed_full","parent":null,"state":"building","phase":"Meshing components","progress":[35,35],"elapsed":7.172}
{"model":"C:\\Users\\erena\\Desktop\\Nuclear Option Munitions Package\\cad\\phantom_visual_reboot\\src\\engine_bay_b2e.py::stowed_full","parent":null,"state":"building","phase":"Writing outputs","progress":null,"elapsed":7.188}
{"model":"C:\\Users\\erena\\Desktop\\Nuclear Option Munitions Package\\cad\\phantom_visual_reboot\\src\\engine_bay_b2e.py::stowed_full","parent":null,"state":"building","phase":"STEP saved","progress":null,"elapsed":7.313}
{"model":"C:\\Users\\erena\\Desktop\\Nuclear Option Munitions Package\\cad\\phantom_visual_reboot\\src\\engine_bay_b2e.py::stowed_full","parent":null,"state":"done","phase":"STEP saved","progress":null,"elapsed":7.395}
[cadgen] wrote STEP: C:/Users/erena/Desktop/Nuclear Option Munitions Package/cad/phantom_visual_reboot/STEP/S_EngineBay_B2E_Stowed_Full.step
built C:/Users/erena/Desktop/Nuclear Option Munitions Package/cad/phantom_visual_reboot/STEP/S_EngineBay_B2E_Stowed_Full.step
