{"model":"C:\\Users\\erena\\Desktop\\Nuclear Option Munitions Package\\cad\\phantom_visual_reboot\\src\\engine_bay_cosmetic.py::deployed_full","parent":null,"state":"building","phase":"generate","progress":null,"elapsed":0.0}
{"model":"C:\\Users\\erena\\Desktop\\Nuclear Option Munitions Package\\cad\\phantom_visual_reboot\\src\\engine_bay_cosmetic.py::deployed_full","parent":null,"state":"building","phase":"Building geometry","progress":null,"elapsed":0.016}
{"model":"C:\\Users\\erena\\Desktop\\Nuclear Option Munitions Package\\cad\\phantom_visual_reboot\\src\\engine_bay_cosmetic.py::deployed_full","parent":null,"state":"building","phase":"Collecting parts","progress":null,"elapsed":10.891}
{"model":"C:\\Users\\erena\\Desktop\\Nuclear Option Munitions Package\\cad\\phantom_visual_reboot\\src\\engine_bay_cosmetic.py::deployed_full","parent":null,"state":"building","phase":"Meshing components","progress":[0,36],"elapsed":10.969}
{"model":"C:\\Users\\erena\\Desktop\\Nuclear Option Munitions Package\\cad\\phantom_visual_reboot\\src\\engine_bay_cosmetic.py::deployed_full","parent":null,"state":"building","phase":"Meshing components","progress":[1,36],"elapsed":10.969}
{"model":"C:\\Users\\erena\\Desktop\\Nuclear Option Munitions Package\\cad\\phantom_visual_reboot\\src\\engine_bay_cosmetic.py::deployed_full","parent":null,"state":"building","phase":"Meshing components","progress":[2,36],"elapsed":10.985}
{"model":"C:\\Users\\erena\\Desktop\\Nuclear Option Munitions Package\\cad\\phantom_visual_reboot\\src\\engine_bay_cosmetic.py::deployed_full","parent":null,"state":"building","phase":"Meshing components","progress":[3,36],"elapsed":10.985}
{"model":"C:\\Users\\erena\\Desktop\\Nuclear Option Munitions Package\\cad\\phantom_visual_reboot\\src\\engine_bay_cosmetic.py::deployed_full","parent":null,"state":"building","phase":"Meshing components","progress":[4,36],"elapsed":10.985}
{"model":"C:\\Users\\erena\\Desktop\\Nuclear Option Munitions Package\\cad\\phantom_visual_reboot\\src\\engine_bay_cosmetic.py::deployed_full","parent":null,"state":"building","phase":"Meshing components","progress":[5,36],"elapsed":10.985}
{"model":"C:\\Users\\erena\\Desktop\\Nuclear Option Munitions Package\\cad\\phantom_visual_reboot\\src\\engine_bay_cosmetic.py::deployed_full","parent":null,"state":"building","phase":"Meshing components","progress":[6,36],"elapsed":10.985}
{"model":"C:\\Users\\erena\\Desktop\\Nuclear Option Munitions Package\\cad\\phantom_visual_reboot\\src\\engine_bay_cosmetic.py::deployed_full","parent":null,"state":"building","phase":"Meshing components","progress":[7,36],"elapsed":10.985}
{"model":"C:\\Users\\erena\\Desktop\\Nuclear Option Munitions Package\\cad\\phantom_visual_reboot\\src\\engine_bay_cosmetic.py::deployed_full","parent":null,"state":"building","phase":"Meshing components","progress":[8,36],"elapsed":10.985}
{"model":"C:\\Users\\erena\\Desktop\\Nuclear Option Munitions Package\\cad\\phantom_visual_reboot\\src\\engine_bay_cosmetic.py::deployed_full","parent":null,"state":"building","phase":"Meshing components","progress":[9,36],"elapsed":10.985}
{"model":"C:\\Users\\erena\\Desktop\\Nuclear Option Munitions Package\\cad\\phantom_visual_reboot\\src\\engine_bay_cosmetic.py::deployed_full","parent":null,"state":"building","phase":"Meshing components","progress":[10,36],"elapsed":11.0}
{"model":"C:\\Users\\erena\\Desktop\\Nuclear Option Munitions Package\\cad\\phantom_visual_reboot\\src\\engine_bay_cosmetic.py::deployed_full","parent":null,"state":"building","phase":"Meshing components","progress":[11,36],"elapsed":11.0}
{"model":"C:\\Users\\erena\\Desktop\\Nuclear Option Munitions Package\\cad\\phantom_visual_reboot\\src\\engine_bay_cosmetic.py::deployed_full","parent":null,"state":"building","phase":"Meshing components","progress":[12,36],"elapsed":11.0}
{"model":"C:\\Users\\erena\\Desktop\\Nuclear Option Munitions Package\\cad\\phantom_visual_reboot\\src\\engine_bay_cosmetic.py::deployed_full","parent":null,"state":"building","phase":"Meshing components","progress":[13,36],"elapsed":11.0}
{"model":"C:\\Users\\erena\\Desktop\\Nuclear Option Munitions Package\\cad\\phantom_visual_reboot\\src\\engine_bay_cosmetic.py::deployed_full","parent":null,"state":"building","phase":"Meshing components","progress":[14,36],"elapsed":11.016}
{"model":"C:\\Users\\erena\\Desktop\\Nuclear Option Munitions Package\\cad\\phantom_visual_reboot\\src\\engine_bay_cosmetic.py::deployed_full","parent":null,"state":"building","phase":"Meshing components","progress":[15,36],"elapsed":11.016}
{"model":"C:\\Users\\erena\\Desktop\\Nuclear Option Munitions Package\\cad\\phantom_visual_reboot\\src\\engine_bay_cosmetic.py::deployed_full","parent":null,"state":"building","phase":"Meshing components","progress":[16,36],"elapsed":11.016}
{"model":"C:\\Users\\erena\\Desktop\\Nuclear Option Munitions Package\\cad\\phantom_visual_reboot\\src\\engine_bay_cosmetic.py::deployed_full","parent":null,"state":"building","phase":"Meshing components","progress":[17,36],"elapsed":11.016}
{"model":"C:\\Users\\erena\\Desktop\\Nuclear Option Munitions Package\\cad\\phantom_visual_reboot\\src\\engine_bay_cosmetic.py::deployed_full","parent":null,"state":"building","phase":"Meshing components","progress":[18,36],"elapsed":11.016}
{"model":"C:\\Users\\erena\\Desktop\\Nuclear Option Munitions Package\\cad\\phantom_visual_reboot\\src\\engine_bay_cosmetic.py::deployed_full","parent":null,"state":"building","phase":"Meshing components","progress":[19,36],"elapsed":11.016}
{"model":"C:\\Users\\erena\\Desktop\\Nuclear Option Munitions Package\\cad\\phantom_visual_reboot\\src\\engine_bay_cosmetic.py::deployed_full","parent":null,"state":"building","phase":"Meshing components","progress":[20,36],"elapsed":11.032}
{"model":"C:\\Users\\erena\\Desktop\\Nuclear Option Munitions Package\\cad\\phantom_visual_reboot\\src\\engine_bay_cosmetic.py::deployed_full","parent":null,"state":"building","phase":"Meshing components","progress":[21,36],"elapsed":11.047}
{"model":"C:\\Users\\erena\\Desktop\\Nuclear Option Munitions Package\\cad\\phantom_visual_reboot\\src\\engine_bay_cosmetic.py::deployed_full","parent":null,"state":"building","phase":"Meshing components","progress":[22,36],"elapsed":11.047}
{"model":"C:\\Users\\erena\\Desktop\\Nuclear Option Munitions Package\\cad\\phantom_visual_reboot\\src\\engine_bay_cosmetic.py::deployed_full","parent":null,"state":"building","phase":"Meshing components","progress":[23,36],"elapsed":11.063}
{"model":"C:\\Users\\erena\\Desktop\\Nuclear Option Munitions Package\\cad\\phantom_visual_reboot\\src\\engine_bay_cosmetic.py::deployed_full","parent":null,"state":"building","phase":"Meshing components","progress":[24,36],"elapsed":11.063}
{"model":"C:\\Users\\erena\\Desktop\\Nuclear Option Munitions Package\\cad\\phantom_visual_reboot\\src\\engine_bay_cosmetic.py::deployed_full","parent":null,"state":"building","phase":"Meshing components","progress":[25,36],"elapsed":11.063}
{"model":"C:\\Users\\erena\\Desktop\\Nuclear Option Munitions Package\\cad\\phantom_visual_reboot\\src\\engine_bay_cosmetic.py::deployed_full","parent":null,"state":"building","phase":"Meshing components","progress":[26,36],"elapsed":11.078}
{"model":"C:\\Users\\erena\\Desktop\\Nuclear Option Munitions Package\\cad\\phantom_visual_reboot\\src\\engine_bay_cosmetic.py::deployed_full","parent":null,"state":"building","phase":"Meshing components","progress":[27,36],"elapsed":11.094}
{"model":"C:\\Users\\erena\\Desktop\\Nuclear Option Munitions Package\\cad\\phantom_visual_reboot\\src\\engine_bay_cosmetic.py::deployed_full","parent":null,"state":"building","phase":"Meshing components","progress":[28,36],"elapsed":11.11}
{"model":"C:\\Users\\erena\\Desktop\\Nuclear Option Munitions Package\\cad\\phantom_visual_reboot\\src\\engine_bay_cosmetic.py::deployed_full","parent":null,"state":"building","phase":"Meshing components","progress":[29,36],"elapsed":11.11}
{"model":"C:\\Users\\erena\\Desktop\\Nuclear Option Munitions Package\\cad\\phantom_visual_reboot\\src\\engine_bay_cosmetic.py::deployed_full","parent":null,"state":"building","phase":"Meshing components","progress":[30,36],"elapsed":11.125}
{"model":"C:\\Users\\erena\\Desktop\\Nuclear Option Munitions Package\\cad\\phantom_visual_reboot\\src\\engine_bay_cosmetic.py::deployed_full","parent":null,"state":"building","phase":"Meshing components","progress":[31,36],"elapsed":11.141}
{"model":"C:\\Users\\erena\\Desktop\\Nuclear Option Munitions Package\\cad\\phantom_visual_reboot\\src\\engine_bay_cosmetic.py::deployed_full","parent":null,"state":"building","phase":"Meshing components","progress":[32,36],"elapsed":11.157}
{"model":"C:\\Users\\erena\\Desktop\\Nuclear Option Munitions Package\\cad\\phantom_visual_reboot\\src\\engine_bay_cosmetic.py::deployed_full","parent":null,"state":"building","phase":"Meshing components","progress":[33,36],"elapsed":11.188}
{"model":"C:\\Users\\erena\\Desktop\\Nuclear Option Munitions Package\\cad\\phantom_visual_reboot\\src\\engine_bay_cosmetic.py::deployed_full","parent":null,"state":"building","phase":"Meshing components","progress":[34,36],"elapsed":11.203}
{"model":"C:\\Users\\erena\\Desktop\\Nuclear Option Munitions Package\\cad\\phantom_visual_reboot\\src\\engine_bay_cosmetic.py::deployed_full","parent":null,"state":"building","phase":"Meshing components","progress":[35,36],"elapsed":11.219}
{"model":"C:\\Users\\erena\\Desktop\\Nuclear Option Munitions Package\\cad\\phantom_visual_reboot\\src\\engine_bay_cosmetic.py::deployed_full","parent":null,"state":"building","phase":"Meshing components","progress":[36,36],"elapsed":11.25}
{"model":"C:\\Users\\erena\\Desktop\\Nuclear Option Munitions Package\\cad\\phantom_visual_reboot\\src\\engine_bay_cosmetic.py::deployed_full","parent":null,"state":"building","phase":"Writing outputs","progress":null,"elapsed":11.25}
{"model":"C:\\Users\\erena\\Desktop\\Nuclear Option Munitions Package\\cad\\phantom_visual_reboot\\src\\engine_bay_cosmetic.py::deployed_full","parent":null,"state":"building","phase":"Source ready","progress":null,"elapsed":12.219}
{"model":"C:\\Users\\erena\\Desktop\\Nuclear Option Munitions Package\\cad\\phantom_visual_reboot\\src\\engine_bay_cosmetic.py::deployed_full","parent":null,"state":"building","phase":"Saving STEP","progress":null,"elapsed":12.219}
{"model":"C:\\Users\\erena\\Desktop\\Nuclear Option Munitions Package\\cad\\phantom_visual_reboot\\src\\engine_bay_cosmetic.py::deployed_full","parent":null,"state":"building","phase":"Collecting parts","progress":null,"elapsed":15.969}
{"model":"C:\\Users\\erena\\Desktop\\Nuclear Option Munitions Package\\cad\\phantom_visual_reboot\\src\\engine_bay_cosmetic.py::deployed_full","parent":null,"state":"building","phase":"Meshing components","progress":[0,35],"elapsed":16.0}
{"model":"C:\\Users\\erena\\Desktop\\Nuclear Option Munitions Package\\cad\\phantom_visual_reboot\\src\\engine_bay_cosmetic.py::deployed_full","parent":null,"state":"building","phase":"Meshing components","progress":[1,35],"elapsed":16.016}
{"model":"C:\\Users\\erena\\Desktop\\Nuclear Option Munitions Package\\cad\\phantom_visual_reboot\\src\\engine_bay_cosmetic.py::deployed_full","parent":null,"state":"building","phase":"Meshing components","progress":[2,35],"elapsed":16.016}
{"model":"C:\\Users\\erena\\Desktop\\Nuclear Option Munitions Package\\cad\\phantom_visual_reboot\\src\\engine_bay_cosmetic.py::deployed_full","parent":null,"state":"building","phase":"Meshing components","progress":[3,35],"elapsed":16.016}
{"model":"C:\\Users\\erena\\Desktop\\Nuclear Option Munitions Package\\cad\\phantom_visual_reboot\\src\\engine_bay_cosmetic.py::deployed_full","parent":null,"state":"building","phase":"Meshing components","progress":[4,35],"elapsed":16.032}
{"model":"C:\\Users\\erena\\Desktop\\Nuclear Option Munitions Package\\cad\\phantom_visual_reboot\\src\\engine_bay_cosmetic.py::deployed_full","parent":null,"state":"building","phase":"Meshing components","progress":[5,35],"elapsed":16.032}
{"model":"C:\\Users\\erena\\Desktop\\Nuclear Option Munitions Package\\cad\\phantom_visual_reboot\\src\\engine_bay_cosmetic.py::deployed_full","parent":null,"state":"building","phase":"Meshing components","progress":[6,35],"elapsed":16.047}
{"model":"C:\\Users\\erena\\Desktop\\Nuclear Option Munitions Package\\cad\\phantom_visual_reboot\\src\\engine_bay_cosmetic.py::deployed_full","parent":null,"state":"building","phase":"Meshing components","progress":[7,35],"elapsed":16.047}
{"model":"C:\\Users\\erena\\Desktop\\Nuclear Option Munitions Package\\cad\\phantom_visual_reboot\\src\\engine_bay_cosmetic.py::deployed_full","parent":null,"state":"building","phase":"Meshing components","progress":[8,35],"elapsed":16.047}
{"model":"C:\\Users\\erena\\Desktop\\Nuclear Option Munitions Package\\cad\\phantom_visual_reboot\\src\\engine_bay_cosmetic.py::deployed_full","parent":null,"state":"building","phase":"Meshing components","progress":[9,35],"elapsed":16.063}
{"model":"C:\\Users\\erena\\Desktop\\Nuclear Option Munitions Package\\cad\\phantom_visual_reboot\\src\\engine_bay_cosmetic.py::deployed_full","parent":null,"state":"building","phase":"Meshing components","progress":[10,35],"elapsed":16.063}
{"model":"C:\\Users\\erena\\Desktop\\Nuclear Option Munitions Package\\cad\\phantom_visual_reboot\\src\\engine_bay_cosmetic.py::deployed_full","parent":null,"state":"building","phase":"Meshing components","progress":[11,35],"elapsed":16.078}
{"model":"C:\\Users\\erena\\Desktop\\Nuclear Option Munitions Package\\cad\\phantom_visual_reboot\\src\\engine_bay_cosmetic.py::deployed_full","parent":null,"state":"building","phase":"Meshing components","progress":[12,35],"elapsed":16.078}
{"model":"C:\\Users\\erena\\Desktop\\Nuclear Option Munitions Package\\cad\\phantom_visual_reboot\\src\\engine_bay_cosmetic.py::deployed_full","parent":null,"state":"building","phase":"Meshing components","progress":[13,35],"elapsed":16.078}
{"model":"C:\\Users\\erena\\Desktop\\Nuclear Option Munitions Package\\cad\\phantom_visual_reboot\\src\\engine_bay_cosmetic.py::deployed_full","parent":null,"state":"building","phase":"Meshing components","progress":[14,35],"elapsed":16.094}
{"model":"C:\\Users\\erena\\Desktop\\Nuclear Option Munitions Package\\cad\\phantom_visual_reboot\\src\\engine_bay_cosmetic.py::deployed_full","parent":null,"state":"building","phase":"Meshing components","progress":[15,35],"elapsed":16.094}
{"model":"C:\\Users\\erena\\Desktop\\Nuclear Option Munitions Package\\cad\\phantom_visual_reboot\\src\\engine_bay_cosmetic.py::deployed_full","parent":null,"state":"building","phase":"Meshing components","progress":[16,35],"elapsed":16.094}
{"model":"C:\\Users\\erena\\Desktop\\Nuclear Option Munitions Package\\cad\\phantom_visual_reboot\\src\\engine_bay_cosmetic.py::deployed_full","parent":null,"state":"building","phase":"Meshing components","progress":[17,35],"elapsed":16.11}
{"model":"C:\\Users\\erena\\Desktop\\Nuclear Option Munitions Package\\cad\\phantom_visual_reboot\\src\\engine_bay_cosmetic.py::deployed_full","parent":null,"state":"building","phase":"Meshing components","progress":[18,35],"elapsed":16.11}
{"model":"C:\\Users\\erena\\Desktop\\Nuclear Option Munitions Package\\cad\\phantom_visual_reboot\\src\\engine_bay_cosmetic.py::deployed_full","parent":null,"state":"building","phase":"Meshing components","progress":[19,35],"elapsed":16.11}
{"model":"C:\\Users\\erena\\Desktop\\Nuclear Option Munitions Package\\cad\\phantom_visual_reboot\\src\\engine_bay_cosmetic.py::deployed_full","parent":null,"state":"building","phase":"Meshing components","progress":[20,35],"elapsed":16.11}
{"model":"C:\\Users\\erena\\Desktop\\Nuclear Option Munitions Package\\cad\\phantom_visual_reboot\\src\\engine_bay_cosmetic.py::deployed_full","parent":null,"state":"building","phase":"Meshing components","progress":[21,35],"elapsed":16.11}
{"model":"C:\\Users\\erena\\Desktop\\Nuclear Option Munitions Package\\cad\\phantom_visual_reboot\\src\\engine_bay_cosmetic.py::deployed_full","parent":null,"state":"building","phase":"Meshing components","progress":[22,35],"elapsed":16.125}
{"model":"C:\\Users\\erena\\Desktop\\Nuclear Option Munitions Package\\cad\\phantom_visual_reboot\\src\\engine_bay_cosmetic.py::deployed_full","parent":null,"state":"building","phase":"Meshing components","progress":[23,35],"elapsed":16.141}
{"model":"C:\\Users\\erena\\Desktop\\Nuclear Option Munitions Package\\cad\\phantom_visual_reboot\\src\\engine_bay_cosmetic.py::deployed_full","parent":null,"state":"building","phase":"Meshing components","progress":[24,35],"elapsed":16.141}
{"model":"C:\\Users\\erena\\Desktop\\Nuclear Option Munitions Package\\cad\\phantom_visual_reboot\\src\\engine_bay_cosmetic.py::deployed_full","parent":null,"state":"building","phase":"Meshing components","progress":[25,35],"elapsed":16.172}
{"model":"C:\\Users\\erena\\Desktop\\Nuclear Option Munitions Package\\cad\\phantom_visual_reboot\\src\\engine_bay_cosmetic.py::deployed_full","parent":null,"state":"building","phase":"Meshing components","progress":[26,35],"elapsed":16.172}
{"model":"C:\\Users\\erena\\Desktop\\Nuclear Option Munitions Package\\cad\\phantom_visual_reboot\\src\\engine_bay_cosmetic.py::deployed_full","parent":null,"state":"building","phase":"Meshing components","progress":[27,35],"elapsed":16.188}
{"model":"C:\\Users\\erena\\Desktop\\Nuclear Option Munitions Package\\cad\\phantom_visual_reboot\\src\\engine_bay_cosmetic.py::deployed_full","parent":null,"state":"building","phase":"Meshing components","progress":[28,35],"elapsed":16.188}
{"model":"C:\\Users\\erena\\Desktop\\Nuclear Option Munitions Package\\cad\\phantom_visual_reboot\\src\\engine_bay_cosmetic.py::deployed_full","parent":null,"state":"building","phase":"Meshing components","progress":[29,35],"elapsed":16.203}
{"model":"C:\\Users\\erena\\Desktop\\Nuclear Option Munitions Package\\cad\\phantom_visual_reboot\\src\\engine_bay_cosmetic.py::deployed_full","parent":null,"state":"building","phase":"Meshing components","progress":[30,35],"elapsed":16.203}
{"model":"C:\\Users\\erena\\Desktop\\Nuclear Option Munitions Package\\cad\\phantom_visual_reboot\\src\\engine_bay_cosmetic.py::deployed_full","parent":null,"state":"building","phase":"Meshing components","progress":[31,35],"elapsed":16.219}
{"model":"C:\\Users\\erena\\Desktop\\Nuclear Option Munitions Package\\cad\\phantom_visual_reboot\\src\\engine_bay_cosmetic.py::deployed_full","parent":null,"state":"building","phase":"Meshing components","progress":[32,35],"elapsed":16.219}
{"model":"C:\\Users\\erena\\Desktop\\Nuclear Option Munitions Package\\cad\\phantom_visual_reboot\\src\\engine_bay_cosmetic.py::deployed_full","parent":null,"state":"building","phase":"Meshing components","progress":[33,35],"elapsed":16.235}
{"model":"C:\\Users\\erena\\Desktop\\Nuclear Option Munitions Package\\cad\\phantom_visual_reboot\\src\\engine_bay_cosmetic.py::deployed_full","parent":null,"state":"building","phase":"Meshing components","progress":[34,35],"elapsed":16.235}
{"model":"C:\\Users\\erena\\Desktop\\Nuclear Option Munitions Package\\cad\\phantom_visual_reboot\\src\\engine_bay_cosmetic.py::deployed_full","parent":null,"state":"building","phase":"Meshing components","progress":[35,35],"elapsed":16.25}
{"model":"C:\\Users\\erena\\Desktop\\Nuclear Option Munitions Package\\cad\\phantom_visual_reboot\\src\\engine_bay_cosmetic.py::deployed_full","parent":null,"state":"building","phase":"Writing outputs","progress":null,"elapsed":16.25}
{"model":"C:\\Users\\erena\\Desktop\\Nuclear Option Munitions Package\\cad\\phantom_visual_reboot\\src\\engine_bay_cosmetic.py::deployed_full","parent":null,"state":"building","phase":"STEP saved","progress":null,"elapsed":16.797}
{"model":"C:\\Users\\erena\\Desktop\\Nuclear Option Munitions Package\\cad\\phantom_visual_reboot\\src\\engine_bay_cosmetic.py::deployed_full","parent":null,"state":"done","phase":"STEP saved","progress":null,"elapsed":16.824}
[cadgen] wrote STEP: C:/Users/erena/Desktop/Nuclear Option Munitions Package/cad/phantom_visual_reboot/STEP/S_EngineBay_B2F_Deployed_Full.step
built C:/Users/erena/Desktop/Nuclear Option Munitions Package/cad/phantom_visual_reboot/STEP/S_EngineBay_B2F_Deployed_Full.step
{"model":"C:\\Users\\erena\\Desktop\\Nuclear Option Munitions Package\\cad\\phantom_visual_reboot\\src\\engine_bay_cosmetic.py::stowed_full","parent":null,"state":"building","phase":"generate","progress":null,"elapsed":0.0}
{"model":"C:\\Users\\erena\\Desktop\\Nuclear Option Munitions Package\\cad\\phantom_visual_reboot\\src\\engine_bay_cosmetic.py::stowed_full","parent":null,"state":"building","phase":"Building geometry","progress":null,"elapsed":0.0}
{"model":"C:\\Users\\erena\\Desktop\\Nuclear Option Munitions Package\\cad\\phantom_visual_reboot\\src\\engine_bay_cosmetic.py::stowed_full","parent":null,"state":"building","phase":"Collecting parts","progress":null,"elapsed":9.25}
{"model":"C:\\Users\\erena\\Desktop\\Nuclear Option Munitions Package\\cad\\phantom_visual_reboot\\src\\engine_bay_cosmetic.py::stowed_full","parent":null,"state":"building","phase":"Meshing components","progress":[0,36],"elapsed":9.344}
{"model":"C:\\Users\\erena\\Desktop\\Nuclear Option Munitions Package\\cad\\phantom_visual_reboot\\src\\engine_bay_cosmetic.py::stowed_full","parent":null,"state":"building","phase":"Meshing components","progress":[1,36],"elapsed":9.344}
{"model":"C:\\Users\\erena\\Desktop\\Nuclear Option Munitions Package\\cad\\phantom_visual_reboot\\src\\engine_bay_cosmetic.py::stowed_full","parent":null,"state":"building","phase":"Meshing components","progress":[2,36],"elapsed":9.344}
{"model":"C:\\Users\\erena\\Desktop\\Nuclear Option Munitions Package\\cad\\phantom_visual_reboot\\src\\engine_bay_cosmetic.py::stowed_full","parent":null,"state":"building","phase":"Meshing components","progress":[3,36],"elapsed":9.344}
{"model":"C:\\Users\\erena\\Desktop\\Nuclear Option Munitions Package\\cad\\phantom_visual_reboot\\src\\engine_bay_cosmetic.py::stowed_full","parent":null,"state":"building","phase":"Meshing components","progress":[4,36],"elapsed":9.344}
{"model":"C:\\Users\\erena\\Desktop\\Nuclear Option Munitions Package\\cad\\phantom_visual_reboot\\src\\engine_bay_cosmetic.py::stowed_full","parent":null,"state":"building","phase":"Meshing components","progress":[5,36],"elapsed":9.344}
{"model":"C:\\Users\\erena\\Desktop\\Nuclear Option Munitions Package\\cad\\phantom_visual_reboot\\src\\engine_bay_cosmetic.py::stowed_full","parent":null,"state":"building","phase":"Meshing components","progress":[6,36],"elapsed":9.359}
{"model":"C:\\Users\\erena\\Desktop\\Nuclear Option Munitions Package\\cad\\phantom_visual_reboot\\src\\engine_bay_cosmetic.py::stowed_full","parent":null,"state":"building","phase":"Meshing components","progress":[7,36],"elapsed":9.359}
{"model":"C:\\Users\\erena\\Desktop\\Nuclear Option Munitions Package\\cad\\phantom_visual_reboot\\src\\engine_bay_cosmetic.py::stowed_full","parent":null,"state":"building","phase":"Meshing components","progress":[8,36],"elapsed":9.359}
{"model":"C:\\Users\\erena\\Desktop\\Nuclear Option Munitions Package\\cad\\phantom_visual_reboot\\src\\engine_bay_cosmetic.py::stowed_full","parent":null,"state":"building","phase":"Meshing components","progress":[9,36],"elapsed":9.359}
{"model":"C:\\Users\\erena\\Desktop\\Nuclear Option Munitions Package\\cad\\phantom_visual_reboot\\src\\engine_bay_cosmetic.py::stowed_full","parent":null,"state":"building","phase":"Meshing components","progress":[10,36],"elapsed":9.359}
{"model":"C:\\Users\\erena\\Desktop\\Nuclear Option Munitions Package\\cad\\phantom_visual_reboot\\src\\engine_bay_cosmetic.py::stowed_full","parent":null,"state":"building","phase":"Meshing components","progress":[11,36],"elapsed":9.359}
{"model":"C:\\Users\\erena\\Desktop\\Nuclear Option Munitions Package\\cad\\phantom_visual_reboot\\src\\engine_bay_cosmetic.py::stowed_full","parent":null,"state":"building","phase":"Meshing components","progress":[12,36],"elapsed":9.359}
{"model":"C:\\Users\\erena\\Desktop\\Nuclear Option Munitions Package\\cad\\phantom_visual_reboot\\src\\engine_bay_cosmetic.py::stowed_full","parent":null,"state":"building","phase":"Meshing components","progress":[13,36],"elapsed":9.375}
{"model":"C:\\Users\\erena\\Desktop\\Nuclear Option Munitions Package\\cad\\phantom_visual_reboot\\src\\engine_bay_cosmetic.py::stowed_full","parent":null,"state":"building","phase":"Meshing components","progress":[14,36],"elapsed":9.375}
{"model":"C:\\Users\\erena\\Desktop\\Nuclear Option Munitions Package\\cad\\phantom_visual_reboot\\src\\engine_bay_cosmetic.py::stowed_full","parent":null,"state":"building","phase":"Meshing components","progress":[15,36],"elapsed":9.375}
{"model":"C:\\Users\\erena\\Desktop\\Nuclear Option Munitions Package\\cad\\phantom_visual_reboot\\src\\engine_bay_cosmetic.py::stowed_full","parent":null,"state":"building","phase":"Meshing components","progress":[16,36],"elapsed":9.375}
{"model":"C:\\Users\\erena\\Desktop\\Nuclear Option Munitions Package\\cad\\phantom_visual_reboot\\src\\engine_bay_cosmetic.py::stowed_full","parent":null,"state":"building","phase":"Meshing components","progress":[17,36],"elapsed":9.375}
{"model":"C:\\Users\\erena\\Desktop\\Nuclear Option Munitions Package\\cad\\phantom_visual_reboot\\src\\engine_bay_cosmetic.py::stowed_full","parent":null,"state":"building","phase":"Meshing components","progress":[18,36],"elapsed":9.375}
{"model":"C:\\Users\\erena\\Desktop\\Nuclear Option Munitions Package\\cad\\phantom_visual_reboot\\src\\engine_bay_cosmetic.py::stowed_full","parent":null,"state":"building","phase":"Meshing components","progress":[19,36],"elapsed":9.375}
{"model":"C:\\Users\\erena\\Desktop\\Nuclear Option Munitions Package\\cad\\phantom_visual_reboot\\src\\engine_bay_cosmetic.py::stowed_full","parent":null,"state":"building","phase":"Meshing components","progress":[20,36],"elapsed":9.39}
{"model":"C:\\Users\\erena\\Desktop\\Nuclear Option Munitions Package\\cad\\phantom_visual_reboot\\src\\engine_bay_cosmetic.py::stowed_full","parent":null,"state":"building","phase":"Meshing components","progress":[21,36],"elapsed":9.39}
{"model":"C:\\Users\\erena\\Desktop\\Nuclear Option Munitions Package\\cad\\phantom_visual_reboot\\src\\engine_bay_cosmetic.py::stowed_full","parent":null,"state":"building","phase":"Meshing components","progress":[22,36],"elapsed":9.39}
{"model":"C:\\Users\\erena\\Desktop\\Nuclear Option Munitions Package\\cad\\phantom_visual_reboot\\src\\engine_bay_cosmetic.py::stowed_full","parent":null,"state":"building","phase":"Meshing components","progress":[23,36],"elapsed":9.39}
{"model":"C:\\Users\\erena\\Desktop\\Nuclear Option Munitions Package\\cad\\phantom_visual_reboot\\src\\engine_bay_cosmetic.py::stowed_full","parent":null,"state":"building","phase":"Meshing components","progress":[24,36],"elapsed":9.39}
{"model":"C:\\Users\\erena\\Desktop\\Nuclear Option Munitions Package\\cad\\phantom_visual_reboot\\src\\engine_bay_cosmetic.py::stowed_full","parent":null,"state":"building","phase":"Meshing components","progress":[25,36],"elapsed":9.39}
{"model":"C:\\Users\\erena\\Desktop\\Nuclear Option Munitions Package\\cad\\phantom_visual_reboot\\src\\engine_bay_cosmetic.py::stowed_full","parent":null,"state":"building","phase":"Meshing components","progress":[26,36],"elapsed":9.39}
{"model":"C:\\Users\\erena\\Desktop\\Nuclear Option Munitions Package\\cad\\phantom_visual_reboot\\src\\engine_bay_cosmetic.py::stowed_full","parent":null,"state":"building","phase":"Meshing components","progress":[27,36],"elapsed":9.39}
{"model":"C:\\Users\\erena\\Desktop\\Nuclear Option Munitions Package\\cad\\phantom_visual_reboot\\src\\engine_bay_cosmetic.py::stowed_full","parent":null,"state":"building","phase":"Meshing components","progress":[28,36],"elapsed":9.406}
{"model":"C:\\Users\\erena\\Desktop\\Nuclear Option Munitions Package\\cad\\phantom_visual_reboot\\src\\engine_bay_cosmetic.py::stowed_full","parent":null,"state":"building","phase":"Meshing components","progress":[29,36],"elapsed":9.406}
{"model":"C:\\Users\\erena\\Desktop\\Nuclear Option Munitions Package\\cad\\phantom_visual_reboot\\src\\engine_bay_cosmetic.py::stowed_full","parent":null,"state":"building","phase":"Meshing components","progress":[30,36],"elapsed":9.406}
{"model":"C:\\Users\\erena\\Desktop\\Nuclear Option Munitions Package\\cad\\phantom_visual_reboot\\src\\engine_bay_cosmetic.py::stowed_full","parent":null,"state":"building","phase":"Meshing components","progress":[31,36],"elapsed":9.406}
{"model":"C:\\Users\\erena\\Desktop\\Nuclear Option Munitions Package\\cad\\phantom_visual_reboot\\src\\engine_bay_cosmetic.py::stowed_full","parent":null,"state":"building","phase":"Meshing components","progress":[32,36],"elapsed":9.406}
{"model":"C:\\Users\\erena\\Desktop\\Nuclear Option Munitions Package\\cad\\phantom_visual_reboot\\src\\engine_bay_cosmetic.py::stowed_full","parent":null,"state":"building","phase":"Meshing components","progress":[33,36],"elapsed":9.406}
{"model":"C:\\Users\\erena\\Desktop\\Nuclear Option Munitions Package\\cad\\phantom_visual_reboot\\src\\engine_bay_cosmetic.py::stowed_full","parent":null,"state":"building","phase":"Meshing components","progress":[34,36],"elapsed":9.406}
{"model":"C:\\Users\\erena\\Desktop\\Nuclear Option Munitions Package\\cad\\phantom_visual_reboot\\src\\engine_bay_cosmetic.py::stowed_full","parent":null,"state":"building","phase":"Meshing components","progress":[35,36],"elapsed":9.422}
{"model":"C:\\Users\\erena\\Desktop\\Nuclear Option Munitions Package\\cad\\phantom_visual_reboot\\src\\engine_bay_cosmetic.py::stowed_full","parent":null,"state":"building","phase":"Meshing components","progress":[36,36],"elapsed":9.422}
{"model":"C:\\Users\\erena\\Desktop\\Nuclear Option Munitions Package\\cad\\phantom_visual_reboot\\src\\engine_bay_cosmetic.py::stowed_full","parent":null,"state":"building","phase":"Writing outputs","progress":null,"elapsed":9.422}
{"model":"C:\\Users\\erena\\Desktop\\Nuclear Option Munitions Package\\cad\\phantom_visual_reboot\\src\\engine_bay_cosmetic.py::stowed_full","parent":null,"state":"building","phase":"Source ready","progress":null,"elapsed":9.797}
{"model":"C:\\Users\\erena\\Desktop\\Nuclear Option Munitions Package\\cad\\phantom_visual_reboot\\src\\engine_bay_cosmetic.py::stowed_full","parent":null,"state":"building","phase":"Saving STEP","progress":null,"elapsed":9.797}
{"model":"C:\\Users\\erena\\Desktop\\Nuclear Option Munitions Package\\cad\\phantom_visual_reboot\\src\\engine_bay_cosmetic.py::stowed_full","parent":null,"state":"building","phase":"Collecting parts","progress":null,"elapsed":13.531}
{"model":"C:\\Users\\erena\\Desktop\\Nuclear Option Munitions Package\\cad\\phantom_visual_reboot\\src\\engine_bay_cosmetic.py::stowed_full","parent":null,"state":"building","phase":"Meshing components","progress":[0,35],"elapsed":13.578}
{"model":"C:\\Users\\erena\\Desktop\\Nuclear Option Munitions Package\\cad\\phantom_visual_reboot\\src\\engine_bay_cosmetic.py::stowed_full","parent":null,"state":"building","phase":"Meshing components","progress":[1,35],"elapsed":13.578}
{"model":"C:\\Users\\erena\\Desktop\\Nuclear Option Munitions Package\\cad\\phantom_visual_reboot\\src\\engine_bay_cosmetic.py::stowed_full","parent":null,"state":"building","phase":"Meshing components","progress":[2,35],"elapsed":13.578}
{"model":"C:\\Users\\erena\\Desktop\\Nuclear Option Munitions Package\\cad\\phantom_visual_reboot\\src\\engine_bay_cosmetic.py::stowed_full","parent":null,"state":"building","phase":"Meshing components","progress":[3,35],"elapsed":13.578}
{"model":"C:\\Users\\erena\\Desktop\\Nuclear Option Munitions Package\\cad\\phantom_visual_reboot\\src\\engine_bay_cosmetic.py::stowed_full","parent":null,"state":"building","phase":"Meshing components","progress":[4,35],"elapsed":13.594}
{"model":"C:\\Users\\erena\\Desktop\\Nuclear Option Munitions Package\\cad\\phantom_visual_reboot\\src\\engine_bay_cosmetic.py::stowed_full","parent":null,"state":"building","phase":"Meshing components","progress":[5,35],"elapsed":13.594}
{"model":"C:\\Users\\erena\\Desktop\\Nuclear Option Munitions Package\\cad\\phantom_visual_reboot\\src\\engine_bay_cosmetic.py::stowed_full","parent":null,"state":"building","phase":"Meshing components","progress":[6,35],"elapsed":13.594}
{"model":"C:\\Users\\erena\\Desktop\\Nuclear Option Munitions Package\\cad\\phantom_visual_reboot\\src\\engine_bay_cosmetic.py::stowed_full","parent":null,"state":"building","phase":"Meshing components","progress":[7,35],"elapsed":13.609}
{"model":"C:\\Users\\erena\\Desktop\\Nuclear Option Munitions Package\\cad\\phantom_visual_reboot\\src\\engine_bay_cosmetic.py::stowed_full","parent":null,"state":"building","phase":"Meshing components","progress":[8,35],"elapsed":13.609}
{"model":"C:\\Users\\erena\\Desktop\\Nuclear Option Munitions Package\\cad\\phantom_visual_reboot\\src\\engine_bay_cosmetic.py::stowed_full","parent":null,"state":"building","phase":"Meshing components","progress":[9,35],"elapsed":13.609}
{"model":"C:\\Users\\erena\\Desktop\\Nuclear Option Munitions Package\\cad\\phantom_visual_reboot\\src\\engine_bay_cosmetic.py::stowed_full","parent":null,"state":"building","phase":"Meshing components","progress":[10,35],"elapsed":13.609}
{"model":"C:\\Users\\erena\\Desktop\\Nuclear Option Munitions Package\\cad\\phantom_visual_reboot\\src\\engine_bay_cosmetic.py::stowed_full","parent":null,"state":"building","phase":"Meshing components","progress":[11,35],"elapsed":13.609}
{"model":"C:\\Users\\erena\\Desktop\\Nuclear Option Munitions Package\\cad\\phantom_visual_reboot\\src\\engine_bay_cosmetic.py::stowed_full","parent":null,"state":"building","phase":"Meshing components","progress":[12,35],"elapsed":13.609}
{"model":"C:\\Users\\erena\\Desktop\\Nuclear Option Munitions Package\\cad\\phantom_visual_reboot\\src\\engine_bay_cosmetic.py::stowed_full","parent":null,"state":"building","phase":"Meshing components","progress":[13,35],"elapsed":13.609}
{"model":"C:\\Users\\erena\\Desktop\\Nuclear Option Munitions Package\\cad\\phantom_visual_reboot\\src\\engine_bay_cosmetic.py::stowed_full","parent":null,"state":"building","phase":"Meshing components","progress":[14,35],"elapsed":13.625}
{"model":"C:\\Users\\erena\\Desktop\\Nuclear Option Munitions Package\\cad\\phantom_visual_reboot\\src\\engine_bay_cosmetic.py::stowed_full","parent":null,"state":"building","phase":"Meshing components","progress":[15,35],"elapsed":13.625}
{"model":"C:\\Users\\erena\\Desktop\\Nuclear Option Munitions Package\\cad\\phantom_visual_reboot\\src\\engine_bay_cosmetic.py::stowed_full","parent":null,"state":"building","phase":"Meshing components","progress":[16,35],"elapsed":13.625}
{"model":"C:\\Users\\erena\\Desktop\\Nuclear Option Munitions Package\\cad\\phantom_visual_reboot\\src\\engine_bay_cosmetic.py::stowed_full","parent":null,"state":"building","phase":"Meshing components","progress":[17,35],"elapsed":13.625}
{"model":"C:\\Users\\erena\\Desktop\\Nuclear Option Munitions Package\\cad\\phantom_visual_reboot\\src\\engine_bay_cosmetic.py::stowed_full","parent":null,"state":"building","phase":"Meshing components","progress":[18,35],"elapsed":13.625}
{"model":"C:\\Users\\erena\\Desktop\\Nuclear Option Munitions Package\\cad\\phantom_visual_reboot\\src\\engine_bay_cosmetic.py::stowed_full","parent":null,"state":"building","phase":"Meshing components","progress":[19,35],"elapsed":13.625}
{"model":"C:\\Users\\erena\\Desktop\\Nuclear Option Munitions Package\\cad\\phantom_visual_reboot\\src\\engine_bay_cosmetic.py::stowed_full","parent":null,"state":"building","phase":"Meshing components","progress":[20,35],"elapsed":13.625}
{"model":"C:\\Users\\erena\\Desktop\\Nuclear Option Munitions Package\\cad\\phantom_visual_reboot\\src\\engine_bay_cosmetic.py::stowed_full","parent":null,"state":"building","phase":"Meshing components","progress":[21,35],"elapsed":13.64}
{"model":"C:\\Users\\erena\\Desktop\\Nuclear Option Munitions Package\\cad\\phantom_visual_reboot\\src\\engine_bay_cosmetic.py::stowed_full","parent":null,"state":"building","phase":"Meshing components","progress":[22,35],"elapsed":13.64}
{"model":"C:\\Users\\erena\\Desktop\\Nuclear Option Munitions Package\\cad\\phantom_visual_reboot\\src\\engine_bay_cosmetic.py::stowed_full","parent":null,"state":"building","phase":"Meshing components","progress":[23,35],"elapsed":13.64}
{"model":"C:\\Users\\erena\\Desktop\\Nuclear Option Munitions Package\\cad\\phantom_visual_reboot\\src\\engine_bay_cosmetic.py::stowed_full","parent":null,"state":"building","phase":"Meshing components","progress":[24,35],"elapsed":13.64}
{"model":"C:\\Users\\erena\\Desktop\\Nuclear Option Munitions Package\\cad\\phantom_visual_reboot\\src\\engine_bay_cosmetic.py::stowed_full","parent":null,"state":"building","phase":"Meshing components","progress":[25,35],"elapsed":13.64}
{"model":"C:\\Users\\erena\\Desktop\\Nuclear Option Munitions Package\\cad\\phantom_visual_reboot\\src\\engine_bay_cosmetic.py::stowed_full","parent":null,"state":"building","phase":"Meshing components","progress":[26,35],"elapsed":13.64}
{"model":"C:\\Users\\erena\\Desktop\\Nuclear Option Munitions Package\\cad\\phantom_visual_reboot\\src\\engine_bay_cosmetic.py::stowed_full","parent":null,"state":"building","phase":"Meshing components","progress":[27,35],"elapsed":13.64}
{"model":"C:\\Users\\erena\\Desktop\\Nuclear Option Munitions Package\\cad\\phantom_visual_reboot\\src\\engine_bay_cosmetic.py::stowed_full","parent":null,"state":"building","phase":"Meshing components","progress":[28,35],"elapsed":13.656}
{"model":"C:\\Users\\erena\\Desktop\\Nuclear Option Munitions Package\\cad\\phantom_visual_reboot\\src\\engine_bay_cosmetic.py::stowed_full","parent":null,"state":"building","phase":"Meshing components","progress":[29,35],"elapsed":13.656}
{"model":"C:\\Users\\erena\\Desktop\\Nuclear Option Munitions Package\\cad\\phantom_visual_reboot\\src\\engine_bay_cosmetic.py::stowed_full","parent":null,"state":"building","phase":"Meshing components","progress":[30,35],"elapsed":13.656}
{"model":"C:\\Users\\erena\\Desktop\\Nuclear Option Munitions Package\\cad\\phantom_visual_reboot\\src\\engine_bay_cosmetic.py::stowed_full","parent":null,"state":"building","phase":"Meshing components","progress":[31,35],"elapsed":13.656}
{"model":"C:\\Users\\erena\\Desktop\\Nuclear Option Munitions Package\\cad\\phantom_visual_reboot\\src\\engine_bay_cosmetic.py::stowed_full","parent":null,"state":"building","phase":"Meshing components","progress":[32,35],"elapsed":13.656}
{"model":"C:\\Users\\erena\\Desktop\\Nuclear Option Munitions Package\\cad\\phantom_visual_reboot\\src\\engine_bay_cosmetic.py::stowed_full","parent":null,"state":"building","phase":"Meshing components","progress":[33,35],"elapsed":13.656}
{"model":"C:\\Users\\erena\\Desktop\\Nuclear Option Munitions Package\\cad\\phantom_visual_reboot\\src\\engine_bay_cosmetic.py::stowed_full","parent":null,"state":"building","phase":"Meshing components","progress":[34,35],"elapsed":13.656}
{"model":"C:\\Users\\erena\\Desktop\\Nuclear Option Munitions Package\\cad\\phantom_visual_reboot\\src\\engine_bay_cosmetic.py::stowed_full","parent":null,"state":"building","phase":"Meshing components","progress":[35,35],"elapsed":13.672}
{"model":"C:\\Users\\erena\\Desktop\\Nuclear Option Munitions Package\\cad\\phantom_visual_reboot\\src\\engine_bay_cosmetic.py::stowed_full","parent":null,"state":"building","phase":"Writing outputs","progress":null,"elapsed":13.672}
{"model":"C:\\Users\\erena\\Desktop\\Nuclear Option Munitions Package\\cad\\phantom_visual_reboot\\src\\engine_bay_cosmetic.py::stowed_full","parent":null,"state":"building","phase":"STEP saved","progress":null,"elapsed":13.906}
{"model":"C:\\Users\\erena\\Desktop\\Nuclear Option Munitions Package\\cad\\phantom_visual_reboot\\src\\engine_bay_cosmetic.py::stowed_full","parent":null,"state":"done","phase":"STEP saved","progress":null,"elapsed":13.942}
[cadgen] wrote STEP: C:/Users/erena/Desktop/Nuclear Option Munitions Package/cad/phantom_visual_reboot/STEP/S_EngineBay_B2F_Stowed_Full.step
built C:/Users/erena/Desktop/Nuclear Option Munitions Package/cad/phantom_visual_reboot/STEP/S_EngineBay_B2F_Stowed_Full.step
{"Deployed": null, "Stowed": null}
