{"model":"C:\\Users\\erena\\Desktop\\Nuclear Option Munitions Package\\cad\\phantom_visual_reboot\\src\\engine_bay_b2g.py::nozzle_section","parent":null,"state":"building","phase":"generate","progress":null,"elapsed":0.0}
{"model":"C:\\Users\\erena\\Desktop\\Nuclear Option Munitions Package\\cad\\phantom_visual_reboot\\src\\engine_bay_b2g.py::nozzle_section","parent":null,"state":"building","phase":"Building geometry","progress":null,"elapsed":0.0}
{"model":"C:\\Users\\erena\\Desktop\\Nuclear Option Munitions Package\\cad\\phantom_visual_reboot\\src\\engine_bay_b2g.py::nozzle_section","parent":null,"state":"building","phase":"Collecting parts","progress":null,"elapsed":2.797}
{"model":"C:\\Users\\erena\\Desktop\\Nuclear Option Munitions Package\\cad\\phantom_visual_reboot\\src\\engine_bay_b2g.py::nozzle_section","parent":null,"state":"building","phase":"Meshing components","progress":[0,14],"elapsed":2.828}
{"model":"C:\\Users\\erena\\Desktop\\Nuclear Option Munitions Package\\cad\\phantom_visual_reboot\\src\\engine_bay_b2g.py::nozzle_section","parent":null,"state":"building","phase":"Meshing components","progress":[1,14],"elapsed":2.843}
{"model":"C:\\Users\\erena\\Desktop\\Nuclear Option Munitions Package\\cad\\phantom_visual_reboot\\src\\engine_bay_b2g.py::nozzle_section","parent":null,"state":"building","phase":"Meshing components","progress":[2,14],"elapsed":2.843}
{"model":"C:\\Users\\erena\\Desktop\\Nuclear Option Munitions Package\\cad\\phantom_visual_reboot\\src\\engine_bay_b2g.py::nozzle_section","parent":null,"state":"building","phase":"Meshing components","progress":[3,14],"elapsed":2.859}
{"model":"C:\\Users\\erena\\Desktop\\Nuclear Option Munitions Package\\cad\\phantom_visual_reboot\\src\\engine_bay_b2g.py::nozzle_section","parent":null,"state":"building","phase":"Meshing components","progress":[4,14],"elapsed":2.875}
{"model":"C:\\Users\\erena\\Desktop\\Nuclear Option Munitions Package\\cad\\phantom_visual_reboot\\src\\engine_bay_b2g.py::nozzle_section","parent":null,"state":"building","phase":"Meshing components","progress":[5,14],"elapsed":2.875}
{"model":"C:\\Users\\erena\\Desktop\\Nuclear Option Munitions Package\\cad\\phantom_visual_reboot\\src\\engine_bay_b2g.py::nozzle_section","parent":null,"state":"building","phase":"Meshing components","progress":[6,14],"elapsed":2.89}
{"model":"C:\\Users\\erena\\Desktop\\Nuclear Option Munitions Package\\cad\\phantom_visual_reboot\\src\\engine_bay_b2g.py::nozzle_section","parent":null,"state":"building","phase":"Meshing components","progress":[7,14],"elapsed":2.89}
{"model":"C:\\Users\\erena\\Desktop\\Nuclear Option Munitions Package\\cad\\phantom_visual_reboot\\src\\engine_bay_b2g.py::nozzle_section","parent":null,"state":"building","phase":"Meshing components","progress":[8,14],"elapsed":2.89}
{"model":"C:\\Users\\erena\\Desktop\\Nuclear Option Munitions Package\\cad\\phantom_visual_reboot\\src\\engine_bay_b2g.py::nozzle_section","parent":null,"state":"building","phase":"Meshing components","progress":[9,14],"elapsed":2.89}
{"model":"C:\\Users\\erena\\Desktop\\Nuclear Option Munitions Package\\cad\\phantom_visual_reboot\\src\\engine_bay_b2g.py::nozzle_section","parent":null,"state":"building","phase":"Meshing components","progress":[10,14],"elapsed":2.906}
{"model":"C:\\Users\\erena\\Desktop\\Nuclear Option Munitions Package\\cad\\phantom_visual_reboot\\src\\engine_bay_b2g.py::nozzle_section","parent":null,"state":"building","phase":"Meshing components","progress":[11,14],"elapsed":2.922}
{"model":"C:\\Users\\erena\\Desktop\\Nuclear Option Munitions Package\\cad\\phantom_visual_reboot\\src\\engine_bay_b2g.py::nozzle_section","parent":null,"state":"building","phase":"Meshing components","progress":[12,14],"elapsed":2.922}
{"model":"C:\\Users\\erena\\Desktop\\Nuclear Option Munitions Package\\cad\\phantom_visual_reboot\\src\\engine_bay_b2g.py::nozzle_section","parent":null,"state":"building","phase":"Meshing components","progress":[13,14],"elapsed":2.922}
{"model":"C:\\Users\\erena\\Desktop\\Nuclear Option Munitions Package\\cad\\phantom_visual_reboot\\src\\engine_bay_b2g.py::nozzle_section","parent":null,"state":"building","phase":"Meshing components","progress":[14,14],"elapsed":2.922}
{"model":"C:\\Users\\erena\\Desktop\\Nuclear Option Munitions Package\\cad\\phantom_visual_reboot\\src\\engine_bay_b2g.py::nozzle_section","parent":null,"state":"building","phase":"Writing outputs","progress":null,"elapsed":2.922}
{"model":"C:\\Users\\erena\\Desktop\\Nuclear Option Munitions Package\\cad\\phantom_visual_reboot\\src\\engine_bay_b2g.py::nozzle_section","parent":null,"state":"building","phase":"Source ready","progress":null,"elapsed":3.093}
{"model":"C:\\Users\\erena\\Desktop\\Nuclear Option Munitions Package\\cad\\phantom_visual_reboot\\src\\engine_bay_b2g.py::nozzle_section","parent":null,"state":"building","phase":"Saving STEP","progress":null,"elapsed":3.109}
{"model":"C:\\Users\\erena\\Desktop\\Nuclear Option Munitions Package\\cad\\phantom_visual_reboot\\src\\engine_bay_b2g.py::nozzle_section","parent":null,"state":"building","phase":"Collecting parts","progress":null,"elapsed":4.281}
{"model":"C:\\Users\\erena\\Desktop\\Nuclear Option Munitions Package\\cad\\phantom_visual_reboot\\src\\engine_bay_b2g.py::nozzle_section","parent":null,"state":"building","phase":"Meshing components","progress":[0,11],"elapsed":4.297}
{"model":"C:\\Users\\erena\\Desktop\\Nuclear Option Munitions Package\\cad\\phantom_visual_reboot\\src\\engine_bay_b2g.py::nozzle_section","parent":null,"state":"building","phase":"Meshing components","progress":[1,11],"elapsed":4.312}
{"model":"C:\\Users\\erena\\Desktop\\Nuclear Option Munitions Package\\cad\\phantom_visual_reboot\\src\\engine_bay_b2g.py::nozzle_section","parent":null,"state":"building","phase":"Meshing components","progress":[2,11],"elapsed":4.312}
{"model":"C:\\Users\\erena\\Desktop\\Nuclear Option Munitions Package\\cad\\phantom_visual_reboot\\src\\engine_bay_b2g.py::nozzle_section","parent":null,"state":"building","phase":"Meshing components","progress":[3,11],"elapsed":4.328}
{"model":"C:\\Users\\erena\\Desktop\\Nuclear Option Munitions Package\\cad\\phantom_visual_reboot\\src\\engine_bay_b2g.py::nozzle_section","parent":null,"state":"building","phase":"Meshing components","progress":[4,11],"elapsed":4.328}
{"model":"C:\\Users\\erena\\Desktop\\Nuclear Option Munitions Package\\cad\\phantom_visual_reboot\\src\\engine_bay_b2g.py::nozzle_section","parent":null,"state":"building","phase":"Meshing components","progress":[5,11],"elapsed":4.328}
{"model":"C:\\Users\\erena\\Desktop\\Nuclear Option Munitions Package\\cad\\phantom_visual_reboot\\src\\engine_bay_b2g.py::nozzle_section","parent":null,"state":"building","phase":"Meshing components","progress":[6,11],"elapsed":4.328}
{"model":"C:\\Users\\erena\\Desktop\\Nuclear Option Munitions Package\\cad\\phantom_visual_reboot\\src\\engine_bay_b2g.py::nozzle_section","parent":null,"state":"building","phase":"Meshing components","progress":[7,11],"elapsed":4.328}
{"model":"C:\\Users\\erena\\Desktop\\Nuclear Option Munitions Package\\cad\\phantom_visual_reboot\\src\\engine_bay_b2g.py::nozzle_section","parent":null,"state":"building","phase":"Meshing components","progress":[8,11],"elapsed":4.343}
{"model":"C:\\Users\\erena\\Desktop\\Nuclear Option Munitions Package\\cad\\phantom_visual_reboot\\src\\engine_bay_b2g.py::nozzle_section","parent":null,"state":"building","phase":"Meshing components","progress":[9,11],"elapsed":4.343}
{"model":"C:\\Users\\erena\\Desktop\\Nuclear Option Munitions Package\\cad\\phantom_visual_reboot\\src\\engine_bay_b2g.py::nozzle_section","parent":null,"state":"building","phase":"Meshing components","progress":[10,11],"elapsed":4.343}
{"model":"C:\\Users\\erena\\Desktop\\Nuclear Option Munitions Package\\cad\\phantom_visual_reboot\\src\\engine_bay_b2g.py::nozzle_section","parent":null,"state":"building","phase":"Meshing components","progress":[11,11],"elapsed":4.359}
{"model":"C:\\Users\\erena\\Desktop\\Nuclear Option Munitions Package\\cad\\phantom_visual_reboot\\src\\engine_bay_b2g.py::nozzle_section","parent":null,"state":"building","phase":"Writing outputs","progress":null,"elapsed":4.359}
{"model":"C:\\Users\\erena\\Desktop\\Nuclear Option Munitions Package\\cad\\phantom_visual_reboot\\src\\engine_bay_b2g.py::nozzle_section","parent":null,"state":"building","phase":"STEP saved","progress":null,"elapsed":4.593}
{"model":"C:\\Users\\erena\\Desktop\\Nuclear Option Munitions Package\\cad\\phantom_visual_reboot\\src\\engine_bay_b2g.py::nozzle_section","parent":null,"state":"done","phase":"STEP saved","progress":null,"elapsed":4.626}
[cadgen] wrote STEP: C:/Users/erena/Desktop/Nuclear Option Munitions Package/cad/phantom_visual_reboot/STEP/S_Nozzle_B2G_Section.step
built C:/Users/erena/Desktop/Nuclear Option Munitions Package/cad/phantom_visual_reboot/STEP/S_Nozzle_B2G_Section.step
hint: the CAD kernel was imported before engine_bay_b2g.py's build was asked for at <string>:3. Module bodies must not touch it: use `from cadgen import build123d as bd` instead of importing build123d/OCP, keep `bd.<anything>` out of module-level constants and default arguments (each one resolves the attribute at import), and call `read_step` inside the model body or a function it calls, never at module level (reading a vendor STEP at import pays the kernel AND the parse on every current rerun). Then a call on a current model returns without the ~2.5s import (see the cad skill docs).
{"model":"C:\\Users\\erena\\Desktop\\Nuclear Option Munitions Package\\cad\\phantom_visual_reboot\\src\\engine_bay_b2g.py::deployed_full","parent":null,"state":"building","phase":"generate","progress":null,"elapsed":0.0}
{"model":"C:\\Users\\erena\\Desktop\\Nuclear Option Munitions Package\\cad\\phantom_visual_reboot\\src\\engine_bay_b2g.py::deployed_full","parent":null,"state":"building","phase":"Building geometry","progress":null,"elapsed":0.016}
{"model":"C:\\Users\\erena\\Desktop\\Nuclear Option Munitions Package\\cad\\phantom_visual_reboot\\src\\engine_bay_b2g.py::deployed_full","parent":null,"state":"building","phase":"Collecting parts","progress":null,"elapsed":4.875}
{"model":"C:\\Users\\erena\\Desktop\\Nuclear Option Munitions Package\\cad\\phantom_visual_reboot\\src\\engine_bay_b2g.py::deployed_full","parent":null,"state":"building","phase":"Meshing components","progress":[0,38],"elapsed":4.984}
{"model":"C:\\Users\\erena\\Desktop\\Nuclear Option Munitions Package\\cad\\phantom_visual_reboot\\src\\engine_bay_b2g.py::deployed_full","parent":null,"state":"building","phase":"Meshing components","progress":[1,38],"elapsed":4.984}
{"model":"C:\\Users\\erena\\Desktop\\Nuclear Option Munitions Package\\cad\\phantom_visual_reboot\\src\\engine_bay_b2g.py::deployed_full","parent":null,"state":"building","phase":"Meshing components","progress":[2,38],"elapsed":4.984}
{"model":"C:\\Users\\erena\\Desktop\\Nuclear Option Munitions Package\\cad\\phantom_visual_reboot\\src\\engine_bay_b2g.py::deployed_full","parent":null,"state":"building","phase":"Meshing components","progress":[3,38],"elapsed":4.984}
{"model":"C:\\Users\\erena\\Desktop\\Nuclear Option Munitions Package\\cad\\phantom_visual_reboot\\src\\engine_bay_b2g.py::deployed_full","parent":null,"state":"building","phase":"Meshing components","progress":[4,38],"elapsed":4.984}
{"model":"C:\\Users\\erena\\Desktop\\Nuclear Option Munitions Package\\cad\\phantom_visual_reboot\\src\\engine_bay_b2g.py::deployed_full","parent":null,"state":"building","phase":"Meshing components","progress":[5,38],"elapsed":4.984}
{"model":"C:\\Users\\erena\\Desktop\\Nuclear Option Munitions Package\\cad\\phantom_visual_reboot\\src\\engine_bay_b2g.py::deployed_full","parent":null,"state":"building","phase":"Meshing components","progress":[6,38],"elapsed":4.984}
{"model":"C:\\Users\\erena\\Desktop\\Nuclear Option Munitions Package\\cad\\phantom_visual_reboot\\src\\engine_bay_b2g.py::deployed_full","parent":null,"state":"building","phase":"Meshing components","progress":[7,38],"elapsed":5.0}
{"model":"C:\\Users\\erena\\Desktop\\Nuclear Option Munitions Package\\cad\\phantom_visual_reboot\\src\\engine_bay_b2g.py::deployed_full","parent":null,"state":"building","phase":"Meshing components","progress":[8,38],"elapsed":5.0}
{"model":"C:\\Users\\erena\\Desktop\\Nuclear Option Munitions Package\\cad\\phantom_visual_reboot\\src\\engine_bay_b2g.py::deployed_full","parent":null,"state":"building","phase":"Meshing components","progress":[9,38],"elapsed":5.0}
{"model":"C:\\Users\\erena\\Desktop\\Nuclear Option Munitions Package\\cad\\phantom_visual_reboot\\src\\engine_bay_b2g.py::deployed_full","parent":null,"state":"building","phase":"Meshing components","progress":[10,38],"elapsed":5.0}
{"model":"C:\\Users\\erena\\Desktop\\Nuclear Option Munitions Package\\cad\\phantom_visual_reboot\\src\\engine_bay_b2g.py::deployed_full","parent":null,"state":"building","phase":"Meshing components","progress":[11,38],"elapsed":5.0}
{"model":"C:\\Users\\erena\\Desktop\\Nuclear Option Munitions Package\\cad\\phantom_visual_reboot\\src\\engine_bay_b2g.py::deployed_full","parent":null,"state":"building","phase":"Meshing components","progress":[12,38],"elapsed":5.0}
{"model":"C:\\Users\\erena\\Desktop\\Nuclear Option Munitions Package\\cad\\phantom_visual_reboot\\src\\engine_bay_b2g.py::deployed_full","parent":null,"state":"building","phase":"Meshing components","progress":[13,38],"elapsed":5.0}
{"model":"C:\\Users\\erena\\Desktop\\Nuclear Option Munitions Package\\cad\\phantom_visual_reboot\\src\\engine_bay_b2g.py::deployed_full","parent":null,"state":"building","phase":"Meshing components","progress":[14,38],"elapsed":5.016}
{"model":"C:\\Users\\erena\\Desktop\\Nuclear Option Munitions Package\\cad\\phantom_visual_reboot\\src\\engine_bay_b2g.py::deployed_full","parent":null,"state":"building","phase":"Meshing components","progress":[15,38],"elapsed":5.016}
{"model":"C:\\Users\\erena\\Desktop\\Nuclear Option Munitions Package\\cad\\phantom_visual_reboot\\src\\engine_bay_b2g.py::deployed_full","parent":null,"state":"building","phase":"Meshing components","progress":[16,38],"elapsed":5.016}
{"model":"C:\\Users\\erena\\Desktop\\Nuclear Option Munitions Package\\cad\\phantom_visual_reboot\\src\\engine_bay_b2g.py::deployed_full","parent":null,"state":"building","phase":"Meshing components","progress":[17,38],"elapsed":5.016}
{"model":"C:\\Users\\erena\\Desktop\\Nuclear Option Munitions Package\\cad\\phantom_visual_reboot\\src\\engine_bay_b2g.py::deployed_full","parent":null,"state":"building","phase":"Meshing components","progress":[18,38],"elapsed":5.016}
{"model":"C:\\Users\\erena\\Desktop\\Nuclear Option Munitions Package\\cad\\phantom_visual_reboot\\src\\engine_bay_b2g.py::deployed_full","parent":null,"state":"building","phase":"Meshing components","progress":[19,38],"elapsed":5.016}
{"model":"C:\\Users\\erena\\Desktop\\Nuclear Option Munitions Package\\cad\\phantom_visual_reboot\\src\\engine_bay_b2g.py::deployed_full","parent":null,"state":"building","phase":"Meshing components","progress":[20,38],"elapsed":5.016}
{"model":"C:\\Users\\erena\\Desktop\\Nuclear Option Munitions Package\\cad\\phantom_visual_reboot\\src\\engine_bay_b2g.py::deployed_full","parent":null,"state":"building","phase":"Meshing components","progress":[21,38],"elapsed":5.031}
{"model":"C:\\Users\\erena\\Desktop\\Nuclear Option Munitions Package\\cad\\phantom_visual_reboot\\src\\engine_bay_b2g.py::deployed_full","parent":null,"state":"building","phase":"Meshing components","progress":[22,38],"elapsed":5.031}
{"model":"C:\\Users\\erena\\Desktop\\Nuclear Option Munitions Package\\cad\\phantom_visual_reboot\\src\\engine_bay_b2g.py::deployed_full","parent":null,"state":"building","phase":"Meshing components","progress":[23,38],"elapsed":5.031}
{"model":"C:\\Users\\erena\\Desktop\\Nuclear Option Munitions Package\\cad\\phantom_visual_reboot\\src\\engine_bay_b2g.py::deployed_full","parent":null,"state":"building","phase":"Meshing components","progress":[24,38],"elapsed":5.031}
{"model":"C:\\Users\\erena\\Desktop\\Nuclear Option Munitions Package\\cad\\phantom_visual_reboot\\src\\engine_bay_b2g.py::deployed_full","parent":null,"state":"building","phase":"Meshing components","progress":[25,38],"elapsed":5.031}
{"model":"C:\\Users\\erena\\Desktop\\Nuclear Option Munitions Package\\cad\\phantom_visual_reboot\\src\\engine_bay_b2g.py::deployed_full","parent":null,"state":"building","phase":"Meshing components","progress":[26,38],"elapsed":5.031}
{"model":"C:\\Users\\erena\\Desktop\\Nuclear Option Munitions Package\\cad\\phantom_visual_reboot\\src\\engine_bay_b2g.py::deployed_full","parent":null,"state":"building","phase":"Meshing components","progress":[27,38],"elapsed":5.031}
{"model":"C:\\Users\\erena\\Desktop\\Nuclear Option Munitions Package\\cad\\phantom_visual_reboot\\src\\engine_bay_b2g.py::deployed_full","parent":null,"state":"building","phase":"Meshing components","progress":[28,38],"elapsed":5.047}
{"model":"C:\\Users\\erena\\Desktop\\Nuclear Option Munitions Package\\cad\\phantom_visual_reboot\\src\\engine_bay_b2g.py::deployed_full","parent":null,"state":"building","phase":"Meshing components","progress":[29,38],"elapsed":5.047}
{"model":"C:\\Users\\erena\\Desktop\\Nuclear Option Munitions Package\\cad\\phantom_visual_reboot\\src\\engine_bay_b2g.py::deployed_full","parent":null,"state":"building","phase":"Meshing components","progress":[30,38],"elapsed":5.047}
{"model":"C:\\Users\\erena\\Desktop\\Nuclear Option Munitions Package\\cad\\phantom_visual_reboot\\src\\engine_bay_b2g.py::deployed_full","parent":null,"state":"building","phase":"Meshing components","progress":[31,38],"elapsed":5.047}
{"model":"C:\\Users\\erena\\Desktop\\Nuclear Option Munitions Package\\cad\\phantom_visual_reboot\\src\\engine_bay_b2g.py::deployed_full","parent":null,"state":"building","phase":"Meshing components","progress":[32,38],"elapsed":5.047}
{"model":"C:\\Users\\erena\\Desktop\\Nuclear Option Munitions Package\\cad\\phantom_visual_reboot\\src\\engine_bay_b2g.py::deployed_full","parent":null,"state":"building","phase":"Meshing components","progress":[33,38],"elapsed":5.047}
{"model":"C:\\Users\\erena\\Desktop\\Nuclear Option Munitions Package\\cad\\phantom_visual_reboot\\src\\engine_bay_b2g.py::deployed_full","parent":null,"state":"building","phase":"Meshing components","progress":[34,38],"elapsed":5.062}
{"model":"C:\\Users\\erena\\Desktop\\Nuclear Option Munitions Package\\cad\\phantom_visual_reboot\\src\\engine_bay_b2g.py::deployed_full","parent":null,"state":"building","phase":"Meshing components","progress":[35,38],"elapsed":5.062}
{"model":"C:\\Users\\erena\\Desktop\\Nuclear Option Munitions Package\\cad\\phantom_visual_reboot\\src\\engine_bay_b2g.py::deployed_full","parent":null,"state":"building","phase":"Meshing components","progress":[36,38],"elapsed":5.062}
{"model":"C:\\Users\\erena\\Desktop\\Nuclear Option Munitions Package\\cad\\phantom_visual_reboot\\src\\engine_bay_b2g.py::deployed_full","parent":null,"state":"building","phase":"Meshing components","progress":[37,38],"elapsed":5.062}
{"model":"C:\\Users\\erena\\Desktop\\Nuclear Option Munitions Package\\cad\\phantom_visual_reboot\\src\\engine_bay_b2g.py::deployed_full","parent":null,"state":"building","phase":"Meshing components","progress":[38,38],"elapsed":5.062}
{"model":"C:\\Users\\erena\\Desktop\\Nuclear Option Munitions Package\\cad\\phantom_visual_reboot\\src\\engine_bay_b2g.py::deployed_full","parent":null,"state":"building","phase":"Writing outputs","progress":null,"elapsed":5.078}
{"model":"C:\\Users\\erena\\Desktop\\Nuclear Option Munitions Package\\cad\\phantom_visual_reboot\\src\\engine_bay_b2g.py::deployed_full","parent":null,"state":"building","phase":"Source ready","progress":null,"elapsed":5.359}
{"model":"C:\\Users\\erena\\Desktop\\Nuclear Option Munitions Package\\cad\\phantom_visual_reboot\\src\\engine_bay_b2g.py::deployed_full","parent":null,"state":"building","phase":"Saving STEP","progress":null,"elapsed":5.359}
{"model":"C:\\Users\\erena\\Desktop\\Nuclear Option Munitions Package\\cad\\phantom_visual_reboot\\src\\engine_bay_b2g.py::deployed_full","parent":null,"state":"building","phase":"Collecting parts","progress":null,"elapsed":8.312}
{"model":"C:\\Users\\erena\\Desktop\\Nuclear Option Munitions Package\\cad\\phantom_visual_reboot\\src\\engine_bay_b2g.py::deployed_full","parent":null,"state":"building","phase":"Meshing components","progress":[0,38],"elapsed":8.375}
{"model":"C:\\Users\\erena\\Desktop\\Nuclear Option Munitions Package\\cad\\phantom_visual_reboot\\src\\engine_bay_b2g.py::deployed_full","parent":null,"state":"building","phase":"Meshing components","progress":[1,38],"elapsed":8.375}
{"model":"C:\\Users\\erena\\Desktop\\Nuclear Option Munitions Package\\cad\\phantom_visual_reboot\\src\\engine_bay_b2g.py::deployed_full","parent":null,"state":"building","phase":"Meshing components","progress":[2,38],"elapsed":8.391}
{"model":"C:\\Users\\erena\\Desktop\\Nuclear Option Munitions Package\\cad\\phantom_visual_reboot\\src\\engine_bay_b2g.py::deployed_full","parent":null,"state":"building","phase":"Meshing components","progress":[3,38],"elapsed":8.391}
{"model":"C:\\Users\\erena\\Desktop\\Nuclear Option Munitions Package\\cad\\phantom_visual_reboot\\src\\engine_bay_b2g.py::deployed_full","parent":null,"state":"building","phase":"Meshing components","progress":[4,38],"elapsed":8.391}
{"model":"C:\\Users\\erena\\Desktop\\Nuclear Option Munitions Package\\cad\\phantom_visual_reboot\\src\\engine_bay_b2g.py::deployed_full","parent":null,"state":"building","phase":"Meshing components","progress":[5,38],"elapsed":8.391}
{"model":"C:\\Users\\erena\\Desktop\\Nuclear Option Munitions Package\\cad\\phantom_visual_reboot\\src\\engine_bay_b2g.py::deployed_full","parent":null,"state":"building","phase":"Meshing components","progress":[6,38],"elapsed":8.406}
{"model":"C:\\Users\\erena\\Desktop\\Nuclear Option Munitions Package\\cad\\phantom_visual_reboot\\src\\engine_bay_b2g.py::deployed_full","parent":null,"state":"building","phase":"Meshing components","progress":[7,38],"elapsed":8.406}
{"model":"C:\\Users\\erena\\Desktop\\Nuclear Option Munitions Package\\cad\\phantom_visual_reboot\\src\\engine_bay_b2g.py::deployed_full","parent":null,"state":"building","phase":"Meshing components","progress":[8,38],"elapsed":8.406}
{"model":"C:\\Users\\erena\\Desktop\\Nuclear Option Munitions Package\\cad\\phantom_visual_reboot\\src\\engine_bay_b2g.py::deployed_full","parent":null,"state":"building","phase":"Meshing components","progress":[9,38],"elapsed":8.406}
{"model":"C:\\Users\\erena\\Desktop\\Nuclear Option Munitions Package\\cad\\phantom_visual_reboot\\src\\engine_bay_b2g.py::deployed_full","parent":null,"state":"building","phase":"Meshing components","progress":[10,38],"elapsed":8.406}
{"model":"C:\\Users\\erena\\Desktop\\Nuclear Option Munitions Package\\cad\\phantom_visual_reboot\\src\\engine_bay_b2g.py::deployed_full","parent":null,"state":"building","phase":"Meshing components","progress":[11,38],"elapsed":8.422}
{"model":"C:\\Users\\erena\\Desktop\\Nuclear Option Munitions Package\\cad\\phantom_visual_reboot\\src\\engine_bay_b2g.py::deployed_full","parent":null,"state":"building","phase":"Meshing components","progress":[12,38],"elapsed":8.422}
{"model":"C:\\Users\\erena\\Desktop\\Nuclear Option Munitions Package\\cad\\phantom_visual_reboot\\src\\engine_bay_b2g.py::deployed_full","parent":null,"state":"building","phase":"Meshing components","progress":[13,38],"elapsed":8.422}
{"model":"C:\\Users\\erena\\Desktop\\Nuclear Option Munitions Package\\cad\\phantom_visual_reboot\\src\\engine_bay_b2g.py::deployed_full","parent":null,"state":"building","phase":"Meshing components","progress":[14,38],"elapsed":8.422}
{"model":"C:\\Users\\erena\\Desktop\\Nuclear Option Munitions Package\\cad\\phantom_visual_reboot\\src\\engine_bay_b2g.py::deployed_full","parent":null,"state":"building","phase":"Meshing components","progress":[15,38],"elapsed":8.422}
{"model":"C:\\Users\\erena\\Desktop\\Nuclear Option Munitions Package\\cad\\phantom_visual_reboot\\src\\engine_bay_b2g.py::deployed_full","parent":null,"state":"building","phase":"Meshing components","progress":[16,38],"elapsed":8.437}
{"model":"C:\\Users\\erena\\Desktop\\Nuclear Option Munitions Package\\cad\\phantom_visual_reboot\\src\\engine_bay_b2g.py::deployed_full","parent":null,"state":"building","phase":"Meshing components","progress":[17,38],"elapsed":8.437}
{"model":"C:\\Users\\erena\\Desktop\\Nuclear Option Munitions Package\\cad\\phantom_visual_reboot\\src\\engine_bay_b2g.py::deployed_full","parent":null,"state":"building","phase":"Meshing components","progress":[18,38],"elapsed":8.437}
{"model":"C:\\Users\\erena\\Desktop\\Nuclear Option Munitions Package\\cad\\phantom_visual_reboot\\src\\engine_bay_b2g.py::deployed_full","parent":null,"state":"building","phase":"Meshing components","progress":[19,38],"elapsed":8.437}
{"model":"C:\\Users\\erena\\Desktop\\Nuclear Option Munitions Package\\cad\\phantom_visual_reboot\\src\\engine_bay_b2g.py::deployed_full","parent":null,"state":"building","phase":"Meshing components","progress":[20,38],"elapsed":8.437}
{"model":"C:\\Users\\erena\\Desktop\\Nuclear Option Munitions Package\\cad\\phantom_visual_reboot\\src\\engine_bay_b2g.py::deployed_full","parent":null,"state":"building","phase":"Meshing components","progress":[21,38],"elapsed":8.453}
{"model":"C:\\Users\\erena\\Desktop\\Nuclear Option Munitions Package\\cad\\phantom_visual_reboot\\src\\engine_bay_b2g.py::deployed_full","parent":null,"state":"building","phase":"Meshing components","progress":[22,38],"elapsed":8.453}
{"model":"C:\\Users\\erena\\Desktop\\Nuclear Option Munitions Package\\cad\\phantom_visual_reboot\\src\\engine_bay_b2g.py::deployed_full","parent":null,"state":"building","phase":"Meshing components","progress":[23,38],"elapsed":8.453}
{"model":"C:\\Users\\erena\\Desktop\\Nuclear Option Munitions Package\\cad\\phantom_visual_reboot\\src\\engine_bay_b2g.py::deployed_full","parent":null,"state":"building","phase":"Meshing components","progress":[24,38],"elapsed":8.453}
{"model":"C:\\Users\\erena\\Desktop\\Nuclear Option Munitions Package\\cad\\phantom_visual_reboot\\src\\engine_bay_b2g.py::deployed_full","parent":null,"state":"building","phase":"Meshing components","progress":[25,38],"elapsed":8.469}
{"model":"C:\\Users\\erena\\Desktop\\Nuclear Option Munitions Package\\cad\\phantom_visual_reboot\\src\\engine_bay_b2g.py::deployed_full","parent":null,"state":"building","phase":"Meshing components","progress":[26,38],"elapsed":8.469}
{"model":"C:\\Users\\erena\\Desktop\\Nuclear Option Munitions Package\\cad\\phantom_visual_reboot\\src\\engine_bay_b2g.py::deployed_full","parent":null,"state":"building","phase":"Meshing components","progress":[27,38],"elapsed":8.469}
{"model":"C:\\Users\\erena\\Desktop\\Nuclear Option Munitions Package\\cad\\phantom_visual_reboot\\src\\engine_bay_b2g.py::deployed_full","parent":null,"state":"building","phase":"Meshing components","progress":[28,38],"elapsed":8.469}
{"model":"C:\\Users\\erena\\Desktop\\Nuclear Option Munitions Package\\cad\\phantom_visual_reboot\\src\\engine_bay_b2g.py::deployed_full","parent":null,"state":"building","phase":"Meshing components","progress":[29,38],"elapsed":8.469}
{"model":"C:\\Users\\erena\\Desktop\\Nuclear Option Munitions Package\\cad\\phantom_visual_reboot\\src\\engine_bay_b2g.py::deployed_full","parent":null,"state":"building","phase":"Meshing components","progress":[30,38],"elapsed":8.484}
{"model":"C:\\Users\\erena\\Desktop\\Nuclear Option Munitions Package\\cad\\phantom_visual_reboot\\src\\engine_bay_b2g.py::deployed_full","parent":null,"state":"building","phase":"Meshing components","progress":[31,38],"elapsed":8.484}
{"model":"C:\\Users\\erena\\Desktop\\Nuclear Option Munitions Package\\cad\\phantom_visual_reboot\\src\\engine_bay_b2g.py::deployed_full","parent":null,"state":"building","phase":"Meshing components","progress":[32,38],"elapsed":8.484}
{"model":"C:\\Users\\erena\\Desktop\\Nuclear Option Munitions Package\\cad\\phantom_visual_reboot\\src\\engine_bay_b2g.py::deployed_full","parent":null,"state":"building","phase":"Meshing components","progress":[33,38],"elapsed":8.484}
{"model":"C:\\Users\\erena\\Desktop\\Nuclear Option Munitions Package\\cad\\phantom_visual_reboot\\src\\engine_bay_b2g.py::deployed_full","parent":null,"state":"building","phase":"Meshing components","progress":[34,38],"elapsed":8.5}
{"model":"C:\\Users\\erena\\Desktop\\Nuclear Option Munitions Package\\cad\\phantom_visual_reboot\\src\\engine_bay_b2g.py::deployed_full","parent":null,"state":"building","phase":"Meshing components","progress":[35,38],"elapsed":8.5}
{"model":"C:\\Users\\erena\\Desktop\\Nuclear Option Munitions Package\\cad\\phantom_visual_reboot\\src\\engine_bay_b2g.py::deployed_full","parent":null,"state":"building","phase":"Meshing components","progress":[36,38],"elapsed":8.5}
{"model":"C:\\Users\\erena\\Desktop\\Nuclear Option Munitions Package\\cad\\phantom_visual_reboot\\src\\engine_bay_b2g.py::deployed_full","parent":null,"state":"building","phase":"Meshing components","progress":[37,38],"elapsed":8.5}
{"model":"C:\\Users\\erena\\Desktop\\Nuclear Option Munitions Package\\cad\\phantom_visual_reboot\\src\\engine_bay_b2g.py::deployed_full","parent":null,"state":"building","phase":"Meshing components","progress":[38,38],"elapsed":8.516}
{"model":"C:\\Users\\erena\\Desktop\\Nuclear Option Munitions Package\\cad\\phantom_visual_reboot\\src\\engine_bay_b2g.py::deployed_full","parent":null,"state":"building","phase":"Writing outputs","progress":null,"elapsed":8.516}
{"model":"C:\\Users\\erena\\Desktop\\Nuclear Option Munitions Package\\cad\\phantom_visual_reboot\\src\\engine_bay_b2g.py::deployed_full","parent":null,"state":"building","phase":"STEP saved","progress":null,"elapsed":8.797}
{"model":"C:\\Users\\erena\\Desktop\\Nuclear Option Munitions Package\\cad\\phantom_visual_reboot\\src\\engine_bay_b2g.py::deployed_full","parent":null,"state":"done","phase":"STEP saved","progress":null,"elapsed":8.813}
[cadgen] wrote STEP: C:/Users/erena/Desktop/Nuclear Option Munitions Package/cad/phantom_visual_reboot/STEP/S_EngineBay_B2G_Deployed_Full.step
built C:/Users/erena/Desktop/Nuclear Option Munitions Package/cad/phantom_visual_reboot/STEP/S_EngineBay_B2G_Deployed_Full.step
hint: the CAD kernel was imported before engine_bay_b2g.py's build was asked for at <string>:3. Module bodies must not touch it: use `from cadgen import build123d as bd` instead of importing build123d/OCP, keep `bd.<anything>` out of module-level constants and default arguments (each one resolves the attribute at import), and call `read_step` inside the model body or a function it calls, never at module level (reading a vendor STEP at import pays the kernel AND the parse on every current rerun). Then a call on a current model returns without the ~2.5s import (see the cad skill docs).
{"model":"C:\\Users\\erena\\Desktop\\Nuclear Option Munitions Package\\cad\\phantom_visual_reboot\\src\\engine_bay_b2g.py::stowed_full","parent":null,"state":"building","phase":"generate","progress":null,"elapsed":0.0}
{"model":"C:\\Users\\erena\\Desktop\\Nuclear Option Munitions Package\\cad\\phantom_visual_reboot\\src\\engine_bay_b2g.py::stowed_full","parent":null,"state":"building","phase":"Building geometry","progress":null,"elapsed":0.016}
{"model":"C:\\Users\\erena\\Desktop\\Nuclear Option Munitions Package\\cad\\phantom_visual_reboot\\src\\engine_bay_b2g.py::stowed_full","parent":null,"state":"building","phase":"Collecting parts","progress":null,"elapsed":4.188}
{"model":"C:\\Users\\erena\\Desktop\\Nuclear Option Munitions Package\\cad\\phantom_visual_reboot\\src\\engine_bay_b2g.py::stowed_full","parent":null,"state":"building","phase":"Meshing components","progress":[0,38],"elapsed":4.313}
{"model":"C:\\Users\\erena\\Desktop\\Nuclear Option Munitions Package\\cad\\phantom_visual_reboot\\src\\engine_bay_b2g.py::stowed_full","parent":null,"state":"building","phase":"Meshing components","progress":[1,38],"elapsed":4.313}
{"model":"C:\\Users\\erena\\Desktop\\Nuclear Option Munitions Package\\cad\\phantom_visual_reboot\\src\\engine_bay_b2g.py::stowed_full","parent":null,"state":"building","phase":"Meshing components","progress":[2,38],"elapsed":4.313}
{"model":"C:\\Users\\erena\\Desktop\\Nuclear Option Munitions Package\\cad\\phantom_visual_reboot\\src\\engine_bay_b2g.py::stowed_full","parent":null,"state":"building","phase":"Meshing components","progress":[3,38],"elapsed":4.313}
{"model":"C:\\Users\\erena\\Desktop\\Nuclear Option Munitions Package\\cad\\phantom_visual_reboot\\src\\engine_bay_b2g.py::stowed_full","parent":null,"state":"building","phase":"Meshing components","progress":[4,38],"elapsed":4.313}
{"model":"C:\\Users\\erena\\Desktop\\Nuclear Option Munitions Package\\cad\\phantom_visual_reboot\\src\\engine_bay_b2g.py::stowed_full","parent":null,"state":"building","phase":"Meshing components","progress":[5,38],"elapsed":4.328}
{"model":"C:\\Users\\erena\\Desktop\\Nuclear Option Munitions Package\\cad\\phantom_visual_reboot\\src\\engine_bay_b2g.py::stowed_full","parent":null,"state":"building","phase":"Meshing components","progress":[6,38],"elapsed":4.328}
{"model":"C:\\Users\\erena\\Desktop\\Nuclear Option Munitions Package\\cad\\phantom_visual_reboot\\src\\engine_bay_b2g.py::stowed_full","parent":null,"state":"building","phase":"Meshing components","progress":[7,38],"elapsed":4.328}
{"model":"C:\\Users\\erena\\Desktop\\Nuclear Option Munitions Package\\cad\\phantom_visual_reboot\\src\\engine_bay_b2g.py::stowed_full","parent":null,"state":"building","phase":"Meshing components","progress":[8,38],"elapsed":4.328}
{"model":"C:\\Users\\erena\\Desktop\\Nuclear Option Munitions Package\\cad\\phantom_visual_reboot\\src\\engine_bay_b2g.py::stowed_full","parent":null,"state":"building","phase":"Meshing components","progress":[9,38],"elapsed":4.328}
{"model":"C:\\Users\\erena\\Desktop\\Nuclear Option Munitions Package\\cad\\phantom_visual_reboot\\src\\engine_bay_b2g.py::stowed_full","parent":null,"state":"building","phase":"Meshing components","progress":[10,38],"elapsed":4.344}
{"model":"C:\\Users\\erena\\Desktop\\Nuclear Option Munitions Package\\cad\\phantom_visual_reboot\\src\\engine_bay_b2g.py::stowed_full","parent":null,"state":"building","phase":"Meshing components","progress":[11,38],"elapsed":4.344}
{"model":"C:\\Users\\erena\\Desktop\\Nuclear Option Munitions Package\\cad\\phantom_visual_reboot\\src\\engine_bay_b2g.py::stowed_full","parent":null,"state":"building","phase":"Meshing components","progress":[12,38],"elapsed":4.344}
{"model":"C:\\Users\\erena\\Desktop\\Nuclear Option Munitions Package\\cad\\phantom_visual_reboot\\src\\engine_bay_b2g.py::stowed_full","parent":null,"state":"building","phase":"Meshing components","progress":[13,38],"elapsed":4.344}
{"model":"C:\\Users\\erena\\Desktop\\Nuclear Option Munitions Package\\cad\\phantom_visual_reboot\\src\\engine_bay_b2g.py::stowed_full","parent":null,"state":"building","phase":"Meshing components","progress":[14,38],"elapsed":4.344}
{"model":"C:\\Users\\erena\\Desktop\\Nuclear Option Munitions Package\\cad\\phantom_visual_reboot\\src\\engine_bay_b2g.py::stowed_full","parent":null,"state":"building","phase":"Meshing components","progress":[15,38],"elapsed":4.36}
{"model":"C:\\Users\\erena\\Desktop\\Nuclear Option Munitions Package\\cad\\phantom_visual_reboot\\src\\engine_bay_b2g.py::stowed_full","parent":null,"state":"building","phase":"Meshing components","progress":[16,38],"elapsed":4.36}
{"model":"C:\\Users\\erena\\Desktop\\Nuclear Option Munitions Package\\cad\\phantom_visual_reboot\\src\\engine_bay_b2g.py::stowed_full","parent":null,"state":"building","phase":"Meshing components","progress":[17,38],"elapsed":4.36}
{"model":"C:\\Users\\erena\\Desktop\\Nuclear Option Munitions Package\\cad\\phantom_visual_reboot\\src\\engine_bay_b2g.py::stowed_full","parent":null,"state":"building","phase":"Meshing components","progress":[18,38],"elapsed":4.36}
{"model":"C:\\Users\\erena\\Desktop\\Nuclear Option Munitions Package\\cad\\phantom_visual_reboot\\src\\engine_bay_b2g.py::stowed_full","parent":null,"state":"building","phase":"Meshing components","progress":[19,38],"elapsed":4.36}
{"model":"C:\\Users\\erena\\Desktop\\Nuclear Option Munitions Package\\cad\\phantom_visual_reboot\\src\\engine_bay_b2g.py::stowed_full","parent":null,"state":"building","phase":"Meshing components","progress":[20,38],"elapsed":4.36}
{"model":"C:\\Users\\erena\\Desktop\\Nuclear Option Munitions Package\\cad\\phantom_visual_reboot\\src\\engine_bay_b2g.py::stowed_full","parent":null,"state":"building","phase":"Meshing components","progress":[21,38],"elapsed":4.375}
{"model":"C:\\Users\\erena\\Desktop\\Nuclear Option Munitions Package\\cad\\phantom_visual_reboot\\src\\engine_bay_b2g.py::stowed_full","parent":null,"state":"building","phase":"Meshing components","progress":[22,38],"elapsed":4.375}
{"model":"C:\\Users\\erena\\Desktop\\Nuclear Option Munitions Package\\cad\\phantom_visual_reboot\\src\\engine_bay_b2g.py::stowed_full","parent":null,"state":"building","phase":"Meshing components","progress":[23,38],"elapsed":4.375}
{"model":"C:\\Users\\erena\\Desktop\\Nuclear Option Munitions Package\\cad\\phantom_visual_reboot\\src\\engine_bay_b2g.py::stowed_full","parent":null,"state":"building","phase":"Meshing components","progress":[24,38],"elapsed":4.375}
{"model":"C:\\Users\\erena\\Desktop\\Nuclear Option Munitions Package\\cad\\phantom_visual_reboot\\src\\engine_bay_b2g.py::stowed_full","parent":null,"state":"building","phase":"Meshing components","progress":[25,38],"elapsed":4.375}
{"model":"C:\\Users\\erena\\Desktop\\Nuclear Option Munitions Package\\cad\\phantom_visual_reboot\\src\\engine_bay_b2g.py::stowed_full","parent":null,"state":"building","phase":"Meshing components","progress":[26,38],"elapsed":4.375}
{"model":"C:\\Users\\erena\\Desktop\\Nuclear Option Munitions Package\\cad\\phantom_visual_reboot\\src\\engine_bay_b2g.py::stowed_full","parent":null,"state":"building","phase":"Meshing components","progress":[27,38],"elapsed":4.391}
{"model":"C:\\Users\\erena\\Desktop\\Nuclear Option Munitions Package\\cad\\phantom_visual_reboot\\src\\engine_bay_b2g.py::stowed_full","parent":null,"state":"building","phase":"Meshing components","progress":[28,38],"elapsed":4.391}
{"model":"C:\\Users\\erena\\Desktop\\Nuclear Option Munitions Package\\cad\\phantom_visual_reboot\\src\\engine_bay_b2g.py::stowed_full","parent":null,"state":"building","phase":"Meshing components","progress":[29,38],"elapsed":4.391}
{"model":"C:\\Users\\erena\\Desktop\\Nuclear Option Munitions Package\\cad\\phantom_visual_reboot\\src\\engine_bay_b2g.py::stowed_full","parent":null,"state":"building","phase":"Meshing components","progress":[30,38],"elapsed":4.391}
{"model":"C:\\Users\\erena\\Desktop\\Nuclear Option Munitions Package\\cad\\phantom_visual_reboot\\src\\engine_bay_b2g.py::stowed_full","parent":null,"state":"building","phase":"Meshing components","progress":[31,38],"elapsed":4.391}
{"model":"C:\\Users\\erena\\Desktop\\Nuclear Option Munitions Package\\cad\\phantom_visual_reboot\\src\\engine_bay_b2g.py::stowed_full","parent":null,"state":"building","phase":"Meshing components","progress":[32,38],"elapsed":4.407}
{"model":"C:\\Users\\erena\\Desktop\\Nuclear Option Munitions Package\\cad\\phantom_visual_reboot\\src\\engine_bay_b2g.py::stowed_full","parent":null,"state":"building","phase":"Meshing components","progress":[33,38],"elapsed":4.407}
{"model":"C:\\Users\\erena\\Desktop\\Nuclear Option Munitions Package\\cad\\phantom_visual_reboot\\src\\engine_bay_b2g.py::stowed_full","parent":null,"state":"building","phase":"Meshing components","progress":[34,38],"elapsed":4.407}
{"model":"C:\\Users\\erena\\Desktop\\Nuclear Option Munitions Package\\cad\\phantom_visual_reboot\\src\\engine_bay_b2g.py::stowed_full","parent":null,"state":"building","phase":"Meshing components","progress":[35,38],"elapsed":4.407}
{"model":"C:\\Users\\erena\\Desktop\\Nuclear Option Munitions Package\\cad\\phantom_visual_reboot\\src\\engine_bay_b2g.py::stowed_full","parent":null,"state":"building","phase":"Meshing components","progress":[36,38],"elapsed":4.407}
{"model":"C:\\Users\\erena\\Desktop\\Nuclear Option Munitions Package\\cad\\phantom_visual_reboot\\src\\engine_bay_b2g.py::stowed_full","parent":null,"state":"building","phase":"Meshing components","progress":[37,38],"elapsed":4.422}
{"model":"C:\\Users\\erena\\Desktop\\Nuclear Option Munitions Package\\cad\\phantom_visual_reboot\\src\\engine_bay_b2g.py::stowed_full","parent":null,"state":"building","phase":"Meshing components","progress":[38,38],"elapsed":4.422}
{"model":"C:\\Users\\erena\\Desktop\\Nuclear Option Munitions Package\\cad\\phantom_visual_reboot\\src\\engine_bay_b2g.py::stowed_full","parent":null,"state":"building","phase":"Writing outputs","progress":null,"elapsed":4.422}
{"model":"C:\\Users\\erena\\Desktop\\Nuclear Option Munitions Package\\cad\\phantom_visual_reboot\\src\\engine_bay_b2g.py::stowed_full","parent":null,"state":"building","phase":"Source ready","progress":null,"elapsed":4.86}
{"model":"C:\\Users\\erena\\Desktop\\Nuclear Option Munitions Package\\cad\\phantom_visual_reboot\\src\\engine_bay_b2g.py::stowed_full","parent":null,"state":"building","phase":"Saving STEP","progress":null,"elapsed":4.86}
{"model":"C:\\Users\\erena\\Desktop\\Nuclear Option Munitions Package\\cad\\phantom_visual_reboot\\src\\engine_bay_b2g.py::stowed_full","parent":null,"state":"building","phase":"Collecting parts","progress":null,"elapsed":9.219}
{"model":"C:\\Users\\erena\\Desktop\\Nuclear Option Munitions Package\\cad\\phantom_visual_reboot\\src\\engine_bay_b2g.py::stowed_full","parent":null,"state":"building","phase":"Meshing components","progress":[0,38],"elapsed":9.266}
{"model":"C:\\Users\\erena\\Desktop\\Nuclear Option Munitions Package\\cad\\phantom_visual_reboot\\src\\engine_bay_b2g.py::stowed_full","parent":null,"state":"building","phase":"Meshing components","progress":[1,38],"elapsed":9.266}
{"model":"C:\\Users\\erena\\Desktop\\Nuclear Option Munitions Package\\cad\\phantom_visual_reboot\\src\\engine_bay_b2g.py::stowed_full","parent":null,"state":"building","phase":"Meshing components","progress":[2,38],"elapsed":9.266}
{"model":"C:\\Users\\erena\\Desktop\\Nuclear Option Munitions Package\\cad\\phantom_visual_reboot\\src\\engine_bay_b2g.py::stowed_full","parent":null,"state":"building","phase":"Meshing components","progress":[3,38],"elapsed":9.266}
{"model":"C:\\Users\\erena\\Desktop\\Nuclear Option Munitions Package\\cad\\phantom_visual_reboot\\src\\engine_bay_b2g.py::stowed_full","parent":null,"state":"building","phase":"Meshing components","progress":[4,38],"elapsed":9.282}
{"model":"C:\\Users\\erena\\Desktop\\Nuclear Option Munitions Package\\cad\\phantom_visual_reboot\\src\\engine_bay_b2g.py::stowed_full","parent":null,"state":"building","phase":"Meshing components","progress":[5,38],"elapsed":9.282}
{"model":"C:\\Users\\erena\\Desktop\\Nuclear Option Munitions Package\\cad\\phantom_visual_reboot\\src\\engine_bay_b2g.py::stowed_full","parent":null,"state":"building","phase":"Meshing components","progress":[6,38],"elapsed":9.282}
{"model":"C:\\Users\\erena\\Desktop\\Nuclear Option Munitions Package\\cad\\phantom_visual_reboot\\src\\engine_bay_b2g.py::stowed_full","parent":null,"state":"building","phase":"Meshing components","progress":[7,38],"elapsed":9.282}
{"model":"C:\\Users\\erena\\Desktop\\Nuclear Option Munitions Package\\cad\\phantom_visual_reboot\\src\\engine_bay_b2g.py::stowed_full","parent":null,"state":"building","phase":"Meshing components","progress":[8,38],"elapsed":9.282}
{"model":"C:\\Users\\erena\\Desktop\\Nuclear Option Munitions Package\\cad\\phantom_visual_reboot\\src\\engine_bay_b2g.py::stowed_full","parent":null,"state":"building","phase":"Meshing components","progress":[9,38],"elapsed":9.282}
{"model":"C:\\Users\\erena\\Desktop\\Nuclear Option Munitions Package\\cad\\phantom_visual_reboot\\src\\engine_bay_b2g.py::stowed_full","parent":null,"state":"building","phase":"Meshing components","progress":[10,38],"elapsed":9.297}
{"model":"C:\\Users\\erena\\Desktop\\Nuclear Option Munitions Package\\cad\\phantom_visual_reboot\\src\\engine_bay_b2g.py::stowed_full","parent":null,"state":"building","phase":"Meshing components","progress":[11,38],"elapsed":9.297}
{"model":"C:\\Users\\erena\\Desktop\\Nuclear Option Munitions Package\\cad\\phantom_visual_reboot\\src\\engine_bay_b2g.py::stowed_full","parent":null,"state":"building","phase":"Meshing components","progress":[12,38],"elapsed":9.297}
{"model":"C:\\Users\\erena\\Desktop\\Nuclear Option Munitions Package\\cad\\phantom_visual_reboot\\src\\engine_bay_b2g.py::stowed_full","parent":null,"state":"building","phase":"Meshing components","progress":[13,38],"elapsed":9.297}
{"model":"C:\\Users\\erena\\Desktop\\Nuclear Option Munitions Package\\cad\\phantom_visual_reboot\\src\\engine_bay_b2g.py::stowed_full","parent":null,"state":"building","phase":"Meshing components","progress":[14,38],"elapsed":9.297}
{"model":"C:\\Users\\erena\\Desktop\\Nuclear Option Munitions Package\\cad\\phantom_visual_reboot\\src\\engine_bay_b2g.py::stowed_full","parent":null,"state":"building","phase":"Meshing components","progress":[15,38],"elapsed":9.313}
{"model":"C:\\Users\\erena\\Desktop\\Nuclear Option Munitions Package\\cad\\phantom_visual_reboot\\src\\engine_bay_b2g.py::stowed_full","parent":null,"state":"building","phase":"Meshing components","progress":[16,38],"elapsed":9.313}
{"model":"C:\\Users\\erena\\Desktop\\Nuclear Option Munitions Package\\cad\\phantom_visual_reboot\\src\\engine_bay_b2g.py::stowed_full","parent":null,"state":"building","phase":"Meshing components","progress":[17,38],"elapsed":9.313}
{"model":"C:\\Users\\erena\\Desktop\\Nuclear Option Munitions Package\\cad\\phantom_visual_reboot\\src\\engine_bay_b2g.py::stowed_full","parent":null,"state":"building","phase":"Meshing components","progress":[18,38],"elapsed":9.313}
{"model":"C:\\Users\\erena\\Desktop\\Nuclear Option Munitions Package\\cad\\phantom_visual_reboot\\src\\engine_bay_b2g.py::stowed_full","parent":null,"state":"building","phase":"Meshing components","progress":[19,38],"elapsed":9.313}
{"model":"C:\\Users\\erena\\Desktop\\Nuclear Option Munitions Package\\cad\\phantom_visual_reboot\\src\\engine_bay_b2g.py::stowed_full","parent":null,"state":"building","phase":"Meshing components","progress":[20,38],"elapsed":9.328}
{"model":"C:\\Users\\erena\\Desktop\\Nuclear Option Munitions Package\\cad\\phantom_visual_reboot\\src\\engine_bay_b2g.py::stowed_full","parent":null,"state":"building","phase":"Meshing components","progress":[21,38],"elapsed":9.328}
{"model":"C:\\Users\\erena\\Desktop\\Nuclear Option Munitions Package\\cad\\phantom_visual_reboot\\src\\engine_bay_b2g.py::stowed_full","parent":null,"state":"building","phase":"Meshing components","progress":[22,38],"elapsed":9.328}
{"model":"C:\\Users\\erena\\Desktop\\Nuclear Option Munitions Package\\cad\\phantom_visual_reboot\\src\\engine_bay_b2g.py::stowed_full","parent":null,"state":"building","phase":"Meshing components","progress":[23,38],"elapsed":9.328}
{"model":"C:\\Users\\erena\\Desktop\\Nuclear Option Munitions Package\\cad\\phantom_visual_reboot\\src\\engine_bay_b2g.py::stowed_full","parent":null,"state":"building","phase":"Meshing components","progress":[24,38],"elapsed":9.328}
{"model":"C:\\Users\\erena\\Desktop\\Nuclear Option Munitions Package\\cad\\phantom_visual_reboot\\src\\engine_bay_b2g.py::stowed_full","parent":null,"state":"building","phase":"Meshing components","progress":[25,38],"elapsed":9.344}
{"model":"C:\\Users\\erena\\Desktop\\Nuclear Option Munitions Package\\cad\\phantom_visual_reboot\\src\\engine_bay_b2g.py::stowed_full","parent":null,"state":"building","phase":"Meshing components","progress":[26,38],"elapsed":9.344}
{"model":"C:\\Users\\erena\\Desktop\\Nuclear Option Munitions Package\\cad\\phantom_visual_reboot\\src\\engine_bay_b2g.py::stowed_full","parent":null,"state":"building","phase":"Meshing components","progress":[27,38],"elapsed":9.344}
{"model":"C:\\Users\\erena\\Desktop\\Nuclear Option Munitions Package\\cad\\phantom_visual_reboot\\src\\engine_bay_b2g.py::stowed_full","parent":null,"state":"building","phase":"Meshing components","progress":[28,38],"elapsed":9.344}
{"model":"C:\\Users\\erena\\Desktop\\Nuclear Option Munitions Package\\cad\\phantom_visual_reboot\\src\\engine_bay_b2g.py::stowed_full","parent":null,"state":"building","phase":"Meshing components","progress":[29,38],"elapsed":9.344}
{"model":"C:\\Users\\erena\\Desktop\\Nuclear Option Munitions Package\\cad\\phantom_visual_reboot\\src\\engine_bay_b2g.py::stowed_full","parent":null,"state":"building","phase":"Meshing components","progress":[30,38],"elapsed":9.344}
{"model":"C:\\Users\\erena\\Desktop\\Nuclear Option Munitions Package\\cad\\phantom_visual_reboot\\src\\engine_bay_b2g.py::stowed_full","parent":null,"state":"building","phase":"Meshing components","progress":[31,38],"elapsed":9.36}
{"model":"C:\\Users\\erena\\Desktop\\Nuclear Option Munitions Package\\cad\\phantom_visual_reboot\\src\\engine_bay_b2g.py::stowed_full","parent":null,"state":"building","phase":"Meshing components","progress":[32,38],"elapsed":9.36}
{"model":"C:\\Users\\erena\\Desktop\\Nuclear Option Munitions Package\\cad\\phantom_visual_reboot\\src\\engine_bay_b2g.py::stowed_full","parent":null,"state":"building","phase":"Meshing components","progress":[33,38],"elapsed":9.36}
{"model":"C:\\Users\\erena\\Desktop\\Nuclear Option Munitions Package\\cad\\phantom_visual_reboot\\src\\engine_bay_b2g.py::stowed_full","parent":null,"state":"building","phase":"Meshing components","progress":[34,38],"elapsed":9.36}
{"model":"C:\\Users\\erena\\Desktop\\Nuclear Option Munitions Package\\cad\\phantom_visual_reboot\\src\\engine_bay_b2g.py::stowed_full","parent":null,"state":"building","phase":"Meshing components","progress":[35,38],"elapsed":9.36}
{"model":"C:\\Users\\erena\\Desktop\\Nuclear Option Munitions Package\\cad\\phantom_visual_reboot\\src\\engine_bay_b2g.py::stowed_full","parent":null,"state":"building","phase":"Meshing components","progress":[36,38],"elapsed":9.375}
{"model":"C:\\Users\\erena\\Desktop\\Nuclear Option Munitions Package\\cad\\phantom_visual_reboot\\src\\engine_bay_b2g.py::stowed_full","parent":null,"state":"building","phase":"Meshing components","progress":[37,38],"elapsed":9.375}
{"model":"C:\\Users\\erena\\Desktop\\Nuclear Option Munitions Package\\cad\\phantom_visual_reboot\\src\\engine_bay_b2g.py::stowed_full","parent":null,"state":"building","phase":"Meshing components","progress":[38,38],"elapsed":9.375}
{"model":"C:\\Users\\erena\\Desktop\\Nuclear Option Munitions Package\\cad\\phantom_visual_reboot\\src\\engine_bay_b2g.py::stowed_full","parent":null,"state":"building","phase":"Writing outputs","progress":null,"elapsed":9.375}
{"model":"C:\\Users\\erena\\Desktop\\Nuclear Option Munitions Package\\cad\\phantom_visual_reboot\\src\\engine_bay_b2g.py::stowed_full","parent":null,"state":"building","phase":"STEP saved","progress":null,"elapsed":9.61}
{"model":"C:\\Users\\erena\\Desktop\\Nuclear Option Munitions Package\\cad\\phantom_visual_reboot\\src\\engine_bay_b2g.py::stowed_full","parent":null,"state":"done","phase":"STEP saved","progress":null,"elapsed":9.647}
[cadgen] wrote STEP: C:/Users/erena/Desktop/Nuclear Option Munitions Package/cad/phantom_visual_reboot/STEP/S_EngineBay_B2G_Stowed_Full.step
built C:/Users/erena/Desktop/Nuclear Option Munitions Package/cad/phantom_visual_reboot/STEP/S_EngineBay_B2G_Stowed_Full.step
