{"model":"C:\\Users\\erena\\Desktop\\Nuclear Option Munitions Package\\cad\\phantom_visual_reboot\\src\\engine_bay_b2h.py::nozzle_section","parent":null,"state":"building","phase":"generate","progress":null,"elapsed":0.0}
{"model":"C:\\Users\\erena\\Desktop\\Nuclear Option Munitions Package\\cad\\phantom_visual_reboot\\src\\engine_bay_b2h.py::nozzle_section","parent":null,"state":"building","phase":"Building geometry","progress":null,"elapsed":0.016}
{"model":"C:\\Users\\erena\\Desktop\\Nuclear Option Munitions Package\\cad\\phantom_visual_reboot\\src\\engine_bay_b2h.py::nozzle_section","parent":null,"state":"building","phase":"Collecting parts","progress":null,"elapsed":1.375}
{"model":"C:\\Users\\erena\\Desktop\\Nuclear Option Munitions Package\\cad\\phantom_visual_reboot\\src\\engine_bay_b2h.py::nozzle_section","parent":null,"state":"building","phase":"Meshing components","progress":[0,12],"elapsed":1.406}
{"model":"C:\\Users\\erena\\Desktop\\Nuclear Option Munitions Package\\cad\\phantom_visual_reboot\\src\\engine_bay_b2h.py::nozzle_section","parent":null,"state":"building","phase":"Meshing components","progress":[1,12],"elapsed":1.406}
{"model":"C:\\Users\\erena\\Desktop\\Nuclear Option Munitions Package\\cad\\phantom_visual_reboot\\src\\engine_bay_b2h.py::nozzle_section","parent":null,"state":"building","phase":"Meshing components","progress":[2,12],"elapsed":1.422}
{"model":"C:\\Users\\erena\\Desktop\\Nuclear Option Munitions Package\\cad\\phantom_visual_reboot\\src\\engine_bay_b2h.py::nozzle_section","parent":null,"state":"building","phase":"Meshing components","progress":[3,12],"elapsed":1.438}
{"model":"C:\\Users\\erena\\Desktop\\Nuclear Option Munitions Package\\cad\\phantom_visual_reboot\\src\\engine_bay_b2h.py::nozzle_section","parent":null,"state":"building","phase":"Meshing components","progress":[4,12],"elapsed":1.453}
{"model":"C:\\Users\\erena\\Desktop\\Nuclear Option Munitions Package\\cad\\phantom_visual_reboot\\src\\engine_bay_b2h.py::nozzle_section","parent":null,"state":"building","phase":"Meshing components","progress":[5,12],"elapsed":1.453}
{"model":"C:\\Users\\erena\\Desktop\\Nuclear Option Munitions Package\\cad\\phantom_visual_reboot\\src\\engine_bay_b2h.py::nozzle_section","parent":null,"state":"building","phase":"Meshing components","progress":[6,12],"elapsed":1.469}
{"model":"C:\\Users\\erena\\Desktop\\Nuclear Option Munitions Package\\cad\\phantom_visual_reboot\\src\\engine_bay_b2h.py::nozzle_section","parent":null,"state":"building","phase":"Meshing components","progress":[7,12],"elapsed":1.469}
{"model":"C:\\Users\\erena\\Desktop\\Nuclear Option Munitions Package\\cad\\phantom_visual_reboot\\src\\engine_bay_b2h.py::nozzle_section","parent":null,"state":"building","phase":"Meshing components","progress":[8,12],"elapsed":1.469}
{"model":"C:\\Users\\erena\\Desktop\\Nuclear Option Munitions Package\\cad\\phantom_visual_reboot\\src\\engine_bay_b2h.py::nozzle_section","parent":null,"state":"building","phase":"Meshing components","progress":[9,12],"elapsed":1.485}
{"model":"C:\\Users\\erena\\Desktop\\Nuclear Option Munitions Package\\cad\\phantom_visual_reboot\\src\\engine_bay_b2h.py::nozzle_section","parent":null,"state":"building","phase":"Meshing components","progress":[10,12],"elapsed":1.485}
{"model":"C:\\Users\\erena\\Desktop\\Nuclear Option Munitions Package\\cad\\phantom_visual_reboot\\src\\engine_bay_b2h.py::nozzle_section","parent":null,"state":"building","phase":"Meshing components","progress":[11,12],"elapsed":1.485}
{"model":"C:\\Users\\erena\\Desktop\\Nuclear Option Munitions Package\\cad\\phantom_visual_reboot\\src\\engine_bay_b2h.py::nozzle_section","parent":null,"state":"building","phase":"Meshing components","progress":[12,12],"elapsed":1.485}
{"model":"C:\\Users\\erena\\Desktop\\Nuclear Option Munitions Package\\cad\\phantom_visual_reboot\\src\\engine_bay_b2h.py::nozzle_section","parent":null,"state":"building","phase":"Writing outputs","progress":null,"elapsed":1.5}
{"model":"C:\\Users\\erena\\Desktop\\Nuclear Option Munitions Package\\cad\\phantom_visual_reboot\\src\\engine_bay_b2h.py::nozzle_section","parent":null,"state":"building","phase":"Source ready","progress":null,"elapsed":1.672}
{"model":"C:\\Users\\erena\\Desktop\\Nuclear Option Munitions Package\\cad\\phantom_visual_reboot\\src\\engine_bay_b2h.py::nozzle_section","parent":null,"state":"building","phase":"Saving STEP","progress":null,"elapsed":1.672}
{"model":"C:\\Users\\erena\\Desktop\\Nuclear Option Munitions Package\\cad\\phantom_visual_reboot\\src\\engine_bay_b2h.py::nozzle_section","parent":null,"state":"building","phase":"Collecting parts","progress":null,"elapsed":2.485}
{"model":"C:\\Users\\erena\\Desktop\\Nuclear Option Munitions Package\\cad\\phantom_visual_reboot\\src\\engine_bay_b2h.py::nozzle_section","parent":null,"state":"building","phase":"Meshing components","progress":[0,11],"elapsed":2.5}
{"model":"C:\\Users\\erena\\Desktop\\Nuclear Option Munitions Package\\cad\\phantom_visual_reboot\\src\\engine_bay_b2h.py::nozzle_section","parent":null,"state":"building","phase":"Meshing components","progress":[1,11],"elapsed":2.5}
{"model":"C:\\Users\\erena\\Desktop\\Nuclear Option Munitions Package\\cad\\phantom_visual_reboot\\src\\engine_bay_b2h.py::nozzle_section","parent":null,"state":"building","phase":"Meshing components","progress":[2,11],"elapsed":2.5}
{"model":"C:\\Users\\erena\\Desktop\\Nuclear Option Munitions Package\\cad\\phantom_visual_reboot\\src\\engine_bay_b2h.py::nozzle_section","parent":null,"state":"building","phase":"Meshing components","progress":[3,11],"elapsed":2.5}
{"model":"C:\\Users\\erena\\Desktop\\Nuclear Option Munitions Package\\cad\\phantom_visual_reboot\\src\\engine_bay_b2h.py::nozzle_section","parent":null,"state":"building","phase":"Meshing components","progress":[4,11],"elapsed":2.516}
{"model":"C:\\Users\\erena\\Desktop\\Nuclear Option Munitions Package\\cad\\phantom_visual_reboot\\src\\engine_bay_b2h.py::nozzle_section","parent":null,"state":"building","phase":"Meshing components","progress":[5,11],"elapsed":2.516}
{"model":"C:\\Users\\erena\\Desktop\\Nuclear Option Munitions Package\\cad\\phantom_visual_reboot\\src\\engine_bay_b2h.py::nozzle_section","parent":null,"state":"building","phase":"Meshing components","progress":[6,11],"elapsed":2.516}
{"model":"C:\\Users\\erena\\Desktop\\Nuclear Option Munitions Package\\cad\\phantom_visual_reboot\\src\\engine_bay_b2h.py::nozzle_section","parent":null,"state":"building","phase":"Meshing components","progress":[7,11],"elapsed":2.516}
{"model":"C:\\Users\\erena\\Desktop\\Nuclear Option Munitions Package\\cad\\phantom_visual_reboot\\src\\engine_bay_b2h.py::nozzle_section","parent":null,"state":"building","phase":"Meshing components","progress":[8,11],"elapsed":2.531}
{"model":"C:\\Users\\erena\\Desktop\\Nuclear Option Munitions Package\\cad\\phantom_visual_reboot\\src\\engine_bay_b2h.py::nozzle_section","parent":null,"state":"building","phase":"Meshing components","progress":[9,11],"elapsed":2.531}
{"model":"C:\\Users\\erena\\Desktop\\Nuclear Option Munitions Package\\cad\\phantom_visual_reboot\\src\\engine_bay_b2h.py::nozzle_section","parent":null,"state":"building","phase":"Meshing components","progress":[10,11],"elapsed":2.531}
{"model":"C:\\Users\\erena\\Desktop\\Nuclear Option Munitions Package\\cad\\phantom_visual_reboot\\src\\engine_bay_b2h.py::nozzle_section","parent":null,"state":"building","phase":"Meshing components","progress":[11,11],"elapsed":2.531}
{"model":"C:\\Users\\erena\\Desktop\\Nuclear Option Munitions Package\\cad\\phantom_visual_reboot\\src\\engine_bay_b2h.py::nozzle_section","parent":null,"state":"building","phase":"Writing outputs","progress":null,"elapsed":2.531}
{"model":"C:\\Users\\erena\\Desktop\\Nuclear Option Munitions Package\\cad\\phantom_visual_reboot\\src\\engine_bay_b2h.py::nozzle_section","parent":null,"state":"building","phase":"STEP saved","progress":null,"elapsed":2.781}
{"model":"C:\\Users\\erena\\Desktop\\Nuclear Option Munitions Package\\cad\\phantom_visual_reboot\\src\\engine_bay_b2h.py::nozzle_section","parent":null,"state":"done","phase":"STEP saved","progress":null,"elapsed":2.801}
[cadgen] wrote STEP: C:/Users/erena/Desktop/Nuclear Option Munitions Package/cad/phantom_visual_reboot/STEP/S_Nozzle_B2H_Section.step
built C:/Users/erena/Desktop/Nuclear Option Munitions Package/cad/phantom_visual_reboot/STEP/S_Nozzle_B2H_Section.step
{"model":"C:\\Users\\erena\\Desktop\\Nuclear Option Munitions Package\\cad\\phantom_visual_reboot\\src\\engine_bay_b2h.py::deployed_full","parent":null,"state":"building","phase":"generate","progress":null,"elapsed":0.0}
{"model":"C:\\Users\\erena\\Desktop\\Nuclear Option Munitions Package\\cad\\phantom_visual_reboot\\src\\engine_bay_b2h.py::deployed_full","parent":null,"state":"building","phase":"Building geometry","progress":null,"elapsed":0.0}
{"model":"C:\\Users\\erena\\Desktop\\Nuclear Option Munitions Package\\cad\\phantom_visual_reboot\\src\\engine_bay_b2h.py::deployed_full","parent":null,"state":"building","phase":"Collecting parts","progress":null,"elapsed":4.172}
{"model":"C:\\Users\\erena\\Desktop\\Nuclear Option Munitions Package\\cad\\phantom_visual_reboot\\src\\engine_bay_b2h.py::deployed_full","parent":null,"state":"building","phase":"Meshing components","progress":[0,38],"elapsed":4.282}
{"model":"C:\\Users\\erena\\Desktop\\Nuclear Option Munitions Package\\cad\\phantom_visual_reboot\\src\\engine_bay_b2h.py::deployed_full","parent":null,"state":"building","phase":"Meshing components","progress":[1,38],"elapsed":4.282}
{"model":"C:\\Users\\erena\\Desktop\\Nuclear Option Munitions Package\\cad\\phantom_visual_reboot\\src\\engine_bay_b2h.py::deployed_full","parent":null,"state":"building","phase":"Meshing components","progress":[2,38],"elapsed":4.282}
{"model":"C:\\Users\\erena\\Desktop\\Nuclear Option Munitions Package\\cad\\phantom_visual_reboot\\src\\engine_bay_b2h.py::deployed_full","parent":null,"state":"building","phase":"Meshing components","progress":[3,38],"elapsed":4.282}
{"model":"C:\\Users\\erena\\Desktop\\Nuclear Option Munitions Package\\cad\\phantom_visual_reboot\\src\\engine_bay_b2h.py::deployed_full","parent":null,"state":"building","phase":"Meshing components","progress":[4,38],"elapsed":4.297}
{"model":"C:\\Users\\erena\\Desktop\\Nuclear Option Munitions Package\\cad\\phantom_visual_reboot\\src\\engine_bay_b2h.py::deployed_full","parent":null,"state":"building","phase":"Meshing components","progress":[5,38],"elapsed":4.297}
{"model":"C:\\Users\\erena\\Desktop\\Nuclear Option Munitions Package\\cad\\phantom_visual_reboot\\src\\engine_bay_b2h.py::deployed_full","parent":null,"state":"building","phase":"Meshing components","progress":[6,38],"elapsed":4.297}
{"model":"C:\\Users\\erena\\Desktop\\Nuclear Option Munitions Package\\cad\\phantom_visual_reboot\\src\\engine_bay_b2h.py::deployed_full","parent":null,"state":"building","phase":"Meshing components","progress":[7,38],"elapsed":4.297}
{"model":"C:\\Users\\erena\\Desktop\\Nuclear Option Munitions Package\\cad\\phantom_visual_reboot\\src\\engine_bay_b2h.py::deployed_full","parent":null,"state":"building","phase":"Meshing components","progress":[8,38],"elapsed":4.297}
{"model":"C:\\Users\\erena\\Desktop\\Nuclear Option Munitions Package\\cad\\phantom_visual_reboot\\src\\engine_bay_b2h.py::deployed_full","parent":null,"state":"building","phase":"Meshing components","progress":[9,38],"elapsed":4.297}
{"model":"C:\\Users\\erena\\Desktop\\Nuclear Option Munitions Package\\cad\\phantom_visual_reboot\\src\\engine_bay_b2h.py::deployed_full","parent":null,"state":"building","phase":"Meshing components","progress":[10,38],"elapsed":4.297}
{"model":"C:\\Users\\erena\\Desktop\\Nuclear Option Munitions Package\\cad\\phantom_visual_reboot\\src\\engine_bay_b2h.py::deployed_full","parent":null,"state":"building","phase":"Meshing components","progress":[11,38],"elapsed":4.313}
{"model":"C:\\Users\\erena\\Desktop\\Nuclear Option Munitions Package\\cad\\phantom_visual_reboot\\src\\engine_bay_b2h.py::deployed_full","parent":null,"state":"building","phase":"Meshing components","progress":[12,38],"elapsed":4.313}
{"model":"C:\\Users\\erena\\Desktop\\Nuclear Option Munitions Package\\cad\\phantom_visual_reboot\\src\\engine_bay_b2h.py::deployed_full","parent":null,"state":"building","phase":"Meshing components","progress":[13,38],"elapsed":4.313}
{"model":"C:\\Users\\erena\\Desktop\\Nuclear Option Munitions Package\\cad\\phantom_visual_reboot\\src\\engine_bay_b2h.py::deployed_full","parent":null,"state":"building","phase":"Meshing components","progress":[14,38],"elapsed":4.313}
{"model":"C:\\Users\\erena\\Desktop\\Nuclear Option Munitions Package\\cad\\phantom_visual_reboot\\src\\engine_bay_b2h.py::deployed_full","parent":null,"state":"building","phase":"Meshing components","progress":[15,38],"elapsed":4.313}
{"model":"C:\\Users\\erena\\Desktop\\Nuclear Option Munitions Package\\cad\\phantom_visual_reboot\\src\\engine_bay_b2h.py::deployed_full","parent":null,"state":"building","phase":"Meshing components","progress":[16,38],"elapsed":4.313}
{"model":"C:\\Users\\erena\\Desktop\\Nuclear Option Munitions Package\\cad\\phantom_visual_reboot\\src\\engine_bay_b2h.py::deployed_full","parent":null,"state":"building","phase":"Meshing components","progress":[17,38],"elapsed":4.313}
{"model":"C:\\Users\\erena\\Desktop\\Nuclear Option Munitions Package\\cad\\phantom_visual_reboot\\src\\engine_bay_b2h.py::deployed_full","parent":null,"state":"building","phase":"Meshing components","progress":[18,38],"elapsed":4.329}
{"model":"C:\\Users\\erena\\Desktop\\Nuclear Option Munitions Package\\cad\\phantom_visual_reboot\\src\\engine_bay_b2h.py::deployed_full","parent":null,"state":"building","phase":"Meshing components","progress":[19,38],"elapsed":4.329}
{"model":"C:\\Users\\erena\\Desktop\\Nuclear Option Munitions Package\\cad\\phantom_visual_reboot\\src\\engine_bay_b2h.py::deployed_full","parent":null,"state":"building","phase":"Meshing components","progress":[20,38],"elapsed":4.329}
{"model":"C:\\Users\\erena\\Desktop\\Nuclear Option Munitions Package\\cad\\phantom_visual_reboot\\src\\engine_bay_b2h.py::deployed_full","parent":null,"state":"building","phase":"Meshing components","progress":[21,38],"elapsed":4.329}
{"model":"C:\\Users\\erena\\Desktop\\Nuclear Option Munitions Package\\cad\\phantom_visual_reboot\\src\\engine_bay_b2h.py::deployed_full","parent":null,"state":"building","phase":"Meshing components","progress":[22,38],"elapsed":4.329}
{"model":"C:\\Users\\erena\\Desktop\\Nuclear Option Munitions Package\\cad\\phantom_visual_reboot\\src\\engine_bay_b2h.py::deployed_full","parent":null,"state":"building","phase":"Meshing components","progress":[23,38],"elapsed":4.329}
{"model":"C:\\Users\\erena\\Desktop\\Nuclear Option Munitions Package\\cad\\phantom_visual_reboot\\src\\engine_bay_b2h.py::deployed_full","parent":null,"state":"building","phase":"Meshing components","progress":[24,38],"elapsed":4.344}
{"model":"C:\\Users\\erena\\Desktop\\Nuclear Option Munitions Package\\cad\\phantom_visual_reboot\\src\\engine_bay_b2h.py::deployed_full","parent":null,"state":"building","phase":"Meshing components","progress":[25,38],"elapsed":4.344}
{"model":"C:\\Users\\erena\\Desktop\\Nuclear Option Munitions Package\\cad\\phantom_visual_reboot\\src\\engine_bay_b2h.py::deployed_full","parent":null,"state":"building","phase":"Meshing components","progress":[26,38],"elapsed":4.344}
{"model":"C:\\Users\\erena\\Desktop\\Nuclear Option Munitions Package\\cad\\phantom_visual_reboot\\src\\engine_bay_b2h.py::deployed_full","parent":null,"state":"building","phase":"Meshing components","progress":[27,38],"elapsed":4.344}
{"model":"C:\\Users\\erena\\Desktop\\Nuclear Option Munitions Package\\cad\\phantom_visual_reboot\\src\\engine_bay_b2h.py::deployed_full","parent":null,"state":"building","phase":"Meshing components","progress":[28,38],"elapsed":4.344}
{"model":"C:\\Users\\erena\\Desktop\\Nuclear Option Munitions Package\\cad\\phantom_visual_reboot\\src\\engine_bay_b2h.py::deployed_full","parent":null,"state":"building","phase":"Meshing components","progress":[29,38],"elapsed":4.344}
{"model":"C:\\Users\\erena\\Desktop\\Nuclear Option Munitions Package\\cad\\phantom_visual_reboot\\src\\engine_bay_b2h.py::deployed_full","parent":null,"state":"building","phase":"Meshing components","progress":[30,38],"elapsed":4.344}
{"model":"C:\\Users\\erena\\Desktop\\Nuclear Option Munitions Package\\cad\\phantom_visual_reboot\\src\\engine_bay_b2h.py::deployed_full","parent":null,"state":"building","phase":"Meshing components","progress":[31,38],"elapsed":4.36}
{"model":"C:\\Users\\erena\\Desktop\\Nuclear Option Munitions Package\\cad\\phantom_visual_reboot\\src\\engine_bay_b2h.py::deployed_full","parent":null,"state":"building","phase":"Meshing components","progress":[32,38],"elapsed":4.36}
{"model":"C:\\Users\\erena\\Desktop\\Nuclear Option Munitions Package\\cad\\phantom_visual_reboot\\src\\engine_bay_b2h.py::deployed_full","parent":null,"state":"building","phase":"Meshing components","progress":[33,38],"elapsed":4.375}
{"model":"C:\\Users\\erena\\Desktop\\Nuclear Option Munitions Package\\cad\\phantom_visual_reboot\\src\\engine_bay_b2h.py::deployed_full","parent":null,"state":"building","phase":"Meshing components","progress":[34,38],"elapsed":4.375}
{"model":"C:\\Users\\erena\\Desktop\\Nuclear Option Munitions Package\\cad\\phantom_visual_reboot\\src\\engine_bay_b2h.py::deployed_full","parent":null,"state":"building","phase":"Meshing components","progress":[35,38],"elapsed":4.375}
{"model":"C:\\Users\\erena\\Desktop\\Nuclear Option Munitions Package\\cad\\phantom_visual_reboot\\src\\engine_bay_b2h.py::deployed_full","parent":null,"state":"building","phase":"Meshing components","progress":[36,38],"elapsed":4.375}
{"model":"C:\\Users\\erena\\Desktop\\Nuclear Option Munitions Package\\cad\\phantom_visual_reboot\\src\\engine_bay_b2h.py::deployed_full","parent":null,"state":"building","phase":"Meshing components","progress":[37,38],"elapsed":4.375}
{"model":"C:\\Users\\erena\\Desktop\\Nuclear Option Munitions Package\\cad\\phantom_visual_reboot\\src\\engine_bay_b2h.py::deployed_full","parent":null,"state":"building","phase":"Meshing components","progress":[38,38],"elapsed":4.391}
{"model":"C:\\Users\\erena\\Desktop\\Nuclear Option Munitions Package\\cad\\phantom_visual_reboot\\src\\engine_bay_b2h.py::deployed_full","parent":null,"state":"building","phase":"Writing outputs","progress":null,"elapsed":4.391}
{"model":"C:\\Users\\erena\\Desktop\\Nuclear Option Munitions Package\\cad\\phantom_visual_reboot\\src\\engine_bay_b2h.py::deployed_full","parent":null,"state":"building","phase":"Source ready","progress":null,"elapsed":4.594}
{"model":"C:\\Users\\erena\\Desktop\\Nuclear Option Munitions Package\\cad\\phantom_visual_reboot\\src\\engine_bay_b2h.py::deployed_full","parent":null,"state":"building","phase":"Saving STEP","progress":null,"elapsed":4.594}
{"model":"C:\\Users\\erena\\Desktop\\Nuclear Option Munitions Package\\cad\\phantom_visual_reboot\\src\\engine_bay_b2h.py::deployed_full","parent":null,"state":"building","phase":"Collecting parts","progress":null,"elapsed":9.157}
{"model":"C:\\Users\\erena\\Desktop\\Nuclear Option Munitions Package\\cad\\phantom_visual_reboot\\src\\engine_bay_b2h.py::deployed_full","parent":null,"state":"building","phase":"Meshing components","progress":[0,38],"elapsed":9.204}
{"model":"C:\\Users\\erena\\Desktop\\Nuclear Option Munitions Package\\cad\\phantom_visual_reboot\\src\\engine_bay_b2h.py::deployed_full","parent":null,"state":"building","phase":"Meshing components","progress":[1,38],"elapsed":9.219}
{"model":"C:\\Users\\erena\\Desktop\\Nuclear Option Munitions Package\\cad\\phantom_visual_reboot\\src\\engine_bay_b2h.py::deployed_full","parent":null,"state":"building","phase":"Meshing components","progress":[2,38],"elapsed":9.219}
{"model":"C:\\Users\\erena\\Desktop\\Nuclear Option Munitions Package\\cad\\phantom_visual_reboot\\src\\engine_bay_b2h.py::deployed_full","parent":null,"state":"building","phase":"Meshing components","progress":[3,38],"elapsed":9.219}
{"model":"C:\\Users\\erena\\Desktop\\Nuclear Option Munitions Package\\cad\\phantom_visual_reboot\\src\\engine_bay_b2h.py::deployed_full","parent":null,"state":"building","phase":"Meshing components","progress":[4,38],"elapsed":9.219}
{"model":"C:\\Users\\erena\\Desktop\\Nuclear Option Munitions Package\\cad\\phantom_visual_reboot\\src\\engine_bay_b2h.py::deployed_full","parent":null,"state":"building","phase":"Meshing components","progress":[5,38],"elapsed":9.219}
{"model":"C:\\Users\\erena\\Desktop\\Nuclear Option Munitions Package\\cad\\phantom_visual_reboot\\src\\engine_bay_b2h.py::deployed_full","parent":null,"state":"building","phase":"Meshing components","progress":[6,38],"elapsed":9.219}
{"model":"C:\\Users\\erena\\Desktop\\Nuclear Option Munitions Package\\cad\\phantom_visual_reboot\\src\\engine_bay_b2h.py::deployed_full","parent":null,"state":"building","phase":"Meshing components","progress":[7,38],"elapsed":9.219}
{"model":"C:\\Users\\erena\\Desktop\\Nuclear Option Munitions Package\\cad\\phantom_visual_reboot\\src\\engine_bay_b2h.py::deployed_full","parent":null,"state":"building","phase":"Meshing components","progress":[8,38],"elapsed":9.235}
{"model":"C:\\Users\\erena\\Desktop\\Nuclear Option Munitions Package\\cad\\phantom_visual_reboot\\src\\engine_bay_b2h.py::deployed_full","parent":null,"state":"building","phase":"Meshing components","progress":[9,38],"elapsed":9.235}
{"model":"C:\\Users\\erena\\Desktop\\Nuclear Option Munitions Package\\cad\\phantom_visual_reboot\\src\\engine_bay_b2h.py::deployed_full","parent":null,"state":"building","phase":"Meshing components","progress":[10,38],"elapsed":9.235}
{"model":"C:\\Users\\erena\\Desktop\\Nuclear Option Munitions Package\\cad\\phantom_visual_reboot\\src\\engine_bay_b2h.py::deployed_full","parent":null,"state":"building","phase":"Meshing components","progress":[11,38],"elapsed":9.235}
{"model":"C:\\Users\\erena\\Desktop\\Nuclear Option Munitions Package\\cad\\phantom_visual_reboot\\src\\engine_bay_b2h.py::deployed_full","parent":null,"state":"building","phase":"Meshing components","progress":[12,38],"elapsed":9.235}
{"model":"C:\\Users\\erena\\Desktop\\Nuclear Option Munitions Package\\cad\\phantom_visual_reboot\\src\\engine_bay_b2h.py::deployed_full","parent":null,"state":"building","phase":"Meshing components","progress":[13,38],"elapsed":9.235}
{"model":"C:\\Users\\erena\\Desktop\\Nuclear Option Munitions Package\\cad\\phantom_visual_reboot\\src\\engine_bay_b2h.py::deployed_full","parent":null,"state":"building","phase":"Meshing components","progress":[14,38],"elapsed":9.25}
{"model":"C:\\Users\\erena\\Desktop\\Nuclear Option Munitions Package\\cad\\phantom_visual_reboot\\src\\engine_bay_b2h.py::deployed_full","parent":null,"state":"building","phase":"Meshing components","progress":[15,38],"elapsed":9.25}
{"model":"C:\\Users\\erena\\Desktop\\Nuclear Option Munitions Package\\cad\\phantom_visual_reboot\\src\\engine_bay_b2h.py::deployed_full","parent":null,"state":"building","phase":"Meshing components","progress":[16,38],"elapsed":9.25}
{"model":"C:\\Users\\erena\\Desktop\\Nuclear Option Munitions Package\\cad\\phantom_visual_reboot\\src\\engine_bay_b2h.py::deployed_full","parent":null,"state":"building","phase":"Meshing components","progress":[17,38],"elapsed":9.25}
{"model":"C:\\Users\\erena\\Desktop\\Nuclear Option Munitions Package\\cad\\phantom_visual_reboot\\src\\engine_bay_b2h.py::deployed_full","parent":null,"state":"building","phase":"Meshing components","progress":[18,38],"elapsed":9.25}
{"model":"C:\\Users\\erena\\Desktop\\Nuclear Option Munitions Package\\cad\\phantom_visual_reboot\\src\\engine_bay_b2h.py::deployed_full","parent":null,"state":"building","phase":"Meshing components","progress":[19,38],"elapsed":9.25}
{"model":"C:\\Users\\erena\\Desktop\\Nuclear Option Munitions Package\\cad\\phantom_visual_reboot\\src\\engine_bay_b2h.py::deployed_full","parent":null,"state":"building","phase":"Meshing components","progress":[20,38],"elapsed":9.266}
{"model":"C:\\Users\\erena\\Desktop\\Nuclear Option Munitions Package\\cad\\phantom_visual_reboot\\src\\engine_bay_b2h.py::deployed_full","parent":null,"state":"building","phase":"Meshing components","progress":[21,38],"elapsed":9.266}
{"model":"C:\\Users\\erena\\Desktop\\Nuclear Option Munitions Package\\cad\\phantom_visual_reboot\\src\\engine_bay_b2h.py::deployed_full","parent":null,"state":"building","phase":"Meshing components","progress":[22,38],"elapsed":9.266}
{"model":"C:\\Users\\erena\\Desktop\\Nuclear Option Munitions Package\\cad\\phantom_visual_reboot\\src\\engine_bay_b2h.py::deployed_full","parent":null,"state":"building","phase":"Meshing components","progress":[23,38],"elapsed":9.266}
{"model":"C:\\Users\\erena\\Desktop\\Nuclear Option Munitions Package\\cad\\phantom_visual_reboot\\src\\engine_bay_b2h.py::deployed_full","parent":null,"state":"building","phase":"Meshing components","progress":[24,38],"elapsed":9.266}
{"model":"C:\\Users\\erena\\Desktop\\Nuclear Option Munitions Package\\cad\\phantom_visual_reboot\\src\\engine_bay_b2h.py::deployed_full","parent":null,"state":"building","phase":"Meshing components","progress":[25,38],"elapsed":9.266}
{"model":"C:\\Users\\erena\\Desktop\\Nuclear Option Munitions Package\\cad\\phantom_visual_reboot\\src\\engine_bay_b2h.py::deployed_full","parent":null,"state":"building","phase":"Meshing components","progress":[26,38],"elapsed":9.282}
{"model":"C:\\Users\\erena\\Desktop\\Nuclear Option Munitions Package\\cad\\phantom_visual_reboot\\src\\engine_bay_b2h.py::deployed_full","parent":null,"state":"building","phase":"Meshing components","progress":[27,38],"elapsed":9.282}
{"model":"C:\\Users\\erena\\Desktop\\Nuclear Option Munitions Package\\cad\\phantom_visual_reboot\\src\\engine_bay_b2h.py::deployed_full","parent":null,"state":"building","phase":"Meshing components","progress":[28,38],"elapsed":9.282}
{"model":"C:\\Users\\erena\\Desktop\\Nuclear Option Munitions Package\\cad\\phantom_visual_reboot\\src\\engine_bay_b2h.py::deployed_full","parent":null,"state":"building","phase":"Meshing components","progress":[29,38],"elapsed":9.282}
{"model":"C:\\Users\\erena\\Desktop\\Nuclear Option Munitions Package\\cad\\phantom_visual_reboot\\src\\engine_bay_b2h.py::deployed_full","parent":null,"state":"building","phase":"Meshing components","progress":[30,38],"elapsed":9.282}
{"model":"C:\\Users\\erena\\Desktop\\Nuclear Option Munitions Package\\cad\\phantom_visual_reboot\\src\\engine_bay_b2h.py::deployed_full","parent":null,"state":"building","phase":"Meshing components","progress":[31,38],"elapsed":9.282}
{"model":"C:\\Users\\erena\\Desktop\\Nuclear Option Munitions Package\\cad\\phantom_visual_reboot\\src\\engine_bay_b2h.py::deployed_full","parent":null,"state":"building","phase":"Meshing components","progress":[32,38],"elapsed":9.297}
{"model":"C:\\Users\\erena\\Desktop\\Nuclear Option Munitions Package\\cad\\phantom_visual_reboot\\src\\engine_bay_b2h.py::deployed_full","parent":null,"state":"building","phase":"Meshing components","progress":[33,38],"elapsed":9.297}
{"model":"C:\\Users\\erena\\Desktop\\Nuclear Option Munitions Package\\cad\\phantom_visual_reboot\\src\\engine_bay_b2h.py::deployed_full","parent":null,"state":"building","phase":"Meshing components","progress":[34,38],"elapsed":9.297}
{"model":"C:\\Users\\erena\\Desktop\\Nuclear Option Munitions Package\\cad\\phantom_visual_reboot\\src\\engine_bay_b2h.py::deployed_full","parent":null,"state":"building","phase":"Meshing components","progress":[35,38],"elapsed":9.297}
{"model":"C:\\Users\\erena\\Desktop\\Nuclear Option Munitions Package\\cad\\phantom_visual_reboot\\src\\engine_bay_b2h.py::deployed_full","parent":null,"state":"building","phase":"Meshing components","progress":[36,38],"elapsed":9.313}
{"model":"C:\\Users\\erena\\Desktop\\Nuclear Option Munitions Package\\cad\\phantom_visual_reboot\\src\\engine_bay_b2h.py::deployed_full","parent":null,"state":"building","phase":"Meshing components","progress":[37,38],"elapsed":9.313}
{"model":"C:\\Users\\erena\\Desktop\\Nuclear Option Munitions Package\\cad\\phantom_visual_reboot\\src\\engine_bay_b2h.py::deployed_full","parent":null,"state":"building","phase":"Meshing components","progress":[38,38],"elapsed":9.313}
{"model":"C:\\Users\\erena\\Desktop\\Nuclear Option Munitions Package\\cad\\phantom_visual_reboot\\src\\engine_bay_b2h.py::deployed_full","parent":null,"state":"building","phase":"Writing outputs","progress":null,"elapsed":9.313}
{"model":"C:\\Users\\erena\\Desktop\\Nuclear Option Munitions Package\\cad\\phantom_visual_reboot\\src\\engine_bay_b2h.py::deployed_full","parent":null,"state":"building","phase":"STEP saved","progress":null,"elapsed":9.5}
{"model":"C:\\Users\\erena\\Desktop\\Nuclear Option Munitions Package\\cad\\phantom_visual_reboot\\src\\engine_bay_b2h.py::deployed_full","parent":null,"state":"done","phase":"STEP saved","progress":null,"elapsed":9.541}
[cadgen] wrote STEP: C:/Users/erena/Desktop/Nuclear Option Munitions Package/cad/phantom_visual_reboot/STEP/S_EngineBay_B2H_Deployed_Full.step
built C:/Users/erena/Desktop/Nuclear Option Munitions Package/cad/phantom_visual_reboot/STEP/S_EngineBay_B2H_Deployed_Full.step
{"model":"C:\\Users\\erena\\Desktop\\Nuclear Option Munitions Package\\cad\\phantom_visual_reboot\\src\\engine_bay_b2h.py::stowed_full","parent":null,"state":"building","phase":"generate","progress":null,"elapsed":0.0}
{"model":"C:\\Users\\erena\\Desktop\\Nuclear Option Munitions Package\\cad\\phantom_visual_reboot\\src\\engine_bay_b2h.py::stowed_full","parent":null,"state":"building","phase":"Building geometry","progress":null,"elapsed":0.0}
{"model":"C:\\Users\\erena\\Desktop\\Nuclear Option Munitions Package\\cad\\phantom_visual_reboot\\src\\engine_bay_b2h.py::stowed_full","parent":null,"state":"building","phase":"Collecting parts","progress":null,"elapsed":4.187}
{"model":"C:\\Users\\erena\\Desktop\\Nuclear Option Munitions Package\\cad\\phantom_visual_reboot\\src\\engine_bay_b2h.py::stowed_full","parent":null,"state":"building","phase":"Meshing components","progress":[0,38],"elapsed":4.297}
{"model":"C:\\Users\\erena\\Desktop\\Nuclear Option Munitions Package\\cad\\phantom_visual_reboot\\src\\engine_bay_b2h.py::stowed_full","parent":null,"state":"building","phase":"Meshing components","progress":[1,38],"elapsed":4.297}
{"model":"C:\\Users\\erena\\Desktop\\Nuclear Option Munitions Package\\cad\\phantom_visual_reboot\\src\\engine_bay_b2h.py::stowed_full","parent":null,"state":"building","phase":"Meshing components","progress":[2,38],"elapsed":4.297}
{"model":"C:\\Users\\erena\\Desktop\\Nuclear Option Munitions Package\\cad\\phantom_visual_reboot\\src\\engine_bay_b2h.py::stowed_full","parent":null,"state":"building","phase":"Meshing components","progress":[3,38],"elapsed":4.312}
{"model":"C:\\Users\\erena\\Desktop\\Nuclear Option Munitions Package\\cad\\phantom_visual_reboot\\src\\engine_bay_b2h.py::stowed_full","parent":null,"state":"building","phase":"Meshing components","progress":[4,38],"elapsed":4.312}
{"model":"C:\\Users\\erena\\Desktop\\Nuclear Option Munitions Package\\cad\\phantom_visual_reboot\\src\\engine_bay_b2h.py::stowed_full","parent":null,"state":"building","phase":"Meshing components","progress":[5,38],"elapsed":4.312}
{"model":"C:\\Users\\erena\\Desktop\\Nuclear Option Munitions Package\\cad\\phantom_visual_reboot\\src\\engine_bay_b2h.py::stowed_full","parent":null,"state":"building","phase":"Meshing components","progress":[6,38],"elapsed":4.312}
{"model":"C:\\Users\\erena\\Desktop\\Nuclear Option Munitions Package\\cad\\phantom_visual_reboot\\src\\engine_bay_b2h.py::stowed_full","parent":null,"state":"building","phase":"Meshing components","progress":[7,38],"elapsed":4.312}
{"model":"C:\\Users\\erena\\Desktop\\Nuclear Option Munitions Package\\cad\\phantom_visual_reboot\\src\\engine_bay_b2h.py::stowed_full","parent":null,"state":"building","phase":"Meshing components","progress":[8,38],"elapsed":4.312}
{"model":"C:\\Users\\erena\\Desktop\\Nuclear Option Munitions Package\\cad\\phantom_visual_reboot\\src\\engine_bay_b2h.py::stowed_full","parent":null,"state":"building","phase":"Meshing components","progress":[9,38],"elapsed":4.312}
{"model":"C:\\Users\\erena\\Desktop\\Nuclear Option Munitions Package\\cad\\phantom_visual_reboot\\src\\engine_bay_b2h.py::stowed_full","parent":null,"state":"building","phase":"Meshing components","progress":[10,38],"elapsed":4.328}
{"model":"C:\\Users\\erena\\Desktop\\Nuclear Option Munitions Package\\cad\\phantom_visual_reboot\\src\\engine_bay_b2h.py::stowed_full","parent":null,"state":"building","phase":"Meshing components","progress":[11,38],"elapsed":4.328}
{"model":"C:\\Users\\erena\\Desktop\\Nuclear Option Munitions Package\\cad\\phantom_visual_reboot\\src\\engine_bay_b2h.py::stowed_full","parent":null,"state":"building","phase":"Meshing components","progress":[12,38],"elapsed":4.328}
{"model":"C:\\Users\\erena\\Desktop\\Nuclear Option Munitions Package\\cad\\phantom_visual_reboot\\src\\engine_bay_b2h.py::stowed_full","parent":null,"state":"building","phase":"Meshing components","progress":[13,38],"elapsed":4.328}
{"model":"C:\\Users\\erena\\Desktop\\Nuclear Option Munitions Package\\cad\\phantom_visual_reboot\\src\\engine_bay_b2h.py::stowed_full","parent":null,"state":"building","phase":"Meshing components","progress":[14,38],"elapsed":4.328}
{"model":"C:\\Users\\erena\\Desktop\\Nuclear Option Munitions Package\\cad\\phantom_visual_reboot\\src\\engine_bay_b2h.py::stowed_full","parent":null,"state":"building","phase":"Meshing components","progress":[15,38],"elapsed":4.328}
{"model":"C:\\Users\\erena\\Desktop\\Nuclear Option Munitions Package\\cad\\phantom_visual_reboot\\src\\engine_bay_b2h.py::stowed_full","parent":null,"state":"building","phase":"Meshing components","progress":[16,38],"elapsed":4.328}
{"model":"C:\\Users\\erena\\Desktop\\Nuclear Option Munitions Package\\cad\\phantom_visual_reboot\\src\\engine_bay_b2h.py::stowed_full","parent":null,"state":"building","phase":"Meshing components","progress":[17,38],"elapsed":4.344}
{"model":"C:\\Users\\erena\\Desktop\\Nuclear Option Munitions Package\\cad\\phantom_visual_reboot\\src\\engine_bay_b2h.py::stowed_full","parent":null,"state":"building","phase":"Meshing components","progress":[18,38],"elapsed":4.344}
{"model":"C:\\Users\\erena\\Desktop\\Nuclear Option Munitions Package\\cad\\phantom_visual_reboot\\src\\engine_bay_b2h.py::stowed_full","parent":null,"state":"building","phase":"Meshing components","progress":[19,38],"elapsed":4.344}
{"model":"C:\\Users\\erena\\Desktop\\Nuclear Option Munitions Package\\cad\\phantom_visual_reboot\\src\\engine_bay_b2h.py::stowed_full","parent":null,"state":"building","phase":"Meshing components","progress":[20,38],"elapsed":4.344}
{"model":"C:\\Users\\erena\\Desktop\\Nuclear Option Munitions Package\\cad\\phantom_visual_reboot\\src\\engine_bay_b2h.py::stowed_full","parent":null,"state":"building","phase":"Meshing components","progress":[21,38],"elapsed":4.344}
{"model":"C:\\Users\\erena\\Desktop\\Nuclear Option Munitions Package\\cad\\phantom_visual_reboot\\src\\engine_bay_b2h.py::stowed_full","parent":null,"state":"building","phase":"Meshing components","progress":[22,38],"elapsed":4.344}
{"model":"C:\\Users\\erena\\Desktop\\Nuclear Option Munitions Package\\cad\\phantom_visual_reboot\\src\\engine_bay_b2h.py::stowed_full","parent":null,"state":"building","phase":"Meshing components","progress":[23,38],"elapsed":4.344}
{"model":"C:\\Users\\erena\\Desktop\\Nuclear Option Munitions Package\\cad\\phantom_visual_reboot\\src\\engine_bay_b2h.py::stowed_full","parent":null,"state":"building","phase":"Meshing components","progress":[24,38],"elapsed":4.359}
{"model":"C:\\Users\\erena\\Desktop\\Nuclear Option Munitions Package\\cad\\phantom_visual_reboot\\src\\engine_bay_b2h.py::stowed_full","parent":null,"state":"building","phase":"Meshing components","progress":[25,38],"elapsed":4.359}
{"model":"C:\\Users\\erena\\Desktop\\Nuclear Option Munitions Package\\cad\\phantom_visual_reboot\\src\\engine_bay_b2h.py::stowed_full","parent":null,"state":"building","phase":"Meshing components","progress":[26,38],"elapsed":4.359}
{"model":"C:\\Users\\erena\\Desktop\\Nuclear Option Munitions Package\\cad\\phantom_visual_reboot\\src\\engine_bay_b2h.py::stowed_full","parent":null,"state":"building","phase":"Meshing components","progress":[27,38],"elapsed":4.359}
{"model":"C:\\Users\\erena\\Desktop\\Nuclear Option Munitions Package\\cad\\phantom_visual_reboot\\src\\engine_bay_b2h.py::stowed_full","parent":null,"state":"building","phase":"Meshing components","progress":[28,38],"elapsed":4.359}
{"model":"C:\\Users\\erena\\Desktop\\Nuclear Option Munitions Package\\cad\\phantom_visual_reboot\\src\\engine_bay_b2h.py::stowed_full","parent":null,"state":"building","phase":"Meshing components","progress":[29,38],"elapsed":4.375}
{"model":"C:\\Users\\erena\\Desktop\\Nuclear Option Munitions Package\\cad\\phantom_visual_reboot\\src\\engine_bay_b2h.py::stowed_full","parent":null,"state":"building","phase":"Meshing components","progress":[30,38],"elapsed":4.375}
{"model":"C:\\Users\\erena\\Desktop\\Nuclear Option Munitions Package\\cad\\phantom_visual_reboot\\src\\engine_bay_b2h.py::stowed_full","parent":null,"state":"building","phase":"Meshing components","progress":[31,38],"elapsed":4.375}
{"model":"C:\\Users\\erena\\Desktop\\Nuclear Option Munitions Package\\cad\\phantom_visual_reboot\\src\\engine_bay_b2h.py::stowed_full","parent":null,"state":"building","phase":"Meshing components","progress":[32,38],"elapsed":4.375}
{"model":"C:\\Users\\erena\\Desktop\\Nuclear Option Munitions Package\\cad\\phantom_visual_reboot\\src\\engine_bay_b2h.py::stowed_full","parent":null,"state":"building","phase":"Meshing components","progress":[33,38],"elapsed":4.375}
{"model":"C:\\Users\\erena\\Desktop\\Nuclear Option Munitions Package\\cad\\phantom_visual_reboot\\src\\engine_bay_b2h.py::stowed_full","parent":null,"state":"building","phase":"Meshing components","progress":[34,38],"elapsed":4.375}
{"model":"C:\\Users\\erena\\Desktop\\Nuclear Option Munitions Package\\cad\\phantom_visual_reboot\\src\\engine_bay_b2h.py::stowed_full","parent":null,"state":"building","phase":"Meshing components","progress":[35,38],"elapsed":4.375}
{"model":"C:\\Users\\erena\\Desktop\\Nuclear Option Munitions Package\\cad\\phantom_visual_reboot\\src\\engine_bay_b2h.py::stowed_full","parent":null,"state":"building","phase":"Meshing components","progress":[36,38],"elapsed":4.39}
{"model":"C:\\Users\\erena\\Desktop\\Nuclear Option Munitions Package\\cad\\phantom_visual_reboot\\src\\engine_bay_b2h.py::stowed_full","parent":null,"state":"building","phase":"Meshing components","progress":[37,38],"elapsed":4.39}
{"model":"C:\\Users\\erena\\Desktop\\Nuclear Option Munitions Package\\cad\\phantom_visual_reboot\\src\\engine_bay_b2h.py::stowed_full","parent":null,"state":"building","phase":"Meshing components","progress":[38,38],"elapsed":4.39}
{"model":"C:\\Users\\erena\\Desktop\\Nuclear Option Munitions Package\\cad\\phantom_visual_reboot\\src\\engine_bay_b2h.py::stowed_full","parent":null,"state":"building","phase":"Writing outputs","progress":null,"elapsed":4.39}
{"model":"C:\\Users\\erena\\Desktop\\Nuclear Option Munitions Package\\cad\\phantom_visual_reboot\\src\\engine_bay_b2h.py::stowed_full","parent":null,"state":"building","phase":"Source ready","progress":null,"elapsed":4.687}
{"model":"C:\\Users\\erena\\Desktop\\Nuclear Option Munitions Package\\cad\\phantom_visual_reboot\\src\\engine_bay_b2h.py::stowed_full","parent":null,"state":"building","phase":"Saving STEP","progress":null,"elapsed":4.687}
{"model":"C:\\Users\\erena\\Desktop\\Nuclear Option Munitions Package\\cad\\phantom_visual_reboot\\src\\engine_bay_b2h.py::stowed_full","parent":null,"state":"building","phase":"Collecting parts","progress":null,"elapsed":8.765}
{"model":"C:\\Users\\erena\\Desktop\\Nuclear Option Munitions Package\\cad\\phantom_visual_reboot\\src\\engine_bay_b2h.py::stowed_full","parent":null,"state":"building","phase":"Meshing components","progress":[0,38],"elapsed":8.812}
{"model":"C:\\Users\\erena\\Desktop\\Nuclear Option Munitions Package\\cad\\phantom_visual_reboot\\src\\engine_bay_b2h.py::stowed_full","parent":null,"state":"building","phase":"Meshing components","progress":[1,38],"elapsed":8.812}
{"model":"C:\\Users\\erena\\Desktop\\Nuclear Option Munitions Package\\cad\\phantom_visual_reboot\\src\\engine_bay_b2h.py::stowed_full","parent":null,"state":"building","phase":"Meshing components","progress":[2,38],"elapsed":8.812}
{"model":"C:\\Users\\erena\\Desktop\\Nuclear Option Munitions Package\\cad\\phantom_visual_reboot\\src\\engine_bay_b2h.py::stowed_full","parent":null,"state":"building","phase":"Meshing components","progress":[3,38],"elapsed":8.812}
{"model":"C:\\Users\\erena\\Desktop\\Nuclear Option Munitions Package\\cad\\phantom_visual_reboot\\src\\engine_bay_b2h.py::stowed_full","parent":null,"state":"building","phase":"Meshing components","progress":[4,38],"elapsed":8.812}
{"model":"C:\\Users\\erena\\Desktop\\Nuclear Option Munitions Package\\cad\\phantom_visual_reboot\\src\\engine_bay_b2h.py::stowed_full","parent":null,"state":"building","phase":"Meshing components","progress":[5,38],"elapsed":8.828}
{"model":"C:\\Users\\erena\\Desktop\\Nuclear Option Munitions Package\\cad\\phantom_visual_reboot\\src\\engine_bay_b2h.py::stowed_full","parent":null,"state":"building","phase":"Meshing components","progress":[6,38],"elapsed":8.828}
{"model":"C:\\Users\\erena\\Desktop\\Nuclear Option Munitions Package\\cad\\phantom_visual_reboot\\src\\engine_bay_b2h.py::stowed_full","parent":null,"state":"building","phase":"Meshing components","progress":[7,38],"elapsed":8.828}
{"model":"C:\\Users\\erena\\Desktop\\Nuclear Option Munitions Package\\cad\\phantom_visual_reboot\\src\\engine_bay_b2h.py::stowed_full","parent":null,"state":"building","phase":"Meshing components","progress":[8,38],"elapsed":8.828}
{"model":"C:\\Users\\erena\\Desktop\\Nuclear Option Munitions Package\\cad\\phantom_visual_reboot\\src\\engine_bay_b2h.py::stowed_full","parent":null,"state":"building","phase":"Meshing components","progress":[9,38],"elapsed":8.828}
{"model":"C:\\Users\\erena\\Desktop\\Nuclear Option Munitions Package\\cad\\phantom_visual_reboot\\src\\engine_bay_b2h.py::stowed_full","parent":null,"state":"building","phase":"Meshing components","progress":[10,38],"elapsed":8.828}
{"model":"C:\\Users\\erena\\Desktop\\Nuclear Option Munitions Package\\cad\\phantom_visual_reboot\\src\\engine_bay_b2h.py::stowed_full","parent":null,"state":"building","phase":"Meshing components","progress":[11,38],"elapsed":8.828}
{"model":"C:\\Users\\erena\\Desktop\\Nuclear Option Munitions Package\\cad\\phantom_visual_reboot\\src\\engine_bay_b2h.py::stowed_full","parent":null,"state":"building","phase":"Meshing components","progress":[12,38],"elapsed":8.844}
{"model":"C:\\Users\\erena\\Desktop\\Nuclear Option Munitions Package\\cad\\phantom_visual_reboot\\src\\engine_bay_b2h.py::stowed_full","parent":null,"state":"building","phase":"Meshing components","progress":[13,38],"elapsed":8.844}
{"model":"C:\\Users\\erena\\Desktop\\Nuclear Option Munitions Package\\cad\\phantom_visual_reboot\\src\\engine_bay_b2h.py::stowed_full","parent":null,"state":"building","phase":"Meshing components","progress":[14,38],"elapsed":8.844}
{"model":"C:\\Users\\erena\\Desktop\\Nuclear Option Munitions Package\\cad\\phantom_visual_reboot\\src\\engine_bay_b2h.py::stowed_full","parent":null,"state":"building","phase":"Meshing components","progress":[15,38],"elapsed":8.844}
{"model":"C:\\Users\\erena\\Desktop\\Nuclear Option Munitions Package\\cad\\phantom_visual_reboot\\src\\engine_bay_b2h.py::stowed_full","parent":null,"state":"building","phase":"Meshing components","progress":[16,38],"elapsed":8.844}
{"model":"C:\\Users\\erena\\Desktop\\Nuclear Option Munitions Package\\cad\\phantom_visual_reboot\\src\\engine_bay_b2h.py::stowed_full","parent":null,"state":"building","phase":"Meshing components","progress":[17,38],"elapsed":8.859}
{"model":"C:\\Users\\erena\\Desktop\\Nuclear Option Munitions Package\\cad\\phantom_visual_reboot\\src\\engine_bay_b2h.py::stowed_full","parent":null,"state":"building","phase":"Meshing components","progress":[18,38],"elapsed":8.859}
{"model":"C:\\Users\\erena\\Desktop\\Nuclear Option Munitions Package\\cad\\phantom_visual_reboot\\src\\engine_bay_b2h.py::stowed_full","parent":null,"state":"building","phase":"Meshing components","progress":[19,38],"elapsed":8.859}
{"model":"C:\\Users\\erena\\Desktop\\Nuclear Option Munitions Package\\cad\\phantom_visual_reboot\\src\\engine_bay_b2h.py::stowed_full","parent":null,"state":"building","phase":"Meshing components","progress":[20,38],"elapsed":8.859}
{"model":"C:\\Users\\erena\\Desktop\\Nuclear Option Munitions Package\\cad\\phantom_visual_reboot\\src\\engine_bay_b2h.py::stowed_full","parent":null,"state":"building","phase":"Meshing components","progress":[21,38],"elapsed":8.859}
{"model":"C:\\Users\\erena\\Desktop\\Nuclear Option Munitions Package\\cad\\phantom_visual_reboot\\src\\engine_bay_b2h.py::stowed_full","parent":null,"state":"building","phase":"Meshing components","progress":[22,38],"elapsed":8.859}
{"model":"C:\\Users\\erena\\Desktop\\Nuclear Option Munitions Package\\cad\\phantom_visual_reboot\\src\\engine_bay_b2h.py::stowed_full","parent":null,"state":"building","phase":"Meshing components","progress":[23,38],"elapsed":8.859}
{"model":"C:\\Users\\erena\\Desktop\\Nuclear Option Munitions Package\\cad\\phantom_visual_reboot\\src\\engine_bay_b2h.py::stowed_full","parent":null,"state":"building","phase":"Meshing components","progress":[24,38],"elapsed":8.875}
{"model":"C:\\Users\\erena\\Desktop\\Nuclear Option Munitions Package\\cad\\phantom_visual_reboot\\src\\engine_bay_b2h.py::stowed_full","parent":null,"state":"building","phase":"Meshing components","progress":[25,38],"elapsed":8.875}
{"model":"C:\\Users\\erena\\Desktop\\Nuclear Option Munitions Package\\cad\\phantom_visual_reboot\\src\\engine_bay_b2h.py::stowed_full","parent":null,"state":"building","phase":"Meshing components","progress":[26,38],"elapsed":8.875}
{"model":"C:\\Users\\erena\\Desktop\\Nuclear Option Munitions Package\\cad\\phantom_visual_reboot\\src\\engine_bay_b2h.py::stowed_full","parent":null,"state":"building","phase":"Meshing components","progress":[27,38],"elapsed":8.875}
{"model":"C:\\Users\\erena\\Desktop\\Nuclear Option Munitions Package\\cad\\phantom_visual_reboot\\src\\engine_bay_b2h.py::stowed_full","parent":null,"state":"building","phase":"Meshing components","progress":[28,38],"elapsed":8.875}
{"model":"C:\\Users\\erena\\Desktop\\Nuclear Option Munitions Package\\cad\\phantom_visual_reboot\\src\\engine_bay_b2h.py::stowed_full","parent":null,"state":"building","phase":"Meshing components","progress":[29,38],"elapsed":8.875}
{"model":"C:\\Users\\erena\\Desktop\\Nuclear Option Munitions Package\\cad\\phantom_visual_reboot\\src\\engine_bay_b2h.py::stowed_full","parent":null,"state":"building","phase":"Meshing components","progress":[30,38],"elapsed":8.875}
{"model":"C:\\Users\\erena\\Desktop\\Nuclear Option Munitions Package\\cad\\phantom_visual_reboot\\src\\engine_bay_b2h.py::stowed_full","parent":null,"state":"building","phase":"Meshing components","progress":[31,38],"elapsed":8.89}
{"model":"C:\\Users\\erena\\Desktop\\Nuclear Option Munitions Package\\cad\\phantom_visual_reboot\\src\\engine_bay_b2h.py::stowed_full","parent":null,"state":"building","phase":"Meshing components","progress":[32,38],"elapsed":8.89}
{"model":"C:\\Users\\erena\\Desktop\\Nuclear Option Munitions Package\\cad\\phantom_visual_reboot\\src\\engine_bay_b2h.py::stowed_full","parent":null,"state":"building","phase":"Meshing components","progress":[33,38],"elapsed":8.89}
{"model":"C:\\Users\\erena\\Desktop\\Nuclear Option Munitions Package\\cad\\phantom_visual_reboot\\src\\engine_bay_b2h.py::stowed_full","parent":null,"state":"building","phase":"Meshing components","progress":[34,38],"elapsed":8.89}
{"model":"C:\\Users\\erena\\Desktop\\Nuclear Option Munitions Package\\cad\\phantom_visual_reboot\\src\\engine_bay_b2h.py::stowed_full","parent":null,"state":"building","phase":"Meshing components","progress":[35,38],"elapsed":8.89}
{"model":"C:\\Users\\erena\\Desktop\\Nuclear Option Munitions Package\\cad\\phantom_visual_reboot\\src\\engine_bay_b2h.py::stowed_full","parent":null,"state":"building","phase":"Meshing components","progress":[36,38],"elapsed":8.89}
{"model":"C:\\Users\\erena\\Desktop\\Nuclear Option Munitions Package\\cad\\phantom_visual_reboot\\src\\engine_bay_b2h.py::stowed_full","parent":null,"state":"building","phase":"Meshing components","progress":[37,38],"elapsed":8.89}
{"model":"C:\\Users\\erena\\Desktop\\Nuclear Option Munitions Package\\cad\\phantom_visual_reboot\\src\\engine_bay_b2h.py::stowed_full","parent":null,"state":"building","phase":"Meshing components","progress":[38,38],"elapsed":8.906}
{"model":"C:\\Users\\erena\\Desktop\\Nuclear Option Munitions Package\\cad\\phantom_visual_reboot\\src\\engine_bay_b2h.py::stowed_full","parent":null,"state":"building","phase":"Writing outputs","progress":null,"elapsed":8.906}
{"model":"C:\\Users\\erena\\Desktop\\Nuclear Option Munitions Package\\cad\\phantom_visual_reboot\\src\\engine_bay_b2h.py::stowed_full","parent":null,"state":"building","phase":"STEP saved","progress":null,"elapsed":9.125}
{"model":"C:\\Users\\erena\\Desktop\\Nuclear Option Munitions Package\\cad\\phantom_visual_reboot\\src\\engine_bay_b2h.py::stowed_full","parent":null,"state":"done","phase":"STEP saved","progress":null,"elapsed":9.168}
[cadgen] wrote STEP: C:/Users/erena/Desktop/Nuclear Option Munitions Package/cad/phantom_visual_reboot/STEP/S_EngineBay_B2H_Stowed_Full.step
built C:/Users/erena/Desktop/Nuclear Option Munitions Package/cad/phantom_visual_reboot/STEP/S_EngineBay_B2H_Stowed_Full.step
