{"model":"C:\\Users\\erena\\Desktop\\Nuclear Option Munitions Package\\cad\\phantom_visual_reboot\\src\\engine_bay_b2d.py::deployed_full","parent":null,"state":"building","phase":"generate","progress":null,"elapsed":0.0}
{"model":"C:\\Users\\erena\\Desktop\\Nuclear Option Munitions Package\\cad\\phantom_visual_reboot\\src\\engine_bay_b2d.py::deployed_full","parent":null,"state":"building","phase":"Building geometry","progress":null,"elapsed":0.0}
{"model":"C:\\Users\\erena\\Desktop\\Nuclear Option Munitions Package\\cad\\phantom_visual_reboot\\src\\engine_bay_b2d.py::deployed_full","parent":null,"state":"building","phase":"Collecting parts","progress":null,"elapsed":1.484}
{"model":"C:\\Users\\erena\\Desktop\\Nuclear Option Munitions Package\\cad\\phantom_visual_reboot\\src\\engine_bay_b2d.py::deployed_full","parent":null,"state":"building","phase":"Meshing components","progress":[0,36],"elapsed":1.562}
{"model":"C:\\Users\\erena\\Desktop\\Nuclear Option Munitions Package\\cad\\phantom_visual_reboot\\src\\engine_bay_b2d.py::deployed_full","parent":null,"state":"building","phase":"Meshing components","progress":[1,36],"elapsed":1.578}
{"model":"C:\\Users\\erena\\Desktop\\Nuclear Option Munitions Package\\cad\\phantom_visual_reboot\\src\\engine_bay_b2d.py::deployed_full","parent":null,"state":"building","phase":"Meshing components","progress":[2,36],"elapsed":1.578}
{"model":"C:\\Users\\erena\\Desktop\\Nuclear Option Munitions Package\\cad\\phantom_visual_reboot\\src\\engine_bay_b2d.py::deployed_full","parent":null,"state":"building","phase":"Meshing components","progress":[3,36],"elapsed":1.578}
{"model":"C:\\Users\\erena\\Desktop\\Nuclear Option Munitions Package\\cad\\phantom_visual_reboot\\src\\engine_bay_b2d.py::deployed_full","parent":null,"state":"building","phase":"Meshing components","progress":[4,36],"elapsed":1.594}
{"model":"C:\\Users\\erena\\Desktop\\Nuclear Option Munitions Package\\cad\\phantom_visual_reboot\\src\\engine_bay_b2d.py::deployed_full","parent":null,"state":"building","phase":"Meshing components","progress":[5,36],"elapsed":1.594}
{"model":"C:\\Users\\erena\\Desktop\\Nuclear Option Munitions Package\\cad\\phantom_visual_reboot\\src\\engine_bay_b2d.py::deployed_full","parent":null,"state":"building","phase":"Meshing components","progress":[6,36],"elapsed":1.594}
{"model":"C:\\Users\\erena\\Desktop\\Nuclear Option Munitions Package\\cad\\phantom_visual_reboot\\src\\engine_bay_b2d.py::deployed_full","parent":null,"state":"building","phase":"Meshing components","progress":[7,36],"elapsed":1.594}
{"model":"C:\\Users\\erena\\Desktop\\Nuclear Option Munitions Package\\cad\\phantom_visual_reboot\\src\\engine_bay_b2d.py::deployed_full","parent":null,"state":"building","phase":"Meshing components","progress":[8,36],"elapsed":1.594}
{"model":"C:\\Users\\erena\\Desktop\\Nuclear Option Munitions Package\\cad\\phantom_visual_reboot\\src\\engine_bay_b2d.py::deployed_full","parent":null,"state":"building","phase":"Meshing components","progress":[9,36],"elapsed":1.609}
{"model":"C:\\Users\\erena\\Desktop\\Nuclear Option Munitions Package\\cad\\phantom_visual_reboot\\src\\engine_bay_b2d.py::deployed_full","parent":null,"state":"building","phase":"Meshing components","progress":[10,36],"elapsed":1.609}
{"model":"C:\\Users\\erena\\Desktop\\Nuclear Option Munitions Package\\cad\\phantom_visual_reboot\\src\\engine_bay_b2d.py::deployed_full","parent":null,"state":"building","phase":"Meshing components","progress":[11,36],"elapsed":1.609}
{"model":"C:\\Users\\erena\\Desktop\\Nuclear Option Munitions Package\\cad\\phantom_visual_reboot\\src\\engine_bay_b2d.py::deployed_full","parent":null,"state":"building","phase":"Meshing components","progress":[12,36],"elapsed":1.609}
{"model":"C:\\Users\\erena\\Desktop\\Nuclear Option Munitions Package\\cad\\phantom_visual_reboot\\src\\engine_bay_b2d.py::deployed_full","parent":null,"state":"building","phase":"Meshing components","progress":[13,36],"elapsed":1.625}
{"model":"C:\\Users\\erena\\Desktop\\Nuclear Option Munitions Package\\cad\\phantom_visual_reboot\\src\\engine_bay_b2d.py::deployed_full","parent":null,"state":"building","phase":"Meshing components","progress":[14,36],"elapsed":1.641}
{"model":"C:\\Users\\erena\\Desktop\\Nuclear Option Munitions Package\\cad\\phantom_visual_reboot\\src\\engine_bay_b2d.py::deployed_full","parent":null,"state":"building","phase":"Meshing components","progress":[15,36],"elapsed":1.641}
{"model":"C:\\Users\\erena\\Desktop\\Nuclear Option Munitions Package\\cad\\phantom_visual_reboot\\src\\engine_bay_b2d.py::deployed_full","parent":null,"state":"building","phase":"Meshing components","progress":[16,36],"elapsed":1.641}
{"model":"C:\\Users\\erena\\Desktop\\Nuclear Option Munitions Package\\cad\\phantom_visual_reboot\\src\\engine_bay_b2d.py::deployed_full","parent":null,"state":"building","phase":"Meshing components","progress":[17,36],"elapsed":1.656}
{"model":"C:\\Users\\erena\\Desktop\\Nuclear Option Munitions Package\\cad\\phantom_visual_reboot\\src\\engine_bay_b2d.py::deployed_full","parent":null,"state":"building","phase":"Meshing components","progress":[18,36],"elapsed":1.672}
{"model":"C:\\Users\\erena\\Desktop\\Nuclear Option Munitions Package\\cad\\phantom_visual_reboot\\src\\engine_bay_b2d.py::deployed_full","parent":null,"state":"building","phase":"Meshing components","progress":[19,36],"elapsed":1.672}
{"model":"C:\\Users\\erena\\Desktop\\Nuclear Option Munitions Package\\cad\\phantom_visual_reboot\\src\\engine_bay_b2d.py::deployed_full","parent":null,"state":"building","phase":"Meshing components","progress":[20,36],"elapsed":1.672}
{"model":"C:\\Users\\erena\\Desktop\\Nuclear Option Munitions Package\\cad\\phantom_visual_reboot\\src\\engine_bay_b2d.py::deployed_full","parent":null,"state":"building","phase":"Meshing components","progress":[21,36],"elapsed":1.672}
{"model":"C:\\Users\\erena\\Desktop\\Nuclear Option Munitions Package\\cad\\phantom_visual_reboot\\src\\engine_bay_b2d.py::deployed_full","parent":null,"state":"building","phase":"Meshing components","progress":[22,36],"elapsed":1.672}
{"model":"C:\\Users\\erena\\Desktop\\Nuclear Option Munitions Package\\cad\\phantom_visual_reboot\\src\\engine_bay_b2d.py::deployed_full","parent":null,"state":"building","phase":"Meshing components","progress":[23,36],"elapsed":1.687}
{"model":"C:\\Users\\erena\\Desktop\\Nuclear Option Munitions Package\\cad\\phantom_visual_reboot\\src\\engine_bay_b2d.py::deployed_full","parent":null,"state":"building","phase":"Meshing components","progress":[24,36],"elapsed":1.687}
{"model":"C:\\Users\\erena\\Desktop\\Nuclear Option Munitions Package\\cad\\phantom_visual_reboot\\src\\engine_bay_b2d.py::deployed_full","parent":null,"state":"building","phase":"Meshing components","progress":[25,36],"elapsed":1.703}
{"model":"C:\\Users\\erena\\Desktop\\Nuclear Option Munitions Package\\cad\\phantom_visual_reboot\\src\\engine_bay_b2d.py::deployed_full","parent":null,"state":"building","phase":"Meshing components","progress":[26,36],"elapsed":1.703}
{"model":"C:\\Users\\erena\\Desktop\\Nuclear Option Munitions Package\\cad\\phantom_visual_reboot\\src\\engine_bay_b2d.py::deployed_full","parent":null,"state":"building","phase":"Meshing components","progress":[27,36],"elapsed":1.703}
{"model":"C:\\Users\\erena\\Desktop\\Nuclear Option Munitions Package\\cad\\phantom_visual_reboot\\src\\engine_bay_b2d.py::deployed_full","parent":null,"state":"building","phase":"Meshing components","progress":[28,36],"elapsed":1.719}
{"model":"C:\\Users\\erena\\Desktop\\Nuclear Option Munitions Package\\cad\\phantom_visual_reboot\\src\\engine_bay_b2d.py::deployed_full","parent":null,"state":"building","phase":"Meshing components","progress":[29,36],"elapsed":1.719}
{"model":"C:\\Users\\erena\\Desktop\\Nuclear Option Munitions Package\\cad\\phantom_visual_reboot\\src\\engine_bay_b2d.py::deployed_full","parent":null,"state":"building","phase":"Meshing components","progress":[30,36],"elapsed":1.719}
{"model":"C:\\Users\\erena\\Desktop\\Nuclear Option Munitions Package\\cad\\phantom_visual_reboot\\src\\engine_bay_b2d.py::deployed_full","parent":null,"state":"building","phase":"Meshing components","progress":[31,36],"elapsed":1.734}
{"model":"C:\\Users\\erena\\Desktop\\Nuclear Option Munitions Package\\cad\\phantom_visual_reboot\\src\\engine_bay_b2d.py::deployed_full","parent":null,"state":"building","phase":"Meshing components","progress":[32,36],"elapsed":1.734}
{"model":"C:\\Users\\erena\\Desktop\\Nuclear Option Munitions Package\\cad\\phantom_visual_reboot\\src\\engine_bay_b2d.py::deployed_full","parent":null,"state":"building","phase":"Meshing components","progress":[33,36],"elapsed":1.75}
{"model":"C:\\Users\\erena\\Desktop\\Nuclear Option Munitions Package\\cad\\phantom_visual_reboot\\src\\engine_bay_b2d.py::deployed_full","parent":null,"state":"building","phase":"Meshing components","progress":[34,36],"elapsed":1.75}
{"model":"C:\\Users\\erena\\Desktop\\Nuclear Option Munitions Package\\cad\\phantom_visual_reboot\\src\\engine_bay_b2d.py::deployed_full","parent":null,"state":"building","phase":"Meshing components","progress":[35,36],"elapsed":1.75}
{"model":"C:\\Users\\erena\\Desktop\\Nuclear Option Munitions Package\\cad\\phantom_visual_reboot\\src\\engine_bay_b2d.py::deployed_full","parent":null,"state":"building","phase":"Meshing components","progress":[36,36],"elapsed":1.766}
{"model":"C:\\Users\\erena\\Desktop\\Nuclear Option Munitions Package\\cad\\phantom_visual_reboot\\src\\engine_bay_b2d.py::deployed_full","parent":null,"state":"building","phase":"Writing outputs","progress":null,"elapsed":1.766}
{"model":"C:\\Users\\erena\\Desktop\\Nuclear Option Munitions Package\\cad\\phantom_visual_reboot\\src\\engine_bay_b2d.py::deployed_full","parent":null,"state":"building","phase":"Source ready","progress":null,"elapsed":2.422}
{"model":"C:\\Users\\erena\\Desktop\\Nuclear Option Munitions Package\\cad\\phantom_visual_reboot\\src\\engine_bay_b2d.py::deployed_full","parent":null,"state":"building","phase":"Saving STEP","progress":null,"elapsed":2.422}
{"model":"C:\\Users\\erena\\Desktop\\Nuclear Option Munitions Package\\cad\\phantom_visual_reboot\\src\\engine_bay_b2d.py::deployed_full","parent":null,"state":"building","phase":"Collecting parts","progress":null,"elapsed":4.703}
{"model":"C:\\Users\\erena\\Desktop\\Nuclear Option Munitions Package\\cad\\phantom_visual_reboot\\src\\engine_bay_b2d.py::deployed_full","parent":null,"state":"building","phase":"Meshing components","progress":[0,35],"elapsed":4.734}
{"model":"C:\\Users\\erena\\Desktop\\Nuclear Option Munitions Package\\cad\\phantom_visual_reboot\\src\\engine_bay_b2d.py::deployed_full","parent":null,"state":"building","phase":"Meshing components","progress":[1,35],"elapsed":4.734}
{"model":"C:\\Users\\erena\\Desktop\\Nuclear Option Munitions Package\\cad\\phantom_visual_reboot\\src\\engine_bay_b2d.py::deployed_full","parent":null,"state":"building","phase":"Meshing components","progress":[2,35],"elapsed":4.734}
{"model":"C:\\Users\\erena\\Desktop\\Nuclear Option Munitions Package\\cad\\phantom_visual_reboot\\src\\engine_bay_b2d.py::deployed_full","parent":null,"state":"building","phase":"Meshing components","progress":[3,35],"elapsed":4.734}
{"model":"C:\\Users\\erena\\Desktop\\Nuclear Option Munitions Package\\cad\\phantom_visual_reboot\\src\\engine_bay_b2d.py::deployed_full","parent":null,"state":"building","phase":"Meshing components","progress":[4,35],"elapsed":4.75}
{"model":"C:\\Users\\erena\\Desktop\\Nuclear Option Munitions Package\\cad\\phantom_visual_reboot\\src\\engine_bay_b2d.py::deployed_full","parent":null,"state":"building","phase":"Meshing components","progress":[5,35],"elapsed":4.75}
{"model":"C:\\Users\\erena\\Desktop\\Nuclear Option Munitions Package\\cad\\phantom_visual_reboot\\src\\engine_bay_b2d.py::deployed_full","parent":null,"state":"building","phase":"Meshing components","progress":[6,35],"elapsed":4.75}
{"model":"C:\\Users\\erena\\Desktop\\Nuclear Option Munitions Package\\cad\\phantom_visual_reboot\\src\\engine_bay_b2d.py::deployed_full","parent":null,"state":"building","phase":"Meshing components","progress":[7,35],"elapsed":4.766}
{"model":"C:\\Users\\erena\\Desktop\\Nuclear Option Munitions Package\\cad\\phantom_visual_reboot\\src\\engine_bay_b2d.py::deployed_full","parent":null,"state":"building","phase":"Meshing components","progress":[8,35],"elapsed":4.766}
{"model":"C:\\Users\\erena\\Desktop\\Nuclear Option Munitions Package\\cad\\phantom_visual_reboot\\src\\engine_bay_b2d.py::deployed_full","parent":null,"state":"building","phase":"Meshing components","progress":[9,35],"elapsed":4.766}
{"model":"C:\\Users\\erena\\Desktop\\Nuclear Option Munitions Package\\cad\\phantom_visual_reboot\\src\\engine_bay_b2d.py::deployed_full","parent":null,"state":"building","phase":"Meshing components","progress":[10,35],"elapsed":4.766}
{"model":"C:\\Users\\erena\\Desktop\\Nuclear Option Munitions Package\\cad\\phantom_visual_reboot\\src\\engine_bay_b2d.py::deployed_full","parent":null,"state":"building","phase":"Meshing components","progress":[11,35],"elapsed":4.781}
{"model":"C:\\Users\\erena\\Desktop\\Nuclear Option Munitions Package\\cad\\phantom_visual_reboot\\src\\engine_bay_b2d.py::deployed_full","parent":null,"state":"building","phase":"Meshing components","progress":[12,35],"elapsed":4.781}
{"model":"C:\\Users\\erena\\Desktop\\Nuclear Option Munitions Package\\cad\\phantom_visual_reboot\\src\\engine_bay_b2d.py::deployed_full","parent":null,"state":"building","phase":"Meshing components","progress":[13,35],"elapsed":4.781}
{"model":"C:\\Users\\erena\\Desktop\\Nuclear Option Munitions Package\\cad\\phantom_visual_reboot\\src\\engine_bay_b2d.py::deployed_full","parent":null,"state":"building","phase":"Meshing components","progress":[14,35],"elapsed":4.797}
{"model":"C:\\Users\\erena\\Desktop\\Nuclear Option Munitions Package\\cad\\phantom_visual_reboot\\src\\engine_bay_b2d.py::deployed_full","parent":null,"state":"building","phase":"Meshing components","progress":[15,35],"elapsed":4.797}
{"model":"C:\\Users\\erena\\Desktop\\Nuclear Option Munitions Package\\cad\\phantom_visual_reboot\\src\\engine_bay_b2d.py::deployed_full","parent":null,"state":"building","phase":"Meshing components","progress":[16,35],"elapsed":4.797}
{"model":"C:\\Users\\erena\\Desktop\\Nuclear Option Munitions Package\\cad\\phantom_visual_reboot\\src\\engine_bay_b2d.py::deployed_full","parent":null,"state":"building","phase":"Meshing components","progress":[17,35],"elapsed":4.812}
{"model":"C:\\Users\\erena\\Desktop\\Nuclear Option Munitions Package\\cad\\phantom_visual_reboot\\src\\engine_bay_b2d.py::deployed_full","parent":null,"state":"building","phase":"Meshing components","progress":[18,35],"elapsed":4.812}
{"model":"C:\\Users\\erena\\Desktop\\Nuclear Option Munitions Package\\cad\\phantom_visual_reboot\\src\\engine_bay_b2d.py::deployed_full","parent":null,"state":"building","phase":"Meshing components","progress":[19,35],"elapsed":4.812}
{"model":"C:\\Users\\erena\\Desktop\\Nuclear Option Munitions Package\\cad\\phantom_visual_reboot\\src\\engine_bay_b2d.py::deployed_full","parent":null,"state":"building","phase":"Meshing components","progress":[20,35],"elapsed":4.828}
{"model":"C:\\Users\\erena\\Desktop\\Nuclear Option Munitions Package\\cad\\phantom_visual_reboot\\src\\engine_bay_b2d.py::deployed_full","parent":null,"state":"building","phase":"Meshing components","progress":[21,35],"elapsed":4.828}
{"model":"C:\\Users\\erena\\Desktop\\Nuclear Option Munitions Package\\cad\\phantom_visual_reboot\\src\\engine_bay_b2d.py::deployed_full","parent":null,"state":"building","phase":"Meshing components","progress":[22,35],"elapsed":4.828}
{"model":"C:\\Users\\erena\\Desktop\\Nuclear Option Munitions Package\\cad\\phantom_visual_reboot\\src\\engine_bay_b2d.py::deployed_full","parent":null,"state":"building","phase":"Meshing components","progress":[23,35],"elapsed":4.844}
{"model":"C:\\Users\\erena\\Desktop\\Nuclear Option Munitions Package\\cad\\phantom_visual_reboot\\src\\engine_bay_b2d.py::deployed_full","parent":null,"state":"building","phase":"Meshing components","progress":[24,35],"elapsed":4.844}
{"model":"C:\\Users\\erena\\Desktop\\Nuclear Option Munitions Package\\cad\\phantom_visual_reboot\\src\\engine_bay_b2d.py::deployed_full","parent":null,"state":"building","phase":"Meshing components","progress":[25,35],"elapsed":4.859}
{"model":"C:\\Users\\erena\\Desktop\\Nuclear Option Munitions Package\\cad\\phantom_visual_reboot\\src\\engine_bay_b2d.py::deployed_full","parent":null,"state":"building","phase":"Meshing components","progress":[26,35],"elapsed":4.859}
{"model":"C:\\Users\\erena\\Desktop\\Nuclear Option Munitions Package\\cad\\phantom_visual_reboot\\src\\engine_bay_b2d.py::deployed_full","parent":null,"state":"building","phase":"Meshing components","progress":[27,35],"elapsed":4.859}
{"model":"C:\\Users\\erena\\Desktop\\Nuclear Option Munitions Package\\cad\\phantom_visual_reboot\\src\\engine_bay_b2d.py::deployed_full","parent":null,"state":"building","phase":"Meshing components","progress":[28,35],"elapsed":4.875}
{"model":"C:\\Users\\erena\\Desktop\\Nuclear Option Munitions Package\\cad\\phantom_visual_reboot\\src\\engine_bay_b2d.py::deployed_full","parent":null,"state":"building","phase":"Meshing components","progress":[29,35],"elapsed":4.875}
{"model":"C:\\Users\\erena\\Desktop\\Nuclear Option Munitions Package\\cad\\phantom_visual_reboot\\src\\engine_bay_b2d.py::deployed_full","parent":null,"state":"building","phase":"Meshing components","progress":[30,35],"elapsed":4.875}
{"model":"C:\\Users\\erena\\Desktop\\Nuclear Option Munitions Package\\cad\\phantom_visual_reboot\\src\\engine_bay_b2d.py::deployed_full","parent":null,"state":"building","phase":"Meshing components","progress":[31,35],"elapsed":4.875}
{"model":"C:\\Users\\erena\\Desktop\\Nuclear Option Munitions Package\\cad\\phantom_visual_reboot\\src\\engine_bay_b2d.py::deployed_full","parent":null,"state":"building","phase":"Meshing components","progress":[32,35],"elapsed":4.891}
{"model":"C:\\Users\\erena\\Desktop\\Nuclear Option Munitions Package\\cad\\phantom_visual_reboot\\src\\engine_bay_b2d.py::deployed_full","parent":null,"state":"building","phase":"Meshing components","progress":[33,35],"elapsed":4.891}
{"model":"C:\\Users\\erena\\Desktop\\Nuclear Option Munitions Package\\cad\\phantom_visual_reboot\\src\\engine_bay_b2d.py::deployed_full","parent":null,"state":"building","phase":"Meshing components","progress":[34,35],"elapsed":4.891}
{"model":"C:\\Users\\erena\\Desktop\\Nuclear Option Munitions Package\\cad\\phantom_visual_reboot\\src\\engine_bay_b2d.py::deployed_full","parent":null,"state":"building","phase":"Meshing components","progress":[35,35],"elapsed":4.891}
{"model":"C:\\Users\\erena\\Desktop\\Nuclear Option Munitions Package\\cad\\phantom_visual_reboot\\src\\engine_bay_b2d.py::deployed_full","parent":null,"state":"building","phase":"Writing outputs","progress":null,"elapsed":4.906}
{"model":"C:\\Users\\erena\\Desktop\\Nuclear Option Munitions Package\\cad\\phantom_visual_reboot\\src\\engine_bay_b2d.py::deployed_full","parent":null,"state":"building","phase":"STEP saved","progress":null,"elapsed":5.469}
{"model":"C:\\Users\\erena\\Desktop\\Nuclear Option Munitions Package\\cad\\phantom_visual_reboot\\src\\engine_bay_b2d.py::deployed_full","parent":null,"state":"done","phase":"STEP saved","progress":null,"elapsed":5.556}
[cadgen] wrote STEP: C:/Users/erena/Desktop/Nuclear Option Munitions Package/cad/phantom_visual_reboot/STEP/S_EngineBay_B2D_Deployed_Full.step
built C:/Users/erena/Desktop/Nuclear Option Munitions Package/cad/phantom_visual_reboot/STEP/S_EngineBay_B2D_Deployed_Full.step
hint: the CAD kernel was imported before engine_bay_b2d.py's build was asked for at <string>:3. Module bodies must not touch it: use `from cadgen import build123d as bd` instead of importing build123d/OCP, keep `bd.<anything>` out of module-level constants and default arguments (each one resolves the attribute at import), and call `read_step` inside the model body or a function it calls, never at module level (reading a vendor STEP at import pays the kernel AND the parse on every current rerun). Then a call on a current model returns without the ~2.5s import (see the cad skill docs).
{"model":"C:\\Users\\erena\\Desktop\\Nuclear Option Munitions Package\\cad\\phantom_visual_reboot\\src\\engine_bay_b2d.py::stowed_full","parent":null,"state":"building","phase":"generate","progress":null,"elapsed":0.0}
{"model":"C:\\Users\\erena\\Desktop\\Nuclear Option Munitions Package\\cad\\phantom_visual_reboot\\src\\engine_bay_b2d.py::stowed_full","parent":null,"state":"building","phase":"Building geometry","progress":null,"elapsed":0.016}
{"model":"C:\\Users\\erena\\Desktop\\Nuclear Option Munitions Package\\cad\\phantom_visual_reboot\\src\\engine_bay_b2d.py::stowed_full","parent":null,"state":"building","phase":"Collecting parts","progress":null,"elapsed":1.329}
{"model":"C:\\Users\\erena\\Desktop\\Nuclear Option Munitions Package\\cad\\phantom_visual_reboot\\src\\engine_bay_b2d.py::stowed_full","parent":null,"state":"building","phase":"Meshing components","progress":[0,36],"elapsed":1.407}
{"model":"C:\\Users\\erena\\Desktop\\Nuclear Option Munitions Package\\cad\\phantom_visual_reboot\\src\\engine_bay_b2d.py::stowed_full","parent":null,"state":"building","phase":"Meshing components","progress":[1,36],"elapsed":1.407}
{"model":"C:\\Users\\erena\\Desktop\\Nuclear Option Munitions Package\\cad\\phantom_visual_reboot\\src\\engine_bay_b2d.py::stowed_full","parent":null,"state":"building","phase":"Meshing components","progress":[2,36],"elapsed":1.407}
{"model":"C:\\Users\\erena\\Desktop\\Nuclear Option Munitions Package\\cad\\phantom_visual_reboot\\src\\engine_bay_b2d.py::stowed_full","parent":null,"state":"building","phase":"Meshing components","progress":[3,36],"elapsed":1.407}
{"model":"C:\\Users\\erena\\Desktop\\Nuclear Option Munitions Package\\cad\\phantom_visual_reboot\\src\\engine_bay_b2d.py::stowed_full","parent":null,"state":"building","phase":"Meshing components","progress":[4,36],"elapsed":1.422}
{"model":"C:\\Users\\erena\\Desktop\\Nuclear Option Munitions Package\\cad\\phantom_visual_reboot\\src\\engine_bay_b2d.py::stowed_full","parent":null,"state":"building","phase":"Meshing components","progress":[5,36],"elapsed":1.422}
{"model":"C:\\Users\\erena\\Desktop\\Nuclear Option Munitions Package\\cad\\phantom_visual_reboot\\src\\engine_bay_b2d.py::stowed_full","parent":null,"state":"building","phase":"Meshing components","progress":[6,36],"elapsed":1.438}
{"model":"C:\\Users\\erena\\Desktop\\Nuclear Option Munitions Package\\cad\\phantom_visual_reboot\\src\\engine_bay_b2d.py::stowed_full","parent":null,"state":"building","phase":"Meshing components","progress":[7,36],"elapsed":1.438}
{"model":"C:\\Users\\erena\\Desktop\\Nuclear Option Munitions Package\\cad\\phantom_visual_reboot\\src\\engine_bay_b2d.py::stowed_full","parent":null,"state":"building","phase":"Meshing components","progress":[8,36],"elapsed":1.454}
{"model":"C:\\Users\\erena\\Desktop\\Nuclear Option Munitions Package\\cad\\phantom_visual_reboot\\src\\engine_bay_b2d.py::stowed_full","parent":null,"state":"building","phase":"Meshing components","progress":[9,36],"elapsed":1.454}
{"model":"C:\\Users\\erena\\Desktop\\Nuclear Option Munitions Package\\cad\\phantom_visual_reboot\\src\\engine_bay_b2d.py::stowed_full","parent":null,"state":"building","phase":"Meshing components","progress":[10,36],"elapsed":1.454}
{"model":"C:\\Users\\erena\\Desktop\\Nuclear Option Munitions Package\\cad\\phantom_visual_reboot\\src\\engine_bay_b2d.py::stowed_full","parent":null,"state":"building","phase":"Meshing components","progress":[11,36],"elapsed":1.454}
{"model":"C:\\Users\\erena\\Desktop\\Nuclear Option Munitions Package\\cad\\phantom_visual_reboot\\src\\engine_bay_b2d.py::stowed_full","parent":null,"state":"building","phase":"Meshing components","progress":[12,36],"elapsed":1.469}
{"model":"C:\\Users\\erena\\Desktop\\Nuclear Option Munitions Package\\cad\\phantom_visual_reboot\\src\\engine_bay_b2d.py::stowed_full","parent":null,"state":"building","phase":"Meshing components","progress":[13,36],"elapsed":1.469}
{"model":"C:\\Users\\erena\\Desktop\\Nuclear Option Munitions Package\\cad\\phantom_visual_reboot\\src\\engine_bay_b2d.py::stowed_full","parent":null,"state":"building","phase":"Meshing components","progress":[14,36],"elapsed":1.469}
{"model":"C:\\Users\\erena\\Desktop\\Nuclear Option Munitions Package\\cad\\phantom_visual_reboot\\src\\engine_bay_b2d.py::stowed_full","parent":null,"state":"building","phase":"Meshing components","progress":[15,36],"elapsed":1.469}
{"model":"C:\\Users\\erena\\Desktop\\Nuclear Option Munitions Package\\cad\\phantom_visual_reboot\\src\\engine_bay_b2d.py::stowed_full","parent":null,"state":"building","phase":"Meshing components","progress":[16,36],"elapsed":1.485}
{"model":"C:\\Users\\erena\\Desktop\\Nuclear Option Munitions Package\\cad\\phantom_visual_reboot\\src\\engine_bay_b2d.py::stowed_full","parent":null,"state":"building","phase":"Meshing components","progress":[17,36],"elapsed":1.485}
{"model":"C:\\Users\\erena\\Desktop\\Nuclear Option Munitions Package\\cad\\phantom_visual_reboot\\src\\engine_bay_b2d.py::stowed_full","parent":null,"state":"building","phase":"Meshing components","progress":[18,36],"elapsed":1.5}
{"model":"C:\\Users\\erena\\Desktop\\Nuclear Option Munitions Package\\cad\\phantom_visual_reboot\\src\\engine_bay_b2d.py::stowed_full","parent":null,"state":"building","phase":"Meshing components","progress":[19,36],"elapsed":1.5}
{"model":"C:\\Users\\erena\\Desktop\\Nuclear Option Munitions Package\\cad\\phantom_visual_reboot\\src\\engine_bay_b2d.py::stowed_full","parent":null,"state":"building","phase":"Meshing components","progress":[20,36],"elapsed":1.5}
{"model":"C:\\Users\\erena\\Desktop\\Nuclear Option Munitions Package\\cad\\phantom_visual_reboot\\src\\engine_bay_b2d.py::stowed_full","parent":null,"state":"building","phase":"Meshing components","progress":[21,36],"elapsed":1.516}
{"model":"C:\\Users\\erena\\Desktop\\Nuclear Option Munitions Package\\cad\\phantom_visual_reboot\\src\\engine_bay_b2d.py::stowed_full","parent":null,"state":"building","phase":"Meshing components","progress":[22,36],"elapsed":1.516}
{"model":"C:\\Users\\erena\\Desktop\\Nuclear Option Munitions Package\\cad\\phantom_visual_reboot\\src\\engine_bay_b2d.py::stowed_full","parent":null,"state":"building","phase":"Meshing components","progress":[23,36],"elapsed":1.532}
{"model":"C:\\Users\\erena\\Desktop\\Nuclear Option Munitions Package\\cad\\phantom_visual_reboot\\src\\engine_bay_b2d.py::stowed_full","parent":null,"state":"building","phase":"Meshing components","progress":[24,36],"elapsed":1.532}
{"model":"C:\\Users\\erena\\Desktop\\Nuclear Option Munitions Package\\cad\\phantom_visual_reboot\\src\\engine_bay_b2d.py::stowed_full","parent":null,"state":"building","phase":"Meshing components","progress":[25,36],"elapsed":1.547}
{"model":"C:\\Users\\erena\\Desktop\\Nuclear Option Munitions Package\\cad\\phantom_visual_reboot\\src\\engine_bay_b2d.py::stowed_full","parent":null,"state":"building","phase":"Meshing components","progress":[26,36],"elapsed":1.547}
{"model":"C:\\Users\\erena\\Desktop\\Nuclear Option Munitions Package\\cad\\phantom_visual_reboot\\src\\engine_bay_b2d.py::stowed_full","parent":null,"state":"building","phase":"Meshing components","progress":[27,36],"elapsed":1.563}
{"model":"C:\\Users\\erena\\Desktop\\Nuclear Option Munitions Package\\cad\\phantom_visual_reboot\\src\\engine_bay_b2d.py::stowed_full","parent":null,"state":"building","phase":"Meshing components","progress":[28,36],"elapsed":1.563}
{"model":"C:\\Users\\erena\\Desktop\\Nuclear Option Munitions Package\\cad\\phantom_visual_reboot\\src\\engine_bay_b2d.py::stowed_full","parent":null,"state":"building","phase":"Meshing components","progress":[29,36],"elapsed":1.579}
{"model":"C:\\Users\\erena\\Desktop\\Nuclear Option Munitions Package\\cad\\phantom_visual_reboot\\src\\engine_bay_b2d.py::stowed_full","parent":null,"state":"building","phase":"Meshing components","progress":[30,36],"elapsed":1.579}
{"model":"C:\\Users\\erena\\Desktop\\Nuclear Option Munitions Package\\cad\\phantom_visual_reboot\\src\\engine_bay_b2d.py::stowed_full","parent":null,"state":"building","phase":"Meshing components","progress":[31,36],"elapsed":1.594}
{"model":"C:\\Users\\erena\\Desktop\\Nuclear Option Munitions Package\\cad\\phantom_visual_reboot\\src\\engine_bay_b2d.py::stowed_full","parent":null,"state":"building","phase":"Meshing components","progress":[32,36],"elapsed":1.594}
{"model":"C:\\Users\\erena\\Desktop\\Nuclear Option Munitions Package\\cad\\phantom_visual_reboot\\src\\engine_bay_b2d.py::stowed_full","parent":null,"state":"building","phase":"Meshing components","progress":[33,36],"elapsed":1.61}
{"model":"C:\\Users\\erena\\Desktop\\Nuclear Option Munitions Package\\cad\\phantom_visual_reboot\\src\\engine_bay_b2d.py::stowed_full","parent":null,"state":"building","phase":"Meshing components","progress":[34,36],"elapsed":1.61}
{"model":"C:\\Users\\erena\\Desktop\\Nuclear Option Munitions Package\\cad\\phantom_visual_reboot\\src\\engine_bay_b2d.py::stowed_full","parent":null,"state":"building","phase":"Meshing components","progress":[35,36],"elapsed":1.625}
{"model":"C:\\Users\\erena\\Desktop\\Nuclear Option Munitions Package\\cad\\phantom_visual_reboot\\src\\engine_bay_b2d.py::stowed_full","parent":null,"state":"building","phase":"Meshing components","progress":[36,36],"elapsed":1.625}
{"model":"C:\\Users\\erena\\Desktop\\Nuclear Option Munitions Package\\cad\\phantom_visual_reboot\\src\\engine_bay_b2d.py::stowed_full","parent":null,"state":"building","phase":"Writing outputs","progress":null,"elapsed":1.625}
{"model":"C:\\Users\\erena\\Desktop\\Nuclear Option Munitions Package\\cad\\phantom_visual_reboot\\src\\engine_bay_b2d.py::stowed_full","parent":null,"state":"building","phase":"Source ready","progress":null,"elapsed":1.985}
{"model":"C:\\Users\\erena\\Desktop\\Nuclear Option Munitions Package\\cad\\phantom_visual_reboot\\src\\engine_bay_b2d.py::stowed_full","parent":null,"state":"building","phase":"Saving STEP","progress":null,"elapsed":1.985}
{"model":"C:\\Users\\erena\\Desktop\\Nuclear Option Munitions Package\\cad\\phantom_visual_reboot\\src\\engine_bay_b2d.py::stowed_full","parent":null,"state":"building","phase":"Collecting parts","progress":null,"elapsed":4.563}
{"model":"C:\\Users\\erena\\Desktop\\Nuclear Option Munitions Package\\cad\\phantom_visual_reboot\\src\\engine_bay_b2d.py::stowed_full","parent":null,"state":"building","phase":"Meshing components","progress":[0,35],"elapsed":4.625}
{"model":"C:\\Users\\erena\\Desktop\\Nuclear Option Munitions Package\\cad\\phantom_visual_reboot\\src\\engine_bay_b2d.py::stowed_full","parent":null,"state":"building","phase":"Meshing components","progress":[1,35],"elapsed":4.641}
{"model":"C:\\Users\\erena\\Desktop\\Nuclear Option Munitions Package\\cad\\phantom_visual_reboot\\src\\engine_bay_b2d.py::stowed_full","parent":null,"state":"building","phase":"Meshing components","progress":[2,35],"elapsed":4.641}
{"model":"C:\\Users\\erena\\Desktop\\Nuclear Option Munitions Package\\cad\\phantom_visual_reboot\\src\\engine_bay_b2d.py::stowed_full","parent":null,"state":"building","phase":"Meshing components","progress":[3,35],"elapsed":4.641}
{"model":"C:\\Users\\erena\\Desktop\\Nuclear Option Munitions Package\\cad\\phantom_visual_reboot\\src\\engine_bay_b2d.py::stowed_full","parent":null,"state":"building","phase":"Meshing components","progress":[4,35],"elapsed":4.657}
{"model":"C:\\Users\\erena\\Desktop\\Nuclear Option Munitions Package\\cad\\phantom_visual_reboot\\src\\engine_bay_b2d.py::stowed_full","parent":null,"state":"building","phase":"Meshing components","progress":[5,35],"elapsed":4.657}
{"model":"C:\\Users\\erena\\Desktop\\Nuclear Option Munitions Package\\cad\\phantom_visual_reboot\\src\\engine_bay_b2d.py::stowed_full","parent":null,"state":"building","phase":"Meshing components","progress":[6,35],"elapsed":4.672}
{"model":"C:\\Users\\erena\\Desktop\\Nuclear Option Munitions Package\\cad\\phantom_visual_reboot\\src\\engine_bay_b2d.py::stowed_full","parent":null,"state":"building","phase":"Meshing components","progress":[7,35],"elapsed":4.688}
{"model":"C:\\Users\\erena\\Desktop\\Nuclear Option Munitions Package\\cad\\phantom_visual_reboot\\src\\engine_bay_b2d.py::stowed_full","parent":null,"state":"building","phase":"Meshing components","progress":[8,35],"elapsed":4.688}
{"model":"C:\\Users\\erena\\Desktop\\Nuclear Option Munitions Package\\cad\\phantom_visual_reboot\\src\\engine_bay_b2d.py::stowed_full","parent":null,"state":"building","phase":"Meshing components","progress":[9,35],"elapsed":4.704}
{"model":"C:\\Users\\erena\\Desktop\\Nuclear Option Munitions Package\\cad\\phantom_visual_reboot\\src\\engine_bay_b2d.py::stowed_full","parent":null,"state":"building","phase":"Meshing components","progress":[10,35],"elapsed":4.704}
{"model":"C:\\Users\\erena\\Desktop\\Nuclear Option Munitions Package\\cad\\phantom_visual_reboot\\src\\engine_bay_b2d.py::stowed_full","parent":null,"state":"building","phase":"Meshing components","progress":[11,35],"elapsed":4.704}
{"model":"C:\\Users\\erena\\Desktop\\Nuclear Option Munitions Package\\cad\\phantom_visual_reboot\\src\\engine_bay_b2d.py::stowed_full","parent":null,"state":"building","phase":"Meshing components","progress":[12,35],"elapsed":4.704}
{"model":"C:\\Users\\erena\\Desktop\\Nuclear Option Munitions Package\\cad\\phantom_visual_reboot\\src\\engine_bay_b2d.py::stowed_full","parent":null,"state":"building","phase":"Meshing components","progress":[13,35],"elapsed":4.719}
{"model":"C:\\Users\\erena\\Desktop\\Nuclear Option Munitions Package\\cad\\phantom_visual_reboot\\src\\engine_bay_b2d.py::stowed_full","parent":null,"state":"building","phase":"Meshing components","progress":[14,35],"elapsed":4.719}
{"model":"C:\\Users\\erena\\Desktop\\Nuclear Option Munitions Package\\cad\\phantom_visual_reboot\\src\\engine_bay_b2d.py::stowed_full","parent":null,"state":"building","phase":"Meshing components","progress":[15,35],"elapsed":4.719}
{"model":"C:\\Users\\erena\\Desktop\\Nuclear Option Munitions Package\\cad\\phantom_visual_reboot\\src\\engine_bay_b2d.py::stowed_full","parent":null,"state":"building","phase":"Meshing components","progress":[16,35],"elapsed":4.735}
{"model":"C:\\Users\\erena\\Desktop\\Nuclear Option Munitions Package\\cad\\phantom_visual_reboot\\src\\engine_bay_b2d.py::stowed_full","parent":null,"state":"building","phase":"Meshing components","progress":[17,35],"elapsed":4.735}
{"model":"C:\\Users\\erena\\Desktop\\Nuclear Option Munitions Package\\cad\\phantom_visual_reboot\\src\\engine_bay_b2d.py::stowed_full","parent":null,"state":"building","phase":"Meshing components","progress":[18,35],"elapsed":4.735}
{"model":"C:\\Users\\erena\\Desktop\\Nuclear Option Munitions Package\\cad\\phantom_visual_reboot\\src\\engine_bay_b2d.py::stowed_full","parent":null,"state":"building","phase":"Meshing components","progress":[19,35],"elapsed":4.75}
{"model":"C:\\Users\\erena\\Desktop\\Nuclear Option Munitions Package\\cad\\phantom_visual_reboot\\src\\engine_bay_b2d.py::stowed_full","parent":null,"state":"building","phase":"Meshing components","progress":[20,35],"elapsed":4.75}
{"model":"C:\\Users\\erena\\Desktop\\Nuclear Option Munitions Package\\cad\\phantom_visual_reboot\\src\\engine_bay_b2d.py::stowed_full","parent":null,"state":"building","phase":"Meshing components","progress":[21,35],"elapsed":4.75}
{"model":"C:\\Users\\erena\\Desktop\\Nuclear Option Munitions Package\\cad\\phantom_visual_reboot\\src\\engine_bay_b2d.py::stowed_full","parent":null,"state":"building","phase":"Meshing components","progress":[22,35],"elapsed":4.75}
{"model":"C:\\Users\\erena\\Desktop\\Nuclear Option Munitions Package\\cad\\phantom_visual_reboot\\src\\engine_bay_b2d.py::stowed_full","parent":null,"state":"building","phase":"Meshing components","progress":[23,35],"elapsed":4.766}
{"model":"C:\\Users\\erena\\Desktop\\Nuclear Option Munitions Package\\cad\\phantom_visual_reboot\\src\\engine_bay_b2d.py::stowed_full","parent":null,"state":"building","phase":"Meshing components","progress":[24,35],"elapsed":4.766}
{"model":"C:\\Users\\erena\\Desktop\\Nuclear Option Munitions Package\\cad\\phantom_visual_reboot\\src\\engine_bay_b2d.py::stowed_full","parent":null,"state":"building","phase":"Meshing components","progress":[25,35],"elapsed":4.766}
{"model":"C:\\Users\\erena\\Desktop\\Nuclear Option Munitions Package\\cad\\phantom_visual_reboot\\src\\engine_bay_b2d.py::stowed_full","parent":null,"state":"building","phase":"Meshing components","progress":[26,35],"elapsed":4.766}
{"model":"C:\\Users\\erena\\Desktop\\Nuclear Option Munitions Package\\cad\\phantom_visual_reboot\\src\\engine_bay_b2d.py::stowed_full","parent":null,"state":"building","phase":"Meshing components","progress":[27,35],"elapsed":4.782}
{"model":"C:\\Users\\erena\\Desktop\\Nuclear Option Munitions Package\\cad\\phantom_visual_reboot\\src\\engine_bay_b2d.py::stowed_full","parent":null,"state":"building","phase":"Meshing components","progress":[28,35],"elapsed":4.782}
{"model":"C:\\Users\\erena\\Desktop\\Nuclear Option Munitions Package\\cad\\phantom_visual_reboot\\src\\engine_bay_b2d.py::stowed_full","parent":null,"state":"building","phase":"Meshing components","progress":[29,35],"elapsed":4.782}
{"model":"C:\\Users\\erena\\Desktop\\Nuclear Option Munitions Package\\cad\\phantom_visual_reboot\\src\\engine_bay_b2d.py::stowed_full","parent":null,"state":"building","phase":"Meshing components","progress":[30,35],"elapsed":4.782}
{"model":"C:\\Users\\erena\\Desktop\\Nuclear Option Munitions Package\\cad\\phantom_visual_reboot\\src\\engine_bay_b2d.py::stowed_full","parent":null,"state":"building","phase":"Meshing components","progress":[31,35],"elapsed":4.782}
{"model":"C:\\Users\\erena\\Desktop\\Nuclear Option Munitions Package\\cad\\phantom_visual_reboot\\src\\engine_bay_b2d.py::stowed_full","parent":null,"state":"building","phase":"Meshing components","progress":[32,35],"elapsed":4.797}
{"model":"C:\\Users\\erena\\Desktop\\Nuclear Option Munitions Package\\cad\\phantom_visual_reboot\\src\\engine_bay_b2d.py::stowed_full","parent":null,"state":"building","phase":"Meshing components","progress":[33,35],"elapsed":4.797}
{"model":"C:\\Users\\erena\\Desktop\\Nuclear Option Munitions Package\\cad\\phantom_visual_reboot\\src\\engine_bay_b2d.py::stowed_full","parent":null,"state":"building","phase":"Meshing components","progress":[34,35],"elapsed":4.797}
{"model":"C:\\Users\\erena\\Desktop\\Nuclear Option Munitions Package\\cad\\phantom_visual_reboot\\src\\engine_bay_b2d.py::stowed_full","parent":null,"state":"building","phase":"Meshing components","progress":[35,35],"elapsed":4.797}
{"model":"C:\\Users\\erena\\Desktop\\Nuclear Option Munitions Package\\cad\\phantom_visual_reboot\\src\\engine_bay_b2d.py::stowed_full","parent":null,"state":"building","phase":"Writing outputs","progress":null,"elapsed":4.813}
{"model":"C:\\Users\\erena\\Desktop\\Nuclear Option Munitions Package\\cad\\phantom_visual_reboot\\src\\engine_bay_b2d.py::stowed_full","parent":null,"state":"building","phase":"STEP saved","progress":null,"elapsed":5.157}
{"model":"C:\\Users\\erena\\Desktop\\Nuclear Option Munitions Package\\cad\\phantom_visual_reboot\\src\\engine_bay_b2d.py::stowed_full","parent":null,"state":"done","phase":"STEP saved","progress":null,"elapsed":5.205}
[cadgen] wrote STEP: C:/Users/erena/Desktop/Nuclear Option Munitions Package/cad/phantom_visual_reboot/STEP/S_EngineBay_B2D_Stowed_Full.step
built C:/Users/erena/Desktop/Nuclear Option Munitions Package/cad/phantom_visual_reboot/STEP/S_EngineBay_B2D_Stowed_Full.step
