{"model":"C:\\Users\\erena\\Desktop\\Nuclear Option Munitions Package\\cad\\halberd_rounded_square\\src\\halberd_r19_surface.py","parent":null,"state":"building","phase":"generate","progress":null,"elapsed":0.0}
{"model":"C:\\Users\\erena\\Desktop\\Nuclear Option Munitions Package\\cad\\halberd_rounded_square\\src\\halberd_r19_surface.py","parent":null,"state":"building","phase":"Building geometry","progress":null,"elapsed":0.813}
{"model":"C:\\Users\\erena\\Desktop\\Nuclear Option Munitions Package\\cad\\halberd_rounded_square\\src\\halberd_r19_surface.py","parent":null,"state":"building","phase":"Collecting parts","progress":null,"elapsed":294.391}
{"model":"C:\\Users\\erena\\Desktop\\Nuclear Option Munitions Package\\cad\\halberd_rounded_square\\src\\halberd_r19_surface.py","parent":null,"state":"building","phase":"Meshing components","progress":[0,88],"elapsed":294.75}
{"model":"C:\\Users\\erena\\Desktop\\Nuclear Option Munitions Package\\cad\\halberd_rounded_square\\src\\halberd_r19_surface.py","parent":null,"state":"building","phase":"Meshing components","progress":[1,88],"elapsed":294.766}
{"model":"C:\\Users\\erena\\Desktop\\Nuclear Option Munitions Package\\cad\\halberd_rounded_square\\src\\halberd_r19_surface.py","parent":null,"state":"building","phase":"Meshing components","progress":[2,88],"elapsed":294.766}
{"model":"C:\\Users\\erena\\Desktop\\Nuclear Option Munitions Package\\cad\\halberd_rounded_square\\src\\halberd_r19_surface.py","parent":null,"state":"building","phase":"Meshing components","progress":[3,88],"elapsed":294.781}
{"model":"C:\\Users\\erena\\Desktop\\Nuclear Option Munitions Package\\cad\\halberd_rounded_square\\src\\halberd_r19_surface.py","parent":null,"state":"building","phase":"Meshing components","progress":[4,88],"elapsed":294.781}
{"model":"C:\\Users\\erena\\Desktop\\Nuclear Option Munitions Package\\cad\\halberd_rounded_square\\src\\halberd_r19_surface.py","parent":null,"state":"building","phase":"Meshing components","progress":[5,88],"elapsed":294.781}
{"model":"C:\\Users\\erena\\Desktop\\Nuclear Option Munitions Package\\cad\\halberd_rounded_square\\src\\halberd_r19_surface.py","parent":null,"state":"building","phase":"Meshing components","progress":[6,88],"elapsed":294.781}
{"model":"C:\\Users\\erena\\Desktop\\Nuclear Option Munitions Package\\cad\\halberd_rounded_square\\src\\halberd_r19_surface.py","parent":null,"state":"building","phase":"Meshing components","progress":[7,88],"elapsed":294.797}
{"model":"C:\\Users\\erena\\Desktop\\Nuclear Option Munitions Package\\cad\\halberd_rounded_square\\src\\halberd_r19_surface.py","parent":null,"state":"building","phase":"Meshing components","progress":[8,88],"elapsed":294.797}
{"model":"C:\\Users\\erena\\Desktop\\Nuclear Option Munitions Package\\cad\\halberd_rounded_square\\src\\halberd_r19_surface.py","parent":null,"state":"building","phase":"Meshing components","progress":[9,88],"elapsed":294.797}
{"model":"C:\\Users\\erena\\Desktop\\Nuclear Option Munitions Package\\cad\\halberd_rounded_square\\src\\halberd_r19_surface.py","parent":null,"state":"building","phase":"Meshing components","progress":[10,88],"elapsed":294.797}
{"model":"C:\\Users\\erena\\Desktop\\Nuclear Option Munitions Package\\cad\\halberd_rounded_square\\src\\halberd_r19_surface.py","parent":null,"state":"building","phase":"Meshing components","progress":[11,88],"elapsed":294.797}
{"model":"C:\\Users\\erena\\Desktop\\Nuclear Option Munitions Package\\cad\\halberd_rounded_square\\src\\halberd_r19_surface.py","parent":null,"state":"building","phase":"Meshing components","progress":[12,88],"elapsed":294.813}
{"model":"C:\\Users\\erena\\Desktop\\Nuclear Option Munitions Package\\cad\\halberd_rounded_square\\src\\halberd_r19_surface.py","parent":null,"state":"building","phase":"Meshing components","progress":[13,88],"elapsed":294.813}
{"model":"C:\\Users\\erena\\Desktop\\Nuclear Option Munitions Package\\cad\\halberd_rounded_square\\src\\halberd_r19_surface.py","parent":null,"state":"building","phase":"Meshing components","progress":[14,88],"elapsed":294.813}
{"model":"C:\\Users\\erena\\Desktop\\Nuclear Option Munitions Package\\cad\\halberd_rounded_square\\src\\halberd_r19_surface.py","parent":null,"state":"building","phase":"Meshing components","progress":[15,88],"elapsed":294.813}
{"model":"C:\\Users\\erena\\Desktop\\Nuclear Option Munitions Package\\cad\\halberd_rounded_square\\src\\halberd_r19_surface.py","parent":null,"state":"building","phase":"Meshing components","progress":[16,88],"elapsed":294.813}
{"model":"C:\\Users\\erena\\Desktop\\Nuclear Option Munitions Package\\cad\\halberd_rounded_square\\src\\halberd_r19_surface.py","parent":null,"state":"building","phase":"Meshing components","progress":[17,88],"elapsed":294.828}
{"model":"C:\\Users\\erena\\Desktop\\Nuclear Option Munitions Package\\cad\\halberd_rounded_square\\src\\halberd_r19_surface.py","parent":null,"state":"building","phase":"Meshing components","progress":[18,88],"elapsed":294.828}
{"model":"C:\\Users\\erena\\Desktop\\Nuclear Option Munitions Package\\cad\\halberd_rounded_square\\src\\halberd_r19_surface.py","parent":null,"state":"building","phase":"Meshing components","progress":[19,88],"elapsed":294.828}
{"model":"C:\\Users\\erena\\Desktop\\Nuclear Option Munitions Package\\cad\\halberd_rounded_square\\src\\halberd_r19_surface.py","parent":null,"state":"building","phase":"Meshing components","progress":[20,88],"elapsed":294.828}
{"model":"C:\\Users\\erena\\Desktop\\Nuclear Option Munitions Package\\cad\\halberd_rounded_square\\src\\halberd_r19_surface.py","parent":null,"state":"building","phase":"Meshing components","progress":[21,88],"elapsed":294.828}
{"model":"C:\\Users\\erena\\Desktop\\Nuclear Option Munitions Package\\cad\\halberd_rounded_square\\src\\halberd_r19_surface.py","parent":null,"state":"building","phase":"Meshing components","progress":[22,88],"elapsed":294.828}
{"model":"C:\\Users\\erena\\Desktop\\Nuclear Option Munitions Package\\cad\\halberd_rounded_square\\src\\halberd_r19_surface.py","parent":null,"state":"building","phase":"Meshing components","progress":[23,88],"elapsed":294.828}
{"model":"C:\\Users\\erena\\Desktop\\Nuclear Option Munitions Package\\cad\\halberd_rounded_square\\src\\halberd_r19_surface.py","parent":null,"state":"building","phase":"Meshing components","progress":[24,88],"elapsed":294.844}
{"model":"C:\\Users\\erena\\Desktop\\Nuclear Option Munitions Package\\cad\\halberd_rounded_square\\src\\halberd_r19_surface.py","parent":null,"state":"building","phase":"Meshing components","progress":[25,88],"elapsed":294.844}
{"model":"C:\\Users\\erena\\Desktop\\Nuclear Option Munitions Package\\cad\\halberd_rounded_square\\src\\halberd_r19_surface.py","parent":null,"state":"building","phase":"Meshing components","progress":[26,88],"elapsed":294.844}
{"model":"C:\\Users\\erena\\Desktop\\Nuclear Option Munitions Package\\cad\\halberd_rounded_square\\src\\halberd_r19_surface.py","parent":null,"state":"building","phase":"Meshing components","progress":[27,88],"elapsed":294.844}
{"model":"C:\\Users\\erena\\Desktop\\Nuclear Option Munitions Package\\cad\\halberd_rounded_square\\src\\halberd_r19_surface.py","parent":null,"state":"building","phase":"Meshing components","progress":[28,88],"elapsed":294.844}
{"model":"C:\\Users\\erena\\Desktop\\Nuclear Option Munitions Package\\cad\\halberd_rounded_square\\src\\halberd_r19_surface.py","parent":null,"state":"building","phase":"Meshing components","progress":[29,88],"elapsed":294.844}
{"model":"C:\\Users\\erena\\Desktop\\Nuclear Option Munitions Package\\cad\\halberd_rounded_square\\src\\halberd_r19_surface.py","parent":null,"state":"building","phase":"Meshing components","progress":[30,88],"elapsed":294.86}
{"model":"C:\\Users\\erena\\Desktop\\Nuclear Option Munitions Package\\cad\\halberd_rounded_square\\src\\halberd_r19_surface.py","parent":null,"state":"building","phase":"Meshing components","progress":[31,88],"elapsed":294.86}
{"model":"C:\\Users\\erena\\Desktop\\Nuclear Option Munitions Package\\cad\\halberd_rounded_square\\src\\halberd_r19_surface.py","parent":null,"state":"building","phase":"Meshing components","progress":[32,88],"elapsed":294.86}
{"model":"C:\\Users\\erena\\Desktop\\Nuclear Option Munitions Package\\cad\\halberd_rounded_square\\src\\halberd_r19_surface.py","parent":null,"state":"building","phase":"Meshing components","progress":[33,88],"elapsed":294.86}
{"model":"C:\\Users\\erena\\Desktop\\Nuclear Option Munitions Package\\cad\\halberd_rounded_square\\src\\halberd_r19_surface.py","parent":null,"state":"building","phase":"Meshing components","progress":[34,88],"elapsed":294.86}
{"model":"C:\\Users\\erena\\Desktop\\Nuclear Option Munitions Package\\cad\\halberd_rounded_square\\src\\halberd_r19_surface.py","parent":null,"state":"building","phase":"Meshing components","progress":[35,88],"elapsed":294.86}
{"model":"C:\\Users\\erena\\Desktop\\Nuclear Option Munitions Package\\cad\\halberd_rounded_square\\src\\halberd_r19_surface.py","parent":null,"state":"building","phase":"Meshing components","progress":[36,88],"elapsed":294.86}
{"model":"C:\\Users\\erena\\Desktop\\Nuclear Option Munitions Package\\cad\\halberd_rounded_square\\src\\halberd_r19_surface.py","parent":null,"state":"building","phase":"Meshing components","progress":[37,88],"elapsed":294.86}
{"model":"C:\\Users\\erena\\Desktop\\Nuclear Option Munitions Package\\cad\\halberd_rounded_square\\src\\halberd_r19_surface.py","parent":null,"state":"building","phase":"Meshing components","progress":[38,88],"elapsed":294.875}
{"model":"C:\\Users\\erena\\Desktop\\Nuclear Option Munitions Package\\cad\\halberd_rounded_square\\src\\halberd_r19_surface.py","parent":null,"state":"building","phase":"Meshing components","progress":[39,88],"elapsed":294.875}
{"model":"C:\\Users\\erena\\Desktop\\Nuclear Option Munitions Package\\cad\\halberd_rounded_square\\src\\halberd_r19_surface.py","parent":null,"state":"building","phase":"Meshing components","progress":[40,88],"elapsed":294.875}
{"model":"C:\\Users\\erena\\Desktop\\Nuclear Option Munitions Package\\cad\\halberd_rounded_square\\src\\halberd_r19_surface.py","parent":null,"state":"building","phase":"Meshing components","progress":[41,88],"elapsed":294.875}
{"model":"C:\\Users\\erena\\Desktop\\Nuclear Option Munitions Package\\cad\\halberd_rounded_square\\src\\halberd_r19_surface.py","parent":null,"state":"building","phase":"Meshing components","progress":[42,88],"elapsed":294.875}
{"model":"C:\\Users\\erena\\Desktop\\Nuclear Option Munitions Package\\cad\\halberd_rounded_square\\src\\halberd_r19_surface.py","parent":null,"state":"building","phase":"Meshing components","progress":[43,88],"elapsed":294.875}
{"model":"C:\\Users\\erena\\Desktop\\Nuclear Option Munitions Package\\cad\\halberd_rounded_square\\src\\halberd_r19_surface.py","parent":null,"state":"building","phase":"Meshing components","progress":[44,88],"elapsed":294.875}
{"model":"C:\\Users\\erena\\Desktop\\Nuclear Option Munitions Package\\cad\\halberd_rounded_square\\src\\halberd_r19_surface.py","parent":null,"state":"building","phase":"Meshing components","progress":[45,88],"elapsed":294.875}
{"model":"C:\\Users\\erena\\Desktop\\Nuclear Option Munitions Package\\cad\\halberd_rounded_square\\src\\halberd_r19_surface.py","parent":null,"state":"building","phase":"Meshing components","progress":[46,88],"elapsed":294.891}
{"model":"C:\\Users\\erena\\Desktop\\Nuclear Option Munitions Package\\cad\\halberd_rounded_square\\src\\halberd_r19_surface.py","parent":null,"state":"building","phase":"Meshing components","progress":[47,88],"elapsed":294.891}
{"model":"C:\\Users\\erena\\Desktop\\Nuclear Option Munitions Package\\cad\\halberd_rounded_square\\src\\halberd_r19_surface.py","parent":null,"state":"building","phase":"Meshing components","progress":[48,88],"elapsed":294.891}
{"model":"C:\\Users\\erena\\Desktop\\Nuclear Option Munitions Package\\cad\\halberd_rounded_square\\src\\halberd_r19_surface.py","parent":null,"state":"building","phase":"Meshing components","progress":[49,88],"elapsed":294.891}
{"model":"C:\\Users\\erena\\Desktop\\Nuclear Option Munitions Package\\cad\\halberd_rounded_square\\src\\halberd_r19_surface.py","parent":null,"state":"building","phase":"Meshing components","progress":[50,88],"elapsed":294.891}
{"model":"C:\\Users\\erena\\Desktop\\Nuclear Option Munitions Package\\cad\\halberd_rounded_square\\src\\halberd_r19_surface.py","parent":null,"state":"building","phase":"Meshing components","progress":[51,88],"elapsed":294.891}
{"model":"C:\\Users\\erena\\Desktop\\Nuclear Option Munitions Package\\cad\\halberd_rounded_square\\src\\halberd_r19_surface.py","parent":null,"state":"building","phase":"Meshing components","progress":[52,88],"elapsed":294.891}
{"model":"C:\\Users\\erena\\Desktop\\Nuclear Option Munitions Package\\cad\\halberd_rounded_square\\src\\halberd_r19_surface.py","parent":null,"state":"building","phase":"Meshing components","progress":[53,88],"elapsed":294.891}
{"model":"C:\\Users\\erena\\Desktop\\Nuclear Option Munitions Package\\cad\\halberd_rounded_square\\src\\halberd_r19_surface.py","parent":null,"state":"building","phase":"Meshing components","progress":[54,88],"elapsed":294.906}
{"model":"C:\\Users\\erena\\Desktop\\Nuclear Option Munitions Package\\cad\\halberd_rounded_square\\src\\halberd_r19_surface.py","parent":null,"state":"building","phase":"Meshing components","progress":[55,88],"elapsed":294.906}
{"model":"C:\\Users\\erena\\Desktop\\Nuclear Option Munitions Package\\cad\\halberd_rounded_square\\src\\halberd_r19_surface.py","parent":null,"state":"building","phase":"Meshing components","progress":[56,88],"elapsed":294.906}
{"model":"C:\\Users\\erena\\Desktop\\Nuclear Option Munitions Package\\cad\\halberd_rounded_square\\src\\halberd_r19_surface.py","parent":null,"state":"building","phase":"Meshing components","progress":[57,88],"elapsed":294.906}
{"model":"C:\\Users\\erena\\Desktop\\Nuclear Option Munitions Package\\cad\\halberd_rounded_square\\src\\halberd_r19_surface.py","parent":null,"state":"building","phase":"Meshing components","progress":[58,88],"elapsed":294.906}
{"model":"C:\\Users\\erena\\Desktop\\Nuclear Option Munitions Package\\cad\\halberd_rounded_square\\src\\halberd_r19_surface.py","parent":null,"state":"building","phase":"Meshing components","progress":[59,88],"elapsed":294.906}
{"model":"C:\\Users\\erena\\Desktop\\Nuclear Option Munitions Package\\cad\\halberd_rounded_square\\src\\halberd_r19_surface.py","parent":null,"state":"building","phase":"Meshing components","progress":[60,88],"elapsed":294.906}
{"model":"C:\\Users\\erena\\Desktop\\Nuclear Option Munitions Package\\cad\\halberd_rounded_square\\src\\halberd_r19_surface.py","parent":null,"state":"building","phase":"Meshing components","progress":[61,88],"elapsed":294.906}
{"model":"C:\\Users\\erena\\Desktop\\Nuclear Option Munitions Package\\cad\\halberd_rounded_square\\src\\halberd_r19_surface.py","parent":null,"state":"building","phase":"Meshing components","progress":[62,88],"elapsed":294.922}
{"model":"C:\\Users\\erena\\Desktop\\Nuclear Option Munitions Package\\cad\\halberd_rounded_square\\src\\halberd_r19_surface.py","parent":null,"state":"building","phase":"Meshing components","progress":[63,88],"elapsed":294.922}
{"model":"C:\\Users\\erena\\Desktop\\Nuclear Option Munitions Package\\cad\\halberd_rounded_square\\src\\halberd_r19_surface.py","parent":null,"state":"building","phase":"Meshing components","progress":[64,88],"elapsed":294.922}
{"model":"C:\\Users\\erena\\Desktop\\Nuclear Option Munitions Package\\cad\\halberd_rounded_square\\src\\halberd_r19_surface.py","parent":null,"state":"building","phase":"Meshing components","progress":[65,88],"elapsed":294.922}
{"model":"C:\\Users\\erena\\Desktop\\Nuclear Option Munitions Package\\cad\\halberd_rounded_square\\src\\halberd_r19_surface.py","parent":null,"state":"building","phase":"Meshing components","progress":[66,88],"elapsed":294.922}
{"model":"C:\\Users\\erena\\Desktop\\Nuclear Option Munitions Package\\cad\\halberd_rounded_square\\src\\halberd_r19_surface.py","parent":null,"state":"building","phase":"Meshing components","progress":[67,88],"elapsed":294.922}
{"model":"C:\\Users\\erena\\Desktop\\Nuclear Option Munitions Package\\cad\\halberd_rounded_square\\src\\halberd_r19_surface.py","parent":null,"state":"building","phase":"Meshing components","progress":[68,88],"elapsed":294.922}
{"model":"C:\\Users\\erena\\Desktop\\Nuclear Option Munitions Package\\cad\\halberd_rounded_square\\src\\halberd_r19_surface.py","parent":null,"state":"building","phase":"Meshing components","progress":[69,88],"elapsed":294.922}
{"model":"C:\\Users\\erena\\Desktop\\Nuclear Option Munitions Package\\cad\\halberd_rounded_square\\src\\halberd_r19_surface.py","parent":null,"state":"building","phase":"Meshing components","progress":[70,88],"elapsed":294.938}
{"model":"C:\\Users\\erena\\Desktop\\Nuclear Option Munitions Package\\cad\\halberd_rounded_square\\src\\halberd_r19_surface.py","parent":null,"state":"building","phase":"Meshing components","progress":[71,88],"elapsed":294.938}
{"model":"C:\\Users\\erena\\Desktop\\Nuclear Option Munitions Package\\cad\\halberd_rounded_square\\src\\halberd_r19_surface.py","parent":null,"state":"building","phase":"Meshing components","progress":[72,88],"elapsed":294.938}
{"model":"C:\\Users\\erena\\Desktop\\Nuclear Option Munitions Package\\cad\\halberd_rounded_square\\src\\halberd_r19_surface.py","parent":null,"state":"building","phase":"Meshing components","progress":[73,88],"elapsed":294.938}
{"model":"C:\\Users\\erena\\Desktop\\Nuclear Option Munitions Package\\cad\\halberd_rounded_square\\src\\halberd_r19_surface.py","parent":null,"state":"building","phase":"Meshing components","progress":[74,88],"elapsed":294.938}
{"model":"C:\\Users\\erena\\Desktop\\Nuclear Option Munitions Package\\cad\\halberd_rounded_square\\src\\halberd_r19_surface.py","parent":null,"state":"building","phase":"Meshing components","progress":[75,88],"elapsed":294.938}
{"model":"C:\\Users\\erena\\Desktop\\Nuclear Option Munitions Package\\cad\\halberd_rounded_square\\src\\halberd_r19_surface.py","parent":null,"state":"building","phase":"Meshing components","progress":[76,88],"elapsed":294.938}
{"model":"C:\\Users\\erena\\Desktop\\Nuclear Option Munitions Package\\cad\\halberd_rounded_square\\src\\halberd_r19_surface.py","parent":null,"state":"building","phase":"Meshing components","progress":[77,88],"elapsed":294.938}
{"model":"C:\\Users\\erena\\Desktop\\Nuclear Option Munitions Package\\cad\\halberd_rounded_square\\src\\halberd_r19_surface.py","parent":null,"state":"building","phase":"Meshing components","progress":[78,88],"elapsed":294.953}
{"model":"C:\\Users\\erena\\Desktop\\Nuclear Option Munitions Package\\cad\\halberd_rounded_square\\src\\halberd_r19_surface.py","parent":null,"state":"building","phase":"Meshing components","progress":[79,88],"elapsed":294.953}
{"model":"C:\\Users\\erena\\Desktop\\Nuclear Option Munitions Package\\cad\\halberd_rounded_square\\src\\halberd_r19_surface.py","parent":null,"state":"building","phase":"Meshing components","progress":[80,88],"elapsed":294.953}
{"model":"C:\\Users\\erena\\Desktop\\Nuclear Option Munitions Package\\cad\\halberd_rounded_square\\src\\halberd_r19_surface.py","parent":null,"state":"building","phase":"Meshing components","progress":[81,88],"elapsed":294.953}
{"model":"C:\\Users\\erena\\Desktop\\Nuclear Option Munitions Package\\cad\\halberd_rounded_square\\src\\halberd_r19_surface.py","parent":null,"state":"building","phase":"Meshing components","progress":[82,88],"elapsed":294.969}
{"model":"C:\\Users\\erena\\Desktop\\Nuclear Option Munitions Package\\cad\\halberd_rounded_square\\src\\halberd_r19_surface.py","parent":null,"state":"building","phase":"Meshing components","progress":[83,88],"elapsed":294.985}
{"model":"C:\\Users\\erena\\Desktop\\Nuclear Option Munitions Package\\cad\\halberd_rounded_square\\src\\halberd_r19_surface.py","parent":null,"state":"building","phase":"Meshing components","progress":[84,88],"elapsed":294.985}
{"model":"C:\\Users\\erena\\Desktop\\Nuclear Option Munitions Package\\cad\\halberd_rounded_square\\src\\halberd_r19_surface.py","parent":null,"state":"building","phase":"Meshing components","progress":[85,88],"elapsed":295.0}
{"model":"C:\\Users\\erena\\Desktop\\Nuclear Option Munitions Package\\cad\\halberd_rounded_square\\src\\halberd_r19_surface.py","parent":null,"state":"building","phase":"Meshing components","progress":[86,88],"elapsed":295.0}
{"model":"C:\\Users\\erena\\Desktop\\Nuclear Option Munitions Package\\cad\\halberd_rounded_square\\src\\halberd_r19_surface.py","parent":null,"state":"building","phase":"Meshing components","progress":[87,88],"elapsed":295.016}
{"model":"C:\\Users\\erena\\Desktop\\Nuclear Option Munitions Package\\cad\\halberd_rounded_square\\src\\halberd_r19_surface.py","parent":null,"state":"building","phase":"Meshing components","progress":[88,88],"elapsed":295.031}
{"model":"C:\\Users\\erena\\Desktop\\Nuclear Option Munitions Package\\cad\\halberd_rounded_square\\src\\halberd_r19_surface.py","parent":null,"state":"building","phase":"Writing outputs","progress":null,"elapsed":295.031}
{"model":"C:\\Users\\erena\\Desktop\\Nuclear Option Munitions Package\\cad\\halberd_rounded_square\\src\\halberd_r19_surface.py","parent":null,"state":"building","phase":"Source ready","progress":null,"elapsed":297.719}
{"model":"C:\\Users\\erena\\Desktop\\Nuclear Option Munitions Package\\cad\\halberd_rounded_square\\src\\halberd_r19_surface.py","parent":null,"state":"building","phase":"Saving STEP","progress":null,"elapsed":297.719}
{"model":"C:\\Users\\erena\\Desktop\\Nuclear Option Munitions Package\\cad\\halberd_rounded_square\\src\\halberd_r19_surface.py","parent":null,"state":"building","phase":"Collecting parts","progress":null,"elapsed":304.172}
{"model":"C:\\Users\\erena\\Desktop\\Nuclear Option Munitions Package\\cad\\halberd_rounded_square\\src\\halberd_r19_surface.py","parent":null,"state":"building","phase":"Meshing components","progress":[0,44],"elapsed":304.281}
{"model":"C:\\Users\\erena\\Desktop\\Nuclear Option Munitions Package\\cad\\halberd_rounded_square\\src\\halberd_r19_surface.py","parent":null,"state":"building","phase":"Meshing components","progress":[1,44],"elapsed":304.297}
{"model":"C:\\Users\\erena\\Desktop\\Nuclear Option Munitions Package\\cad\\halberd_rounded_square\\src\\halberd_r19_surface.py","parent":null,"state":"building","phase":"Meshing components","progress":[2,44],"elapsed":304.297}
{"model":"C:\\Users\\erena\\Desktop\\Nuclear Option Munitions Package\\cad\\halberd_rounded_square\\src\\halberd_r19_surface.py","parent":null,"state":"building","phase":"Meshing components","progress":[3,44],"elapsed":304.297}
{"model":"C:\\Users\\erena\\Desktop\\Nuclear Option Munitions Package\\cad\\halberd_rounded_square\\src\\halberd_r19_surface.py","parent":null,"state":"building","phase":"Meshing components","progress":[4,44],"elapsed":304.297}
{"model":"C:\\Users\\erena\\Desktop\\Nuclear Option Munitions Package\\cad\\halberd_rounded_square\\src\\halberd_r19_surface.py","parent":null,"state":"building","phase":"Meshing components","progress":[5,44],"elapsed":304.313}
{"model":"C:\\Users\\erena\\Desktop\\Nuclear Option Munitions Package\\cad\\halberd_rounded_square\\src\\halberd_r19_surface.py","parent":null,"state":"building","phase":"Meshing components","progress":[6,44],"elapsed":304.313}
{"model":"C:\\Users\\erena\\Desktop\\Nuclear Option Munitions Package\\cad\\halberd_rounded_square\\src\\halberd_r19_surface.py","parent":null,"state":"building","phase":"Meshing components","progress":[7,44],"elapsed":304.313}
{"model":"C:\\Users\\erena\\Desktop\\Nuclear Option Munitions Package\\cad\\halberd_rounded_square\\src\\halberd_r19_surface.py","parent":null,"state":"building","phase":"Meshing components","progress":[8,44],"elapsed":304.313}
{"model":"C:\\Users\\erena\\Desktop\\Nuclear Option Munitions Package\\cad\\halberd_rounded_square\\src\\halberd_r19_surface.py","parent":null,"state":"building","phase":"Meshing components","progress":[9,44],"elapsed":304.313}
{"model":"C:\\Users\\erena\\Desktop\\Nuclear Option Munitions Package\\cad\\halberd_rounded_square\\src\\halberd_r19_surface.py","parent":null,"state":"building","phase":"Meshing components","progress":[10,44],"elapsed":304.328}
{"model":"C:\\Users\\erena\\Desktop\\Nuclear Option Munitions Package\\cad\\halberd_rounded_square\\src\\halberd_r19_surface.py","parent":null,"state":"building","phase":"Meshing components","progress":[11,44],"elapsed":304.328}
{"model":"C:\\Users\\erena\\Desktop\\Nuclear Option Munitions Package\\cad\\halberd_rounded_square\\src\\halberd_r19_surface.py","parent":null,"state":"building","phase":"Meshing components","progress":[12,44],"elapsed":304.328}
{"model":"C:\\Users\\erena\\Desktop\\Nuclear Option Munitions Package\\cad\\halberd_rounded_square\\src\\halberd_r19_surface.py","parent":null,"state":"building","phase":"Meshing components","progress":[13,44],"elapsed":304.328}
{"model":"C:\\Users\\erena\\Desktop\\Nuclear Option Munitions Package\\cad\\halberd_rounded_square\\src\\halberd_r19_surface.py","parent":null,"state":"building","phase":"Meshing components","progress":[14,44],"elapsed":304.328}
{"model":"C:\\Users\\erena\\Desktop\\Nuclear Option Munitions Package\\cad\\halberd_rounded_square\\src\\halberd_r19_surface.py","parent":null,"state":"building","phase":"Meshing components","progress":[15,44],"elapsed":304.328}
{"model":"C:\\Users\\erena\\Desktop\\Nuclear Option Munitions Package\\cad\\halberd_rounded_square\\src\\halberd_r19_surface.py","parent":null,"state":"building","phase":"Meshing components","progress":[16,44],"elapsed":304.328}
{"model":"C:\\Users\\erena\\Desktop\\Nuclear Option Munitions Package\\cad\\halberd_rounded_square\\src\\halberd_r19_surface.py","parent":null,"state":"building","phase":"Meshing components","progress":[17,44],"elapsed":304.344}
{"model":"C:\\Users\\erena\\Desktop\\Nuclear Option Munitions Package\\cad\\halberd_rounded_square\\src\\halberd_r19_surface.py","parent":null,"state":"building","phase":"Meshing components","progress":[18,44],"elapsed":304.344}
{"model":"C:\\Users\\erena\\Desktop\\Nuclear Option Munitions Package\\cad\\halberd_rounded_square\\src\\halberd_r19_surface.py","parent":null,"state":"building","phase":"Meshing components","progress":[19,44],"elapsed":304.344}
{"model":"C:\\Users\\erena\\Desktop\\Nuclear Option Munitions Package\\cad\\halberd_rounded_square\\src\\halberd_r19_surface.py","parent":null,"state":"building","phase":"Meshing components","progress":[20,44],"elapsed":304.344}
{"model":"C:\\Users\\erena\\Desktop\\Nuclear Option Munitions Package\\cad\\halberd_rounded_square\\src\\halberd_r19_surface.py","parent":null,"state":"building","phase":"Meshing components","progress":[21,44],"elapsed":304.344}
{"model":"C:\\Users\\erena\\Desktop\\Nuclear Option Munitions Package\\cad\\halberd_rounded_square\\src\\halberd_r19_surface.py","parent":null,"state":"building","phase":"Meshing components","progress":[22,44],"elapsed":304.344}
{"model":"C:\\Users\\erena\\Desktop\\Nuclear Option Munitions Package\\cad\\halberd_rounded_square\\src\\halberd_r19_surface.py","parent":null,"state":"building","phase":"Meshing components","progress":[23,44],"elapsed":304.344}
{"model":"C:\\Users\\erena\\Desktop\\Nuclear Option Munitions Package\\cad\\halberd_rounded_square\\src\\halberd_r19_surface.py","parent":null,"state":"building","phase":"Meshing components","progress":[24,44],"elapsed":304.36}
{"model":"C:\\Users\\erena\\Desktop\\Nuclear Option Munitions Package\\cad\\halberd_rounded_square\\src\\halberd_r19_surface.py","parent":null,"state":"building","phase":"Meshing components","progress":[25,44],"elapsed":304.36}
{"model":"C:\\Users\\erena\\Desktop\\Nuclear Option Munitions Package\\cad\\halberd_rounded_square\\src\\halberd_r19_surface.py","parent":null,"state":"building","phase":"Meshing components","progress":[26,44],"elapsed":304.36}
{"model":"C:\\Users\\erena\\Desktop\\Nuclear Option Munitions Package\\cad\\halberd_rounded_square\\src\\halberd_r19_surface.py","parent":null,"state":"building","phase":"Meshing components","progress":[27,44],"elapsed":304.36}
{"model":"C:\\Users\\erena\\Desktop\\Nuclear Option Munitions Package\\cad\\halberd_rounded_square\\src\\halberd_r19_surface.py","parent":null,"state":"building","phase":"Meshing components","progress":[28,44],"elapsed":304.36}
{"model":"C:\\Users\\erena\\Desktop\\Nuclear Option Munitions Package\\cad\\halberd_rounded_square\\src\\halberd_r19_surface.py","parent":null,"state":"building","phase":"Meshing components","progress":[29,44],"elapsed":304.36}
{"model":"C:\\Users\\erena\\Desktop\\Nuclear Option Munitions Package\\cad\\halberd_rounded_square\\src\\halberd_r19_surface.py","parent":null,"state":"building","phase":"Meshing components","progress":[30,44],"elapsed":304.36}
{"model":"C:\\Users\\erena\\Desktop\\Nuclear Option Munitions Package\\cad\\halberd_rounded_square\\src\\halberd_r19_surface.py","parent":null,"state":"building","phase":"Meshing components","progress":[31,44],"elapsed":304.375}
{"model":"C:\\Users\\erena\\Desktop\\Nuclear Option Munitions Package\\cad\\halberd_rounded_square\\src\\halberd_r19_surface.py","parent":null,"state":"building","phase":"Meshing components","progress":[32,44],"elapsed":304.375}
{"model":"C:\\Users\\erena\\Desktop\\Nuclear Option Munitions Package\\cad\\halberd_rounded_square\\src\\halberd_r19_surface.py","parent":null,"state":"building","phase":"Meshing components","progress":[33,44],"elapsed":304.375}
{"model":"C:\\Users\\erena\\Desktop\\Nuclear Option Munitions Package\\cad\\halberd_rounded_square\\src\\halberd_r19_surface.py","parent":null,"state":"building","phase":"Meshing components","progress":[34,44],"elapsed":304.375}
{"model":"C:\\Users\\erena\\Desktop\\Nuclear Option Munitions Package\\cad\\halberd_rounded_square\\src\\halberd_r19_surface.py","parent":null,"state":"building","phase":"Meshing components","progress":[35,44],"elapsed":304.375}
{"model":"C:\\Users\\erena\\Desktop\\Nuclear Option Munitions Package\\cad\\halberd_rounded_square\\src\\halberd_r19_surface.py","parent":null,"state":"building","phase":"Meshing components","progress":[36,44],"elapsed":304.391}
{"model":"C:\\Users\\erena\\Desktop\\Nuclear Option Munitions Package\\cad\\halberd_rounded_square\\src\\halberd_r19_surface.py","parent":null,"state":"building","phase":"Meshing components","progress":[37,44],"elapsed":304.391}
{"model":"C:\\Users\\erena\\Desktop\\Nuclear Option Munitions Package\\cad\\halberd_rounded_square\\src\\halberd_r19_surface.py","parent":null,"state":"building","phase":"Meshing components","progress":[38,44],"elapsed":304.391}
{"model":"C:\\Users\\erena\\Desktop\\Nuclear Option Munitions Package\\cad\\halberd_rounded_square\\src\\halberd_r19_surface.py","parent":null,"state":"building","phase":"Meshing components","progress":[39,44],"elapsed":304.391}
{"model":"C:\\Users\\erena\\Desktop\\Nuclear Option Munitions Package\\cad\\halberd_rounded_square\\src\\halberd_r19_surface.py","parent":null,"state":"building","phase":"Meshing components","progress":[40,44],"elapsed":304.391}
{"model":"C:\\Users\\erena\\Desktop\\Nuclear Option Munitions Package\\cad\\halberd_rounded_square\\src\\halberd_r19_surface.py","parent":null,"state":"building","phase":"Meshing components","progress":[41,44],"elapsed":304.406}
{"model":"C:\\Users\\erena\\Desktop\\Nuclear Option Munitions Package\\cad\\halberd_rounded_square\\src\\halberd_r19_surface.py","parent":null,"state":"building","phase":"Meshing components","progress":[42,44],"elapsed":304.406}
{"model":"C:\\Users\\erena\\Desktop\\Nuclear Option Munitions Package\\cad\\halberd_rounded_square\\src\\halberd_r19_surface.py","parent":null,"state":"building","phase":"Meshing components","progress":[43,44],"elapsed":304.406}
{"model":"C:\\Users\\erena\\Desktop\\Nuclear Option Munitions Package\\cad\\halberd_rounded_square\\src\\halberd_r19_surface.py","parent":null,"state":"building","phase":"Meshing components","progress":[44,44],"elapsed":304.406}
{"model":"C:\\Users\\erena\\Desktop\\Nuclear Option Munitions Package\\cad\\halberd_rounded_square\\src\\halberd_r19_surface.py","parent":null,"state":"building","phase":"Writing outputs","progress":null,"elapsed":304.406}
{"model":"C:\\Users\\erena\\Desktop\\Nuclear Option Munitions Package\\cad\\halberd_rounded_square\\src\\halberd_r19_surface.py","parent":null,"state":"building","phase":"STEP saved","progress":null,"elapsed":306.422}
{"model":"C:\\Users\\erena\\Desktop\\Nuclear Option Munitions Package\\cad\\halberd_rounded_square\\src\\halberd_r19_surface.py","parent":null,"state":"done","phase":"STEP saved","progress":null,"elapsed":306.539}
[cadgen] wrote STEP: STEP/halberd_r19_surface.step
built STEP/halberd_r19_surface.step
