{"model":"C:\\Users\\erena\\Desktop\\Nuclear Option Munitions Package\\cad\\halberd_rounded_square\\src\\halberd_r19_surface_proto.py","parent":null,"state":"building","phase":"generate","progress":null,"elapsed":0.0}
{"model":"C:\\Users\\erena\\Desktop\\Nuclear Option Munitions Package\\cad\\halberd_rounded_square\\src\\halberd_r19_surface_proto.py","parent":null,"state":"building","phase":"Building geometry","progress":null,"elapsed":0.063}
{"model":"C:\\Users\\erena\\Desktop\\Nuclear Option Munitions Package\\cad\\halberd_rounded_square\\src\\halberd_r19_surface_proto.py","parent":null,"state":"building","phase":"Collecting parts","progress":null,"elapsed":35.625}
{"model":"C:\\Users\\erena\\Desktop\\Nuclear Option Munitions Package\\cad\\halberd_rounded_square\\src\\halberd_r19_surface_proto.py","parent":null,"state":"building","phase":"Meshing components","progress":[0,13],"elapsed":35.688}
{"model":"C:\\Users\\erena\\Desktop\\Nuclear Option Munitions Package\\cad\\halberd_rounded_square\\src\\halberd_r19_surface_proto.py","parent":null,"state":"building","phase":"Meshing components","progress":[1,13],"elapsed":35.703}
{"model":"C:\\Users\\erena\\Desktop\\Nuclear Option Munitions Package\\cad\\halberd_rounded_square\\src\\halberd_r19_surface_proto.py","parent":null,"state":"building","phase":"Meshing components","progress":[2,13],"elapsed":35.703}
{"model":"C:\\Users\\erena\\Desktop\\Nuclear Option Munitions Package\\cad\\halberd_rounded_square\\src\\halberd_r19_surface_proto.py","parent":null,"state":"building","phase":"Meshing components","progress":[3,13],"elapsed":35.703}
{"model":"C:\\Users\\erena\\Desktop\\Nuclear Option Munitions Package\\cad\\halberd_rounded_square\\src\\halberd_r19_surface_proto.py","parent":null,"state":"building","phase":"Meshing components","progress":[4,13],"elapsed":35.703}
{"model":"C:\\Users\\erena\\Desktop\\Nuclear Option Munitions Package\\cad\\halberd_rounded_square\\src\\halberd_r19_surface_proto.py","parent":null,"state":"building","phase":"Meshing components","progress":[5,13],"elapsed":35.703}
{"model":"C:\\Users\\erena\\Desktop\\Nuclear Option Munitions Package\\cad\\halberd_rounded_square\\src\\halberd_r19_surface_proto.py","parent":null,"state":"building","phase":"Meshing components","progress":[6,13],"elapsed":35.703}
{"model":"C:\\Users\\erena\\Desktop\\Nuclear Option Munitions Package\\cad\\halberd_rounded_square\\src\\halberd_r19_surface_proto.py","parent":null,"state":"building","phase":"Meshing components","progress":[7,13],"elapsed":35.703}
{"model":"C:\\Users\\erena\\Desktop\\Nuclear Option Munitions Package\\cad\\halberd_rounded_square\\src\\halberd_r19_surface_proto.py","parent":null,"state":"building","phase":"Meshing components","progress":[8,13],"elapsed":35.719}
{"model":"C:\\Users\\erena\\Desktop\\Nuclear Option Munitions Package\\cad\\halberd_rounded_square\\src\\halberd_r19_surface_proto.py","parent":null,"state":"building","phase":"Meshing components","progress":[9,13],"elapsed":35.719}
{"model":"C:\\Users\\erena\\Desktop\\Nuclear Option Munitions Package\\cad\\halberd_rounded_square\\src\\halberd_r19_surface_proto.py","parent":null,"state":"building","phase":"Meshing components","progress":[10,13],"elapsed":35.719}
{"model":"C:\\Users\\erena\\Desktop\\Nuclear Option Munitions Package\\cad\\halberd_rounded_square\\src\\halberd_r19_surface_proto.py","parent":null,"state":"building","phase":"Meshing components","progress":[11,13],"elapsed":35.719}
{"model":"C:\\Users\\erena\\Desktop\\Nuclear Option Munitions Package\\cad\\halberd_rounded_square\\src\\halberd_r19_surface_proto.py","parent":null,"state":"building","phase":"Meshing components","progress":[12,13],"elapsed":35.719}
{"model":"C:\\Users\\erena\\Desktop\\Nuclear Option Munitions Package\\cad\\halberd_rounded_square\\src\\halberd_r19_surface_proto.py","parent":null,"state":"building","phase":"Meshing components","progress":[13,13],"elapsed":35.719}
{"model":"C:\\Users\\erena\\Desktop\\Nuclear Option Munitions Package\\cad\\halberd_rounded_square\\src\\halberd_r19_surface_proto.py","parent":null,"state":"building","phase":"Writing outputs","progress":null,"elapsed":35.719}
{"model":"C:\\Users\\erena\\Desktop\\Nuclear Option Munitions Package\\cad\\halberd_rounded_square\\src\\halberd_r19_surface_proto.py","parent":null,"state":"building","phase":"Source ready","progress":null,"elapsed":35.828}
{"model":"C:\\Users\\erena\\Desktop\\Nuclear Option Munitions Package\\cad\\halberd_rounded_square\\src\\halberd_r19_surface_proto.py","parent":null,"state":"building","phase":"Saving STEP","progress":null,"elapsed":35.828}
{"model":"C:\\Users\\erena\\Desktop\\Nuclear Option Munitions Package\\cad\\halberd_rounded_square\\src\\halberd_r19_surface_proto.py","parent":null,"state":"building","phase":"STEP saved","progress":null,"elapsed":38.813}
{"model":"C:\\Users\\erena\\Desktop\\Nuclear Option Munitions Package\\cad\\halberd_rounded_square\\src\\halberd_r19_surface_proto.py","parent":null,"state":"done","phase":"STEP saved","progress":null,"elapsed":38.86}
[cadgen] wrote STEP: STEP/halberd_r19_surface_proto_forward.step
built STEP/halberd_r19_surface_proto_forward.step
